Archive member included to satisfy reference by file (symbol)

f:/work/arm-none-eabi-gcc/gcc-arm-none-eabi-10.3-2021.10-win32/gcc-arm-none-eabi-10.3-2021.10/bin/../lib/gcc/arm-none-eabi/10.3.1/thumb/v7e-m/nofp\libgcc.a(_arm_mulsf3.o)
                              CMakeFiles/9268+S15909.elf.dir/Core/Src/system_stm32h7xx.c.obj (__aeabi_fmul)
f:/work/arm-none-eabi-gcc/gcc-arm-none-eabi-10.3-2021.10-win32/gcc-arm-none-eabi-10.3-2021.10/bin/../lib/gcc/arm-none-eabi/10.3.1/thumb/v7e-m/nofp\libgcc.a(_arm_addsubsf3.o)
                              CMakeFiles/9268+S15909.elf.dir/Core/Src/system_stm32h7xx.c.obj (__aeabi_fadd)
f:/work/arm-none-eabi-gcc/gcc-arm-none-eabi-10.3-2021.10-win32/gcc-arm-none-eabi-10.3-2021.10/bin/../lib/gcc/arm-none-eabi/10.3.1/thumb/v7e-m/nofp\libgcc.a(_arm_muldivsf3.o)
                              CMakeFiles/9268+S15909.elf.dir/Core/Src/system_stm32h7xx.c.obj (__aeabi_fdiv)
f:/work/arm-none-eabi-gcc/gcc-arm-none-eabi-10.3-2021.10-win32/gcc-arm-none-eabi-10.3-2021.10/bin/../lib/gcc/arm-none-eabi/10.3.1/thumb/v7e-m/nofp\libgcc.a(_arm_fixunssfsi.o)
                              CMakeFiles/9268+S15909.elf.dir/Core/Src/system_stm32h7xx.c.obj (__aeabi_f2uiz)
f:/work/arm-none-eabi-gcc/gcc-arm-none-eabi-10.3-2021.10-win32/gcc-arm-none-eabi-10.3-2021.10/bin/../lib/gcc/arm-none-eabi/10.3.1/thumb/v7e-m/nofp\libgcc.a(_aeabi_uldivmod.o)
                              CMakeFiles/9268+S15909.elf.dir/Drivers/STM32H7xx_HAL_Driver/Src/stm32h7xx_hal_uart.c.obj (__aeabi_uldivmod)
f:/work/arm-none-eabi-gcc/gcc-arm-none-eabi-10.3-2021.10-win32/gcc-arm-none-eabi-10.3-2021.10/bin/../lib/gcc/arm-none-eabi/10.3.1/thumb/v7e-m/nofp\libgcc.a(_udivmoddi4.o)
                              f:/work/arm-none-eabi-gcc/gcc-arm-none-eabi-10.3-2021.10-win32/gcc-arm-none-eabi-10.3-2021.10/bin/../lib/gcc/arm-none-eabi/10.3.1/thumb/v7e-m/nofp\libgcc.a(_aeabi_uldivmod.o) (__udivmoddi4)
f:/work/arm-none-eabi-gcc/gcc-arm-none-eabi-10.3-2021.10-win32/gcc-arm-none-eabi-10.3-2021.10/bin/../lib/gcc/arm-none-eabi/10.3.1/thumb/v7e-m/nofp\libgcc.a(_dvmd_tls.o)
                              f:/work/arm-none-eabi-gcc/gcc-arm-none-eabi-10.3-2021.10-win32/gcc-arm-none-eabi-10.3-2021.10/bin/../lib/gcc/arm-none-eabi/10.3.1/thumb/v7e-m/nofp\libgcc.a(_aeabi_uldivmod.o) (__aeabi_ldiv0)
f:/work/arm-none-eabi-gcc/gcc-arm-none-eabi-10.3-2021.10-win32/gcc-arm-none-eabi-10.3-2021.10/bin/../lib/gcc/arm-none-eabi/10.3.1/../../../../arm-none-eabi/lib/thumb/v7e-m/nofp\libg.a(lib_a-errno.o)
                              CMakeFiles/9268+S15909.elf.dir/Core/Src/Retarget.c.obj (__errno)
f:/work/arm-none-eabi-gcc/gcc-arm-none-eabi-10.3-2021.10-win32/gcc-arm-none-eabi-10.3-2021.10/bin/../lib/gcc/arm-none-eabi/10.3.1/../../../../arm-none-eabi/lib/thumb/v7e-m/nofp\libg.a(lib_a-exit.o)
                              f:/work/arm-none-eabi-gcc/gcc-arm-none-eabi-10.3-2021.10-win32/gcc-arm-none-eabi-10.3-2021.10/bin/../lib/gcc/arm-none-eabi/10.3.1/../../../../arm-none-eabi/lib/thumb/v7e-m/nofp/crt0.o (exit)
f:/work/arm-none-eabi-gcc/gcc-arm-none-eabi-10.3-2021.10-win32/gcc-arm-none-eabi-10.3-2021.10/bin/../lib/gcc/arm-none-eabi/10.3.1/../../../../arm-none-eabi/lib/thumb/v7e-m/nofp\libg.a(lib_a-impure.o)
                              f:/work/arm-none-eabi-gcc/gcc-arm-none-eabi-10.3-2021.10-win32/gcc-arm-none-eabi-10.3-2021.10/bin/../lib/gcc/arm-none-eabi/10.3.1/../../../../arm-none-eabi/lib/thumb/v7e-m/nofp\libg.a(lib_a-exit.o) (_global_impure_ptr)
f:/work/arm-none-eabi-gcc/gcc-arm-none-eabi-10.3-2021.10-win32/gcc-arm-none-eabi-10.3-2021.10/bin/../lib/gcc/arm-none-eabi/10.3.1/../../../../arm-none-eabi/lib/thumb/v7e-m/nofp\libg.a(lib_a-init.o)
                              f:/work/arm-none-eabi-gcc/gcc-arm-none-eabi-10.3-2021.10-win32/gcc-arm-none-eabi-10.3-2021.10/bin/../lib/gcc/arm-none-eabi/10.3.1/../../../../arm-none-eabi/lib/thumb/v7e-m/nofp/crt0.o (__libc_init_array)
f:/work/arm-none-eabi-gcc/gcc-arm-none-eabi-10.3-2021.10-win32/gcc-arm-none-eabi-10.3-2021.10/bin/../lib/gcc/arm-none-eabi/10.3.1/../../../../arm-none-eabi/lib/thumb/v7e-m/nofp\libg.a(lib_a-memcpy.o)
                              CMakeFiles/9268+S15909.elf.dir/Core/Src/main.c.obj (memcpy)
f:/work/arm-none-eabi-gcc/gcc-arm-none-eabi-10.3-2021.10-win32/gcc-arm-none-eabi-10.3-2021.10/bin/../lib/gcc/arm-none-eabi/10.3.1/../../../../arm-none-eabi/lib/thumb/v7e-m/nofp\libg.a(lib_a-memset.o)
                              f:/work/arm-none-eabi-gcc/gcc-arm-none-eabi-10.3-2021.10-win32/gcc-arm-none-eabi-10.3-2021.10/bin/../lib/gcc/arm-none-eabi/10.3.1/../../../../arm-none-eabi/lib/thumb/v7e-m/nofp/crt0.o (memset)
f:/work/arm-none-eabi-gcc/gcc-arm-none-eabi-10.3-2021.10-win32/gcc-arm-none-eabi-10.3-2021.10/bin/../lib/gcc/arm-none-eabi/10.3.1/../../../../arm-none-eabi/lib/thumb/v7e-m/nofp\libg.a(lib_a-printf.o)
                              CMakeFiles/9268+S15909.elf.dir/Core/Src/AD9268.c.obj (printf)
[...]
Memory Configuration

Name             Origin             Length             Attributes
FLASH            0x08000000         0x00020000         xr
DTCMRAM          0x20000000         0x00020000         xrw
RAM_D1           0x24000000         0x00080000         xrw
RAM_D2           0x30000000         0x00048000         xrw
RAM_D3           0x38000000         0x00010000         xrw
ITCMRAM          0x00000000         0x00010000         xrw
*default*        0x00000000         0xffffffff

Linker script and memory map

LOAD f:/work/arm-none-eabi-gcc/gcc-arm-none-eabi-10.3-2021.10-win32/gcc-arm-none-eabi-10.3-2021.10/bin/../lib/gcc/arm-none-eabi/10.3.1/thumb/v7e-m/nofp/crti.o
LOAD f:/work/arm-none-eabi-gcc/gcc-arm-none-eabi-10.3-2021.10-win32/gcc-arm-none-eabi-10.3-2021.10/bin/../lib/gcc/arm-none-eabi/10.3.1/thumb/v7e-m/nofp/crtbegin.o
LOAD f:/work/arm-none-eabi-gcc/gcc-arm-none-eabi-10.3-2021.10-win32/gcc-arm-none-eabi-10.3-2021.10/bin/../lib/gcc/arm-none-eabi/10.3.1/../../../../arm-none-eabi/lib/thumb/v7e-m/nofp/crt0.o
LOAD CMakeFiles/9268+S15909.elf.dir/Core/Src/AD9268.c.obj
LOAD CMakeFiles/9268+S15909.elf.dir/Core/Src/Retarget.c.obj
LOAD CMakeFiles/9268+S15909.elf.dir/Core/Src/dma.c.obj
LOAD CMakeFiles/9268+S15909.elf.dir/Core/Src/gpio.c.obj
LOAD CMakeFiles/9268+S15909.elf.dir/Core/Src/main.c.obj
LOAD CMakeFiles/9268+S15909.elf.dir/Core/Src/spi.c.obj
LOAD CMakeFiles/9268+S15909.elf.dir/Core/Src/stm32h7xx_hal_msp.c.obj
LOAD CMakeFiles/9268+S15909.elf.dir/Core/Src/stm32h7xx_it.c.obj
LOAD CMakeFiles/9268+S15909.elf.dir/Core/Src/syscalls.c.obj
LOAD CMakeFiles/9268+S15909.elf.dir/Core/Src/sysmem.c.obj
LOAD CMakeFiles/9268+S15909.elf.dir/Core/Src/system_stm32h7xx.c.obj
LOAD CMakeFiles/9268+S15909.elf.dir/Core/Src/tim.c.obj
LOAD CMakeFiles/9268+S15909.elf.dir/Core/Src/usart.c.obj
LOAD CMakeFiles/9268+S15909.elf.dir/Core/Startup/startup_stm32h750vbtx.s.obj
LOAD CMakeFiles/9268+S15909.elf.dir/Drivers/STM32H7xx_HAL_Driver/Src/stm32h7xx_hal.c.obj
LOAD CMakeFiles/9268+S15909.elf.dir/Drivers/STM32H7xx_HAL_Driver/Src/stm32h7xx_hal_cortex.c.obj
LOAD CMakeFiles/9268+S15909.elf.dir/Drivers/STM32H7xx_HAL_Driver/Src/stm32h7xx_hal_dma.c.obj
LOAD CMakeFiles/9268+S15909.elf.dir/Drivers/STM32H7xx_HAL_Driver/Src/stm32h7xx_hal_dma_ex.c.obj
LOAD CMakeFiles/9268+S15909.elf.dir/Drivers/STM32H7xx_HAL_Driver/Src/stm32h7xx_hal_exti.c.obj
LOAD CMakeFiles/9268+S15909.elf.dir/Drivers/STM32H7xx_HAL_Driver/Src/stm32h7xx_hal_flash.c.obj
LOAD CMakeFiles/9268+S15909.elf.dir/Drivers/STM32H7xx_HAL_Driver/Src/stm32h7xx_hal_flash_ex.c.obj
LOAD CMakeFiles/9268+S15909.elf.dir/Drivers/STM32H7xx_HAL_Driver/Src/stm32h7xx_hal_gpio.c.obj
LOAD CMakeFiles/9268+S15909.elf.dir/Drivers/STM32H7xx_HAL_Driver/Src/stm32h7xx_hal_hsem.c.obj
LOAD CMakeFiles/9268+S15909.elf.dir/Drivers/STM32H7xx_HAL_Driver/Src/stm32h7xx_hal_i2c.c.obj
LOAD CMakeFiles/9268+S15909.elf.dir/Drivers/STM32H7xx_HAL_Driver/Src/stm32h7xx_hal_i2c_ex.c.obj
LOAD CMakeFiles/9268+S15909.elf.dir/Drivers/STM32H7xx_HAL_Driver/Src/stm32h7xx_hal_mdma.c.obj
LOAD CMakeFiles/9268+S15909.elf.dir/Drivers/STM32H7xx_HAL_Driver/Src/stm32h7xx_hal_pwr.c.obj
LOAD CMakeFiles/9268+S15909.elf.dir/Drivers/STM32H7xx_HAL_Driver/Src/stm32h7xx_hal_pwr_ex.c.obj
LOAD CMakeFiles/9268+S15909.elf.dir/Drivers/STM32H7xx_HAL_Driver/Src/stm32h7xx_hal_rcc.c.obj
LOAD CMakeFiles/9268+S15909.elf.dir/Drivers/STM32H7xx_HAL_Driver/Src/stm32h7xx_hal_rcc_ex.c.obj
LOAD CMakeFiles/9268+S15909.elf.dir/Drivers/STM32H7xx_HAL_Driver/Src/stm32h7xx_hal_spi.c.obj
LOAD CMakeFiles/9268+S15909.elf.dir/Drivers/STM32H7xx_HAL_Driver/Src/stm32h7xx_hal_spi_ex.c.obj
LOAD CMakeFiles/9268+S15909.elf.dir/Drivers/STM32H7xx_HAL_Driver/Src/stm32h7xx_hal_tim.c.obj
LOAD CMakeFiles/9268+S15909.elf.dir/Drivers/STM32H7xx_HAL_Driver/Src/stm32h7xx_hal_tim_ex.c.obj
LOAD CMakeFiles/9268+S15909.elf.dir/Drivers/STM32H7xx_HAL_Driver/Src/stm32h7xx_hal_uart.c.obj
LOAD CMakeFiles/9268+S15909.elf.dir/Drivers/STM32H7xx_HAL_Driver/Src/stm32h7xx_hal_uart_ex.c.obj
START GROUP
LOAD f:/work/arm-none-eabi-gcc/gcc-arm-none-eabi-10.3-2021.10-win32/gcc-arm-none-eabi-10.3-2021.10/bin/../lib/gcc/arm-none-eabi/10.3.1/thumb/v7e-m/nofp\libgcc.a
LOAD f:/work/arm-none-eabi-gcc/gcc-arm-none-eabi-10.3-2021.10-win32/gcc-arm-none-eabi-10.3-2021.10/bin/../lib/gcc/arm-none-eabi/10.3.1/../../../../arm-none-eabi/lib/thumb/v7e-m/nofp\libg.a
LOAD f:/work/arm-none-eabi-gcc/gcc-arm-none-eabi-10.3-2021.10-win32/gcc-arm-none-eabi-10.3-2021.10/bin/../lib/gcc/arm-none-eabi/10.3.1/../../../../arm-none-eabi/lib/thumb/v7e-m/nofp\libc.a
END GROUP
LOAD f:/work/arm-none-eabi-gcc/gcc-arm-none-eabi-10.3-2021.10-win32/gcc-arm-none-eabi-10.3-2021.10/bin/../lib/gcc/arm-none-eabi/10.3.1/thumb/v7e-m/nofp/crtend.o
LOAD f:/work/arm-none-eabi-gcc/gcc-arm-none-eabi-10.3-2021.10-win32/gcc-arm-none-eabi-10.3-2021.10/bin/../lib/gcc/arm-none-eabi/10.3.1/thumb/v7e-m/nofp/crtn.o
                0x24080000                _estack = (ORIGIN (RAM_D1) + LENGTH (RAM_D1))
                0x00000400                _Min_Heap_Size = 0x400
                0x00000400                _Min_Stack_Size = 0x400

.isr_vector     0x08000000      0x298
                0x08000000                . = ALIGN (0x4)
 *(.isr_vector)
 .isr_vector    0x08000000      0x298 CMakeFiles/9268+S15909.elf.dir/Core/Startup/startup_stm32h750vbtx.s.obj
                0x08000000                g_pfnVectors
                0x08000298                . = ALIGN (0x4)

.text           0x080002c0     0xef38
                0x080002c0                . = ALIGN (0x4)
 *(.text)
 .text          0x080002c0       0x40 f:/work/arm-none-eabi-gcc/gcc-arm-none-eabi-10.3-2021.10-win32/gcc-arm-none-eabi-10.3-2021.10/bin/../lib/gcc/arm-none-eabi/10.3.1/thumb/v7e-m/nofp/crtbegin.o
 .text          0x08000300      0x21c f:/work/arm-none-eabi-gcc/gcc-arm-none-eabi-10.3-2021.10-win32/gcc-arm-none-eabi-10.3-2021.10/bin/../lib/gcc/arm-none-eabi/10.3.1/thumb/v7e-m/nofp\libgcc.a(_arm_addsubsf3.o)
                0x08000300                __aeabi_frsub
                0x08000308                __subsf3
                0x08000308                __aeabi_fsub
                0x0800030c                __aeabi_fadd
                0x0800030c                __addsf3
                0x0800046c                __aeabi_ui2f
                0x0800046c                __floatunsisf
                0x08000474                __aeabi_i2f
                0x08000474                __floatsisf
                0x08000490                __aeabi_ul2f
                0x08000490                __floatundisf
                0x080004a0                __aeabi_l2f
                0x080004a0                __floatdisf
 .text          0x0800051c      0x2a0 f:/work/arm-none-eabi-gcc/gcc-arm-none-eabi-10.3-2021.10-win32/gcc-arm-none-eabi-10.3-2021.10/bin/../lib/gcc/arm-none-eabi/10.3.1/thumb/v7e-m/nofp\libgcc.a(_arm_muldivsf3.o)
                0x0800051c                __mulsf3
                0x0800051c                __aeabi_fmul
                0x08000684                __aeabi_fdiv
                0x08000684                __divsf3
 .text          0x080007bc       0x40 f:/work/arm-none-eabi-gcc/gcc-arm-none-eabi-10.3-2021.10-win32/gcc-arm-none-eabi-10.3-2021.10/bin/../lib/gcc/arm-none-eabi/10.3.1/thumb/v7e-m/nofp\libgcc.a(_arm_fixunssfsi.o)
                0x080007bc                __fixunssfsi
                0x080007bc                __aeabi_f2uiz
 .text          0x080007fc       0x30 f:/work/arm-none-eabi-gcc/gcc-arm-none-eabi-10.3-2021.10-win32/gcc-arm-none-eabi-10.3-2021.10/bin/../lib/gcc/arm-none-eabi/10.3.1/thumb/v7e-m/nofp\libgcc.a(_aeabi_uldivmod.o)
                0x080007fc                __aeabi_uldivmod
 .text          0x0800082c      0x2d0 f:/work/arm-none-eabi-gcc/gcc-arm-none-eabi-10.3-2021.10-win32/gcc-arm-none-eabi-10.3-2021.10/bin/../lib/gcc/arm-none-eabi/10.3.1/thumb/v7e-m/nofp\libgcc.a(_udivmoddi4.o)
                0x0800082c                __udivmoddi4
 .text          0x08000afc        0x4 f:/work/arm-none-eabi-gcc/gcc-arm-none-eabi-10.3-2021.10-win32/gcc-arm-none-eabi-10.3-2021.10/bin/../lib/gcc/arm-none-eabi/10.3.1/thumb/v7e-m/nofp\libgcc.a(_dvmd_tls.o)
                0x08000afc                __aeabi_idiv0
                0x08000afc                __aeabi_ldiv0
 .text          0x08000b00      0x134 f:/work/arm-none-eabi-gcc/gcc-arm-none-eabi-10.3-2021.10-win32/gcc-arm-none-eabi-10.3-2021.10/bin/../lib/gcc/arm-none-eabi/10.3.1/../../../../arm-none-eabi/lib/thumb/v7e-m/nofp\libg.a(lib_a-memcpy.o)
                0x08000b00                memcpy
 *fill*         0x08000c34        0xc 
 .text          0x08000c40       0xdc f:/work/arm-none-eabi-gcc/gcc-arm-none-eabi-10.3-2021.10-win32/gcc-arm-none-eabi-10.3-2021.10/bin/../lib/gcc/arm-none-eabi/10.3.1/../../../../arm-none-eabi/lib/thumb/v7e-m/nofp\libg.a(lib_a-strlen.o)
                0x08000c40                strlen
 *fill*         0x08000d1c        0x4 
 .text          0x08000d20       0xa0 f:/work/arm-none-eabi-gcc/gcc-arm-none-eabi-10.3-2021.10-win32/gcc-arm-none-eabi-10.3-2021.10/bin/../lib/gcc/arm-none-eabi/10.3.1/../../../../arm-none-eabi/lib/thumb/v7e-m/nofp\libg.a(lib_a-memchr.o)
                0x08000d20                memchr
 .text          0x08000dc0      0x378 f:/work/arm-none-eabi-gcc/gcc-arm-none-eabi-10.3-2021.10-win32/gcc-arm-none-eabi-10.3-2021.10/bin/../lib/gcc/arm-none-eabi/10.3.1/thumb/v7e-m/nofp\libgcc.a(_arm_addsubdf3.o)
                0x08000dc0                __aeabi_drsub
                0x08000dc8                __aeabi_dsub
                0x08000dc8                __subdf3
                0x08000dcc                __aeabi_dadd
                0x08000dcc                __adddf3
                0x08001044                __floatunsidf
                0x08001044                __aeabi_ui2d
                0x08001064                __floatsidf
                0x08001064                __aeabi_i2d
                0x08001088                __aeabi_f2d
                0x08001088                __extendsfdf2
                0x080010cc                __floatundidf
                0x080010cc                __aeabi_ul2d
                0x080010dc                __floatdidf
                0x080010dc                __aeabi_l2d
 .text          0x08001138      0x424 f:/work/arm-none-eabi-gcc/gcc-arm-none-eabi-10.3-2021.10-win32/gcc-arm-none-eabi-10.3-2021.10/bin/../lib/gcc/arm-none-eabi/10.3.1/thumb/v7e-m/nofp\libgcc.a(_arm_muldivdf3.o)
                0x08001138                __aeabi_dmul
                0x08001138                __muldf3
                0x0800138c                __divdf3
                0x0800138c                __aeabi_ddiv
 .text          0x0800155c      0x110 f:/work/arm-none-eabi-gcc/gcc-arm-none-eabi-10.3-2021.10-win32/gcc-arm-none-eabi-10.3-2021.10/bin/../lib/gcc/arm-none-eabi/10.3.1/thumb/v7e-m/nofp\libgcc.a(_arm_cmpdf2.o)
                0x0800155c                __gtdf2
                0x0800155c                __gedf2
                0x08001564                __ltdf2
                0x08001564                __ledf2
                0x0800156c                __nedf2
                0x0800156c                __eqdf2
                0x0800156c                __cmpdf2
                0x080015e8                __aeabi_cdrcmple
                0x080015f8                __aeabi_cdcmpeq
                0x080015f8                __aeabi_cdcmple
                0x08001608                __aeabi_dcmpeq
                0x0800161c                __aeabi_dcmplt
                0x08001630                __aeabi_dcmple
                0x08001644                __aeabi_dcmpge
                0x08001658                __aeabi_dcmpgt
 .text          0x0800166c       0x2c f:/work/arm-none-eabi-gcc/gcc-arm-none-eabi-10.3-2021.10-win32/gcc-arm-none-eabi-10.3-2021.10/bin/../lib/gcc/arm-none-eabi/10.3.1/thumb/v7e-m/nofp\libgcc.a(_arm_unorddf2.o)
                0x0800166c                __unorddf2
                0x0800166c                __aeabi_dcmpun
 .text          0x08001698       0x50 f:/work/arm-none-eabi-gcc/gcc-arm-none-eabi-10.3-2021.10-win32/gcc-arm-none-eabi-10.3-2021.10/bin/../lib/gcc/arm-none-eabi/10.3.1/thumb/v7e-m/nofp\libgcc.a(_arm_fixdfsi.o)
                0x08001698                __aeabi_d2iz
                0x08001698                __fixdfsi
 *(.text*)
 .text.SPI1_WriteBytes
                0x080016e8       0x54 CMakeFiles/9268+S15909.elf.dir/Core/Src/AD9268.c.obj
                0x080016e8                SPI1_WriteBytes
 .text.delay_us
                0x0800173c       0x74 CMakeFiles/9268+S15909.elf.dir/Core/Src/AD9268.c.obj
                0x0800173c                delay_us
 .text.SPI1_ReadBytes
                0x080017b0       0xa0 CMakeFiles/9268+S15909.elf.dir/Core/Src/AD9268.c.obj
                0x080017b0                SPI1_ReadBytes
 .text.AD9268_WriteByte
                0x08001850       0x3c CMakeFiles/9268+S15909.elf.dir/Core/Src/AD9268.c.obj
                0x08001850                AD9268_WriteByte
 .text.Init_AD9268
                0x0800188c      0x1cc CMakeFiles/9268+S15909.elf.dir/Core/Src/AD9268.c.obj
                0x0800188c                Init_AD9268
 .text.RetargetInit
                0x08001a58       0x20 CMakeFiles/9268+S15909.elf.dir/Core/Src/Retarget.c.obj
                0x08001a58                RetargetInit
 .text._isatty  0x08001a78       0x16 CMakeFiles/9268+S15909.elf.dir/Core/Src/Retarget.c.obj
                0x08001a78                _isatty
 *fill*         0x08001a8e        0x2 
 .text._write   0x08001a90       0x34 CMakeFiles/9268+S15909.elf.dir/Core/Src/Retarget.c.obj
                0x08001a90                _write
 .text._close   0x08001ac4       0x18 CMakeFiles/9268+S15909.elf.dir/Core/Src/Retarget.c.obj
                0x08001ac4                _close
 .text._lseek   0x08001adc       0x10 CMakeFiles/9268+S15909.elf.dir/Core/Src/Retarget.c.obj
                0x08001adc                _lseek
 .text._read    0x08001aec       0x30 CMakeFiles/9268+S15909.elf.dir/Core/Src/Retarget.c.obj
                0x08001aec                _read
 .text._fstat   0x08001b1c       0x1a CMakeFiles/9268+S15909.elf.dir/Core/Src/Retarget.c.obj
                0x08001b1c                _fstat
 *fill*         0x08001b36        0x2 
 .text.MX_DMA_Init
                0x08001b38       0x38 CMakeFiles/9268+S15909.elf.dir/Core/Src/dma.c.obj
                0x08001b38                MX_DMA_Init
 .text.MX_GPIO_Init
                0x08001b70       0xfc CMakeFiles/9268+S15909.elf.dir/Core/Src/gpio.c.obj
                0x08001b70                MX_GPIO_Init
 .text.Error_Handler
                0x08001c6c        0x4 CMakeFiles/9268+S15909.elf.dir/Core/Src/main.c.obj
                0x08001c6c                Error_Handler
 .text.SystemClock_Config
                0x08001c70      0x118 CMakeFiles/9268+S15909.elf.dir/Core/Src/main.c.obj
                0x08001c70                SystemClock_Config
 .text.PeriphCommonClock_Config
                0x08001d88       0x2a CMakeFiles/9268+S15909.elf.dir/Core/Src/main.c.obj
                0x08001d88                PeriphCommonClock_Config
 *fill*         0x08001db2        0x2 
 .text.main     0x08001db4      0x12c CMakeFiles/9268+S15909.elf.dir/Core/Src/main.c.obj
                0x08001db4                main
 .text.MX_SPI1_Init
                0x08001ee0       0x5c CMakeFiles/9268+S15909.elf.dir/Core/Src/spi.c.obj
                0x08001ee0                MX_SPI1_Init
 .text.HAL_SPI_MspInit
                0x08001f3c       0xd0 CMakeFiles/9268+S15909.elf.dir/Core/Src/spi.c.obj
                0x08001f3c                HAL_SPI_MspInit
 .text.HAL_MspInit
                0x0800200c       0x24 CMakeFiles/9268+S15909.elf.dir/Core/Src/stm32h7xx_hal_msp.c.obj
                0x0800200c                HAL_MspInit
 .text.NMI_Handler
                0x08002030        0x2 CMakeFiles/9268+S15909.elf.dir/Core/Src/stm32h7xx_it.c.obj
                0x08002030                NMI_Handler
 .text.HardFault_Handler
                0x08002032        0x2 CMakeFiles/9268+S15909.elf.dir/Core/Src/stm32h7xx_it.c.obj
                0x08002032                HardFault_Handler
 .text.MemManage_Handler
                0x08002034        0x2 CMakeFiles/9268+S15909.elf.dir/Core/Src/stm32h7xx_it.c.obj
                0x08002034                MemManage_Handler
 .text.BusFault_Handler
                0x08002036        0x2 CMakeFiles/9268+S15909.elf.dir/Core/Src/stm32h7xx_it.c.obj
                0x08002036                BusFault_Handler
 .text.UsageFault_Handler
                0x08002038        0x2 CMakeFiles/9268+S15909.elf.dir/Core/Src/stm32h7xx_it.c.obj
                0x08002038                UsageFault_Handler
 .text.SVC_Handler
                0x0800203a        0x2 CMakeFiles/9268+S15909.elf.dir/Core/Src/stm32h7xx_it.c.obj
                0x0800203a                SVC_Handler
 .text.DebugMon_Handler
                0x0800203c        0x2 CMakeFiles/9268+S15909.elf.dir/Core/Src/stm32h7xx_it.c.obj
                0x0800203c                DebugMon_Handler
 .text.PendSV_Handler
                0x0800203e        0x2 CMakeFiles/9268+S15909.elf.dir/Core/Src/stm32h7xx_it.c.obj
                0x0800203e                PendSV_Handler
 .text.SysTick_Handler
                0x08002040        0x8 CMakeFiles/9268+S15909.elf.dir/Core/Src/stm32h7xx_it.c.obj
                0x08002040                SysTick_Handler
 .text.DMA1_Stream0_IRQHandler
                0x08002048       0x10 CMakeFiles/9268+S15909.elf.dir/Core/Src/stm32h7xx_it.c.obj
                0x08002048                DMA1_Stream0_IRQHandler
 .text.USART1_IRQHandler
                0x08002058       0x10 CMakeFiles/9268+S15909.elf.dir/Core/Src/stm32h7xx_it.c.obj
                0x08002058                USART1_IRQHandler
 .text._getpid  0x08002068        0x4 CMakeFiles/9268+S15909.elf.dir/Core/Src/syscalls.c.obj
                0x08002068                _getpid
 .text._kill    0x0800206c       0x10 CMakeFiles/9268+S15909.elf.dir/Core/Src/syscalls.c.obj
                0x0800206c                _kill
 .text._exit    0x0800207c        0xc CMakeFiles/9268+S15909.elf.dir/Core/Src/syscalls.c.obj
                0x0800207c                _exit
 .text._sbrk    0x08002088       0x48 CMakeFiles/9268+S15909.elf.dir/Core/Src/sysmem.c.obj
                0x08002088                _sbrk
 .text.SystemInit
                0x080020d0       0xbc CMakeFiles/9268+S15909.elf.dir/Core/Src/system_stm32h7xx.c.obj
                0x080020d0                SystemInit
 .text.MX_TIM1_Init
                0x0800218c       0xb8 CMakeFiles/9268+S15909.elf.dir/Core/Src/tim.c.obj
                0x0800218c                MX_TIM1_Init
 .text.MX_TIM3_Init
                0x08002244       0xb4 CMakeFiles/9268+S15909.elf.dir/Core/Src/tim.c.obj
                0x08002244                MX_TIM3_Init
 .text.HAL_TIM_Base_MspInit
                0x080022f8       0xc8 CMakeFiles/9268+S15909.elf.dir/Core/Src/tim.c.obj
                0x080022f8                HAL_TIM_Base_MspInit
 .text.HAL_TIM_PWM_MspInit
                0x080023c0       0x54 CMakeFiles/9268+S15909.elf.dir/Core/Src/tim.c.obj
                0x080023c0                HAL_TIM_PWM_MspInit
 .text.HAL_TIM_MspPostInit
                0x08002414       0x90 CMakeFiles/9268+S15909.elf.dir/Core/Src/tim.c.obj
                0x08002414                HAL_TIM_MspPostInit
 .text.MX_TIM2_Init
                0x080024a4       0x80 CMakeFiles/9268+S15909.elf.dir/Core/Src/tim.c.obj
                0x080024a4                MX_TIM2_Init
 .text.MX_TIM4_Init
                0x08002524       0x84 CMakeFiles/9268+S15909.elf.dir/Core/Src/tim.c.obj
                0x08002524                MX_TIM4_Init
 .text.MX_USART1_UART_Init
                0x080025a8       0x78 CMakeFiles/9268+S15909.elf.dir/Core/Src/usart.c.obj
                0x080025a8                MX_USART1_UART_Init
 .text.HAL_UART_MspInit
                0x08002620       0xf0 CMakeFiles/9268+S15909.elf.dir/Core/Src/usart.c.obj
                0x08002620                HAL_UART_MspInit
 .text.HAL_UART_RxCpltCallback
                0x08002710       0x8c CMakeFiles/9268+S15909.elf.dir/Core/Src/usart.c.obj
                0x08002710                HAL_UART_RxCpltCallback
 .text.Reset_Handler
                0x0800279c       0x50 CMakeFiles/9268+S15909.elf.dir/Core/Startup/startup_stm32h750vbtx.s.obj
                0x0800279c                Reset_Handler
 .text.Default_Handler
                0x080027ec        0x2 CMakeFiles/9268+S15909.elf.dir/Core/Startup/startup_stm32h750vbtx.s.obj
                0x080027ec                RTC_Alarm_IRQHandler
                0x080027ec                HASH_RNG_IRQHandler
                0x080027ec                EXTI2_IRQHandler
                0x080027ec                TIM8_CC_IRQHandler
                0x080027ec                HRTIM1_Master_IRQHandler
                0x080027ec                UART8_IRQHandler
                0x080027ec                SPI4_IRQHandler
                0x080027ec                TIM1_CC_IRQHandler
                0x080027ec                BDMA_Channel6_IRQHandler
                0x080027ec                DMA2_Stream5_IRQHandler
                0x080027ec                HRTIM1_FLT_IRQHandler
                0x080027ec                JPEG_IRQHandler
                0x080027ec                DMA1_Stream5_IRQHandler
                0x080027ec                BDMA_Channel1_IRQHandler
                0x080027ec                HRTIM1_TIMD_IRQHandler
                0x080027ec                TAMP_STAMP_IRQHandler
                0x080027ec                EXTI3_IRQHandler
                0x080027ec                LPTIM4_IRQHandler
                0x080027ec                TIM8_TRG_COM_TIM14_IRQHandler
                0x080027ec                LPTIM2_IRQHandler
                0x080027ec                DFSDM1_FLT1_IRQHandler
                0x080027ec                DMAMUX2_OVR_IRQHandler
                0x080027ec                TIM8_UP_TIM13_IRQHandler
                0x080027ec                I2C3_ER_IRQHandler
                0x080027ec                DFSDM1_FLT2_IRQHandler
                0x080027ec                MDMA_IRQHandler
                0x080027ec                LPTIM3_IRQHandler
                0x080027ec                HSEM1_IRQHandler
                0x080027ec                EXTI0_IRQHandler
                0x080027ec                I2C2_EV_IRQHandler
                0x080027ec                DMA1_Stream2_IRQHandler
                0x080027ec                FPU_IRQHandler
                0x080027ec                OTG_HS_WKUP_IRQHandler
                0x080027ec                FDCAN1_IT1_IRQHandler
                0x080027ec                LTDC_ER_IRQHandler
                0x080027ec                DMA2_Stream2_IRQHandler
                0x080027ec                HRTIM1_TIME_IRQHandler
                0x080027ec                SPI1_IRQHandler
                0x080027ec                TIM6_DAC_IRQHandler
                0x080027ec                DCMI_IRQHandler
                0x080027ec                HRTIM1_TIMC_IRQHandler
                0x080027ec                DMA2_Stream3_IRQHandler
                0x080027ec                SAI2_IRQHandler
                0x080027ec                DFSDM1_FLT3_IRQHandler
                0x080027ec                USART6_IRQHandler
                0x080027ec                TIM17_IRQHandler
                0x080027ec                USART3_IRQHandler
                0x080027ec                BDMA_Channel7_IRQHandler
                0x080027ec                CRYP_IRQHandler
                0x080027ec                LPTIM5_IRQHandler
                0x080027ec                UART5_IRQHandler
                0x080027ec                ADC3_IRQHandler
                0x080027ec                DMA2_Stream0_IRQHandler
                0x080027ec                TIM4_IRQHandler
                0x080027ec                BDMA_Channel2_IRQHandler
                0x080027ec                QUADSPI_IRQHandler
                0x080027ec                I2C1_EV_IRQHandler
                0x080027ec                DMA1_Stream6_IRQHandler
                0x080027ec                DMAMUX1_OVR_IRQHandler
                0x080027ec                DMA1_Stream1_IRQHandler
                0x080027ec                TIM16_IRQHandler
                0x080027ec                UART4_IRQHandler
                0x080027ec                BDMA_Channel5_IRQHandler
                0x080027ec                TIM3_IRQHandler
                0x080027ec                RCC_IRQHandler
                0x080027ec                TIM8_BRK_TIM12_IRQHandler
                0x080027ec                TIM1_TRG_COM_IRQHandler
                0x080027ec                Default_Handler
                0x080027ec                ECC_IRQHandler
                0x080027ec                CEC_IRQHandler
                0x080027ec                EXTI15_10_IRQHandler
                0x080027ec                BDMA_Channel0_IRQHandler
                0x080027ec                ADC_IRQHandler
                0x080027ec                DMA1_Stream7_IRQHandler
                0x080027ec                HRTIM1_TIMA_IRQHandler
                0x080027ec                SPI5_IRQHandler
                0x080027ec                TIM7_IRQHandler
                0x080027ec                SDMMC1_IRQHandler
                0x080027ec                TIM5_IRQHandler
                0x080027ec                DMA2_Stream7_IRQHandler
                0x080027ec                TIM15_IRQHandler
                0x080027ec                PVD_AVD_IRQHandler
                0x080027ec                I2C3_EV_IRQHandler
                0x080027ec                EXTI9_5_IRQHandler
                0x080027ec                RTC_WKUP_IRQHandler
                0x080027ec                LTDC_IRQHandler
                0x080027ec                SAI3_IRQHandler
                0x080027ec                ETH_WKUP_IRQHandler
                0x080027ec                SPDIF_RX_IRQHandler
                0x080027ec                SPI2_IRQHandler
                0x080027ec                OTG_HS_EP1_IN_IRQHandler
                0x080027ec                CRS_IRQHandler
                0x080027ec                EXTI4_IRQHandler
                0x080027ec                HRTIM1_TIMB_IRQHandler
                0x080027ec                FDCAN2_IT1_IRQHandler
                0x080027ec                ETH_IRQHandler
                0x080027ec                TIM1_UP_IRQHandler
                0x080027ec                BDMA_Channel4_IRQHandler
                0x080027ec                OTG_HS_EP1_OUT_IRQHandler
                0x080027ec                WWDG_IRQHandler
                0x080027ec                SPI6_IRQHandler
                0x080027ec                MDIOS_IRQHandler
                0x080027ec                I2C4_EV_IRQHandler
                0x080027ec                FDCAN2_IT0_IRQHandler
                0x080027ec                LPUART1_IRQHandler
                0x080027ec                FDCAN1_IT0_IRQHandler
                0x080027ec                TIM2_IRQHandler
                0x080027ec                OTG_FS_WKUP_IRQHandler
                0x080027ec                OTG_HS_IRQHandler
                0x080027ec                DMA2D_IRQHandler
                0x080027ec                TIM1_BRK_IRQHandler
                0x080027ec                EXTI1_IRQHandler
                0x080027ec                SDMMC2_IRQHandler
                0x080027ec                OTG_FS_EP1_OUT_IRQHandler
                0x080027ec                BDMA_Channel3_IRQHandler
                0x080027ec                UART7_IRQHandler
                0x080027ec                MDIOS_WKUP_IRQHandler
                0x080027ec                USART2_IRQHandler
                0x080027ec                DFSDM1_FLT0_IRQHandler
                0x080027ec                SAI4_IRQHandler
                0x080027ec                I2C2_ER_IRQHandler
                0x080027ec                DMA2_Stream1_IRQHandler
                0x080027ec                FLASH_IRQHandler
                0x080027ec                DMA2_Stream4_IRQHandler
                0x080027ec                OTG_FS_IRQHandler
                0x080027ec                SPI3_IRQHandler
                0x080027ec                WAKEUP_PIN_IRQHandler
                0x080027ec                DMA1_Stream4_IRQHandler
                0x080027ec                OTG_FS_EP1_IN_IRQHandler
                0x080027ec                I2C1_ER_IRQHandler
                0x080027ec                FMC_IRQHandler
                0x080027ec                FDCAN_CAL_IRQHandler
                0x080027ec                SWPMI1_IRQHandler
                0x080027ec                COMP1_IRQHandler
                0x080027ec                LPTIM1_IRQHandler
                0x080027ec                I2C4_ER_IRQHandler
                0x080027ec                DMA2_Stream6_IRQHandler
                0x080027ec                SAI1_IRQHandler
                0x080027ec                DMA1_Stream3_IRQHandler
 *fill*         0x080027ee        0x2 
 .text.HAL_InitTick
                0x080027f0       0x50 CMakeFiles/9268+S15909.elf.dir/Drivers/STM32H7xx_HAL_Driver/Src/stm32h7xx_hal.c.obj
                0x080027f0                HAL_InitTick
 .text.HAL_Init
                0x08002840       0x5c CMakeFiles/9268+S15909.elf.dir/Drivers/STM32H7xx_HAL_Driver/Src/stm32h7xx_hal.c.obj
                0x08002840                HAL_Init
 .text.HAL_IncTick
                0x0800289c       0x18 CMakeFiles/9268+S15909.elf.dir/Drivers/STM32H7xx_HAL_Driver/Src/stm32h7xx_hal.c.obj
                0x0800289c                HAL_IncTick
 .text.HAL_GetTick
                0x080028b4        0xc CMakeFiles/9268+S15909.elf.dir/Drivers/STM32H7xx_HAL_Driver/Src/stm32h7xx_hal.c.obj
                0x080028b4                HAL_GetTick
 .text.HAL_Delay
                0x080028c0       0x28 CMakeFiles/9268+S15909.elf.dir/Drivers/STM32H7xx_HAL_Driver/Src/stm32h7xx_hal.c.obj
                0x080028c0                HAL_Delay
 .text.HAL_GetREVID
                0x080028e8        0xc CMakeFiles/9268+S15909.elf.dir/Drivers/STM32H7xx_HAL_Driver/Src/stm32h7xx_hal.c.obj
                0x080028e8                HAL_GetREVID
 .text.HAL_NVIC_SetPriorityGrouping
                0x080028f4       0x24 CMakeFiles/9268+S15909.elf.dir/Drivers/STM32H7xx_HAL_Driver/Src/stm32h7xx_hal_cortex.c.obj
                0x080028f4                HAL_NVIC_SetPriorityGrouping
 .text.HAL_NVIC_SetPriority
                0x08002918       0x6c CMakeFiles/9268+S15909.elf.dir/Drivers/STM32H7xx_HAL_Driver/Src/stm32h7xx_hal_cortex.c.obj
                0x08002918                HAL_NVIC_SetPriority
 .text.HAL_NVIC_EnableIRQ
                0x08002984       0x1c CMakeFiles/9268+S15909.elf.dir/Drivers/STM32H7xx_HAL_Driver/Src/stm32h7xx_hal_cortex.c.obj
                0x08002984                HAL_NVIC_EnableIRQ
 .text.HAL_SYSTICK_Config
                0x080029a0       0x28 CMakeFiles/9268+S15909.elf.dir/Drivers/STM32H7xx_HAL_Driver/Src/stm32h7xx_hal_cortex.c.obj
                0x080029a0                HAL_SYSTICK_Config
 .text.DMA_SetConfig
                0x080029c8      0x1b4 CMakeFiles/9268+S15909.elf.dir/Drivers/STM32H7xx_HAL_Driver/Src/stm32h7xx_hal_dma.c.obj
 .text.DMA_CalcBaseAndBitshift
                0x08002b7c       0xb4 CMakeFiles/9268+S15909.elf.dir/Drivers/STM32H7xx_HAL_Driver/Src/stm32h7xx_hal_dma.c.obj
 .text.DMA_CheckFifoParam
                0x08002c30       0x92 CMakeFiles/9268+S15909.elf.dir/Drivers/STM32H7xx_HAL_Driver/Src/stm32h7xx_hal_dma.c.obj
 *fill*         0x08002cc2        0x2 
 .text.DMA_CalcDMAMUXChannelBaseAndMask
                0x08002cc4       0xb0 CMakeFiles/9268+S15909.elf.dir/Drivers/STM32H7xx_HAL_Driver/Src/stm32h7xx_hal_dma.c.obj
 .text.DMA_CalcDMAMUXRequestGenBaseAndMask
                0x08002d74       0x7c CMakeFiles/9268+S15909.elf.dir/Drivers/STM32H7xx_HAL_Driver/Src/stm32h7xx_hal_dma.c.obj
 .text.HAL_DMA_Init
                0x08002df0      0x3a4 CMakeFiles/9268+S15909.elf.dir/Drivers/STM32H7xx_HAL_Driver/Src/stm32h7xx_hal_dma.c.obj
                0x08002df0                HAL_DMA_Init
 .text.HAL_DMA_Start_IT
                0x08003194      0x298 CMakeFiles/9268+S15909.elf.dir/Drivers/STM32H7xx_HAL_Driver/Src/stm32h7xx_hal_dma.c.obj
                0x08003194                HAL_DMA_Start_IT
 .text.HAL_DMA_Abort
                0x0800342c      0x340 CMakeFiles/9268+S15909.elf.dir/Drivers/STM32H7xx_HAL_Driver/Src/stm32h7xx_hal_dma.c.obj
                0x0800342c                HAL_DMA_Abort
 .text.HAL_DMA_Abort_IT
                0x0800376c      0x270 CMakeFiles/9268+S15909.elf.dir/Drivers/STM32H7xx_HAL_Driver/Src/stm32h7xx_hal_dma.c.obj
                0x0800376c                HAL_DMA_Abort_IT
 .text.HAL_DMA_IRQHandler
                0x080039dc      0x738 CMakeFiles/9268+S15909.elf.dir/Drivers/STM32H7xx_HAL_Driver/Src/stm32h7xx_hal_dma.c.obj
                0x080039dc                HAL_DMA_IRQHandler
 .text.HAL_GPIO_Init
                0x08004114      0x228 CMakeFiles/9268+S15909.elf.dir/Drivers/STM32H7xx_HAL_Driver/Src/stm32h7xx_hal_gpio.c.obj
                0x08004114                HAL_GPIO_Init
 .text.HAL_GPIO_WritePin
                0x0800433c        0xc CMakeFiles/9268+S15909.elf.dir/Drivers/STM32H7xx_HAL_Driver/Src/stm32h7xx_hal_gpio.c.obj
                0x0800433c                HAL_GPIO_WritePin
 .text.HAL_PWREx_ConfigSupply
                0x08004348       0x54 CMakeFiles/9268+S15909.elf.dir/Drivers/STM32H7xx_HAL_Driver/Src/stm32h7xx_hal_pwr_ex.c.obj
                0x08004348                HAL_PWREx_ConfigSupply
 .text.HAL_RCC_OscConfig
                0x0800439c      0x6b4 CMakeFiles/9268+S15909.elf.dir/Drivers/STM32H7xx_HAL_Driver/Src/stm32h7xx_hal_rcc.c.obj
                0x0800439c                HAL_RCC_OscConfig
 .text.HAL_RCC_GetSysClockFreq
                0x08004a50      0x218 CMakeFiles/9268+S15909.elf.dir/Drivers/STM32H7xx_HAL_Driver/Src/stm32h7xx_hal_rcc.c.obj
                0x08004a50                HAL_RCC_GetSysClockFreq
 .text.HAL_RCC_ClockConfig
                0x08004c68      0x294 CMakeFiles/9268+S15909.elf.dir/Drivers/STM32H7xx_HAL_Driver/Src/stm32h7xx_hal_rcc.c.obj
                0x08004c68                HAL_RCC_ClockConfig
 .text.HAL_RCC_GetHCLKFreq
                0x08004efc       0x44 CMakeFiles/9268+S15909.elf.dir/Drivers/STM32H7xx_HAL_Driver/Src/stm32h7xx_hal_rcc.c.obj
                0x08004efc                HAL_RCC_GetHCLKFreq
 .text.HAL_RCC_GetPCLK1Freq
                0x08004f40       0x24 CMakeFiles/9268+S15909.elf.dir/Drivers/STM32H7xx_HAL_Driver/Src/stm32h7xx_hal_rcc.c.obj
                0x08004f40                HAL_RCC_GetPCLK1Freq
 .text.HAL_RCC_GetPCLK2Freq
                0x08004f64       0x24 CMakeFiles/9268+S15909.elf.dir/Drivers/STM32H7xx_HAL_Driver/Src/stm32h7xx_hal_rcc.c.obj
                0x08004f64                HAL_RCC_GetPCLK2Freq
 .text.RCCEx_PLL2_Config
                0x08004f88      0x10c CMakeFiles/9268+S15909.elf.dir/Drivers/STM32H7xx_HAL_Driver/Src/stm32h7xx_hal_rcc_ex.c.obj
 .text.RCCEx_PLL3_Config
                0x08005094      0x10c CMakeFiles/9268+S15909.elf.dir/Drivers/STM32H7xx_HAL_Driver/Src/stm32h7xx_hal_rcc_ex.c.obj
 .text.HAL_RCCEx_PeriphCLKConfig
                0x080051a0      0xa8c CMakeFiles/9268+S15909.elf.dir/Drivers/STM32H7xx_HAL_Driver/Src/stm32h7xx_hal_rcc_ex.c.obj
                0x080051a0                HAL_RCCEx_PeriphCLKConfig
 .text.HAL_RCCEx_GetD3PCLK1Freq
                0x08005c2c       0x24 CMakeFiles/9268+S15909.elf.dir/Drivers/STM32H7xx_HAL_Driver/Src/stm32h7xx_hal_rcc_ex.c.obj
                0x08005c2c                HAL_RCCEx_GetD3PCLK1Freq
 .text.HAL_RCCEx_GetPLL2ClockFreq
                0x08005c50      0x234 CMakeFiles/9268+S15909.elf.dir/Drivers/STM32H7xx_HAL_Driver/Src/stm32h7xx_hal_rcc_ex.c.obj
                0x08005c50                HAL_RCCEx_GetPLL2ClockFreq
 .text.HAL_RCCEx_GetPLL3ClockFreq
                0x08005e84      0x234 CMakeFiles/9268+S15909.elf.dir/Drivers/STM32H7xx_HAL_Driver/Src/stm32h7xx_hal_rcc_ex.c.obj
                0x08005e84                HAL_RCCEx_GetPLL3ClockFreq
 .text.SPI_CloseTransfer
                0x080060b8       0xcc CMakeFiles/9268+S15909.elf.dir/Drivers/STM32H7xx_HAL_Driver/Src/stm32h7xx_hal_spi.c.obj
 .text.SPI_GetPacketSize
                0x08006184       0x10 CMakeFiles/9268+S15909.elf.dir/Drivers/STM32H7xx_HAL_Driver/Src/stm32h7xx_hal_spi.c.obj
 .text.SPI_WaitOnFlagUntilTimeout
                0x08006194       0x46 CMakeFiles/9268+S15909.elf.dir/Drivers/STM32H7xx_HAL_Driver/Src/stm32h7xx_hal_spi.c.obj
 *fill*         0x080061da        0x2 
 .text.HAL_SPI_Init
                0x080061dc      0x190 CMakeFiles/9268+S15909.elf.dir/Drivers/STM32H7xx_HAL_Driver/Src/stm32h7xx_hal_spi.c.obj
                0x080061dc                HAL_SPI_Init
 .text.HAL_SPI_Transmit
                0x0800636c      0x2c4 CMakeFiles/9268+S15909.elf.dir/Drivers/STM32H7xx_HAL_Driver/Src/stm32h7xx_hal_spi.c.obj
                0x0800636c                HAL_SPI_Transmit
 .text.HAL_SPI_Receive
                0x08006630      0x350 CMakeFiles/9268+S15909.elf.dir/Drivers/STM32H7xx_HAL_Driver/Src/stm32h7xx_hal_spi.c.obj
                0x08006630                HAL_SPI_Receive
 .text.TIM_OC1_SetConfig
                0x08006980       0xa8 CMakeFiles/9268+S15909.elf.dir/Drivers/STM32H7xx_HAL_Driver/Src/stm32h7xx_hal_tim.c.obj
 .text.TIM_OC3_SetConfig
                0x08006a28       0x94 CMakeFiles/9268+S15909.elf.dir/Drivers/STM32H7xx_HAL_Driver/Src/stm32h7xx_hal_tim.c.obj
 .text.TIM_OC4_SetConfig
                0x08006abc       0x74 CMakeFiles/9268+S15909.elf.dir/Drivers/STM32H7xx_HAL_Driver/Src/stm32h7xx_hal_tim.c.obj
 .text.TIM_OC5_SetConfig
                0x08006b30       0x74 CMakeFiles/9268+S15909.elf.dir/Drivers/STM32H7xx_HAL_Driver/Src/stm32h7xx_hal_tim.c.obj
 .text.TIM_OC6_SetConfig
                0x08006ba4       0x74 CMakeFiles/9268+S15909.elf.dir/Drivers/STM32H7xx_HAL_Driver/Src/stm32h7xx_hal_tim.c.obj
 .text.TIM_TI1_ConfigInputStage
                0x08006c18       0x24 CMakeFiles/9268+S15909.elf.dir/Drivers/STM32H7xx_HAL_Driver/Src/stm32h7xx_hal_tim.c.obj
 .text.TIM_TI2_SetConfig
                0x08006c3c       0x36 CMakeFiles/9268+S15909.elf.dir/Drivers/STM32H7xx_HAL_Driver/Src/stm32h7xx_hal_tim.c.obj
 .text.TIM_TI2_ConfigInputStage
                0x08006c72       0x26 CMakeFiles/9268+S15909.elf.dir/Drivers/STM32H7xx_HAL_Driver/Src/stm32h7xx_hal_tim.c.obj
 .text.TIM_TI3_SetConfig
                0x08006c98       0x36 CMakeFiles/9268+S15909.elf.dir/Drivers/STM32H7xx_HAL_Driver/Src/stm32h7xx_hal_tim.c.obj
 .text.TIM_TI4_SetConfig
                0x08006cce       0x36 CMakeFiles/9268+S15909.elf.dir/Drivers/STM32H7xx_HAL_Driver/Src/stm32h7xx_hal_tim.c.obj
 .text.HAL_TIM_IC_MspInit
                0x08006d04        0x2 CMakeFiles/9268+S15909.elf.dir/Drivers/STM32H7xx_HAL_Driver/Src/stm32h7xx_hal_tim.c.obj
                0x08006d04                HAL_TIM_IC_MspInit
 *fill*         0x08006d06        0x2 
 .text.TIM_Base_SetConfig
                0x08006d08      0x114 CMakeFiles/9268+S15909.elf.dir/Drivers/STM32H7xx_HAL_Driver/Src/stm32h7xx_hal_tim.c.obj
                0x08006d08                TIM_Base_SetConfig
 .text.HAL_TIM_Base_Init
                0x08006e1c       0x60 CMakeFiles/9268+S15909.elf.dir/Drivers/STM32H7xx_HAL_Driver/Src/stm32h7xx_hal_tim.c.obj
                0x08006e1c                HAL_TIM_Base_Init
 .text.HAL_TIM_PWM_Init
                0x08006e7c       0x60 CMakeFiles/9268+S15909.elf.dir/Drivers/STM32H7xx_HAL_Driver/Src/stm32h7xx_hal_tim.c.obj
                0x08006e7c                HAL_TIM_PWM_Init
 .text.HAL_TIM_IC_Init
                0x08006edc       0x60 CMakeFiles/9268+S15909.elf.dir/Drivers/STM32H7xx_HAL_Driver/Src/stm32h7xx_hal_tim.c.obj
                0x08006edc                HAL_TIM_IC_Init
 .text.TIM_OC2_SetConfig
                0x08006f3c       0x94 CMakeFiles/9268+S15909.elf.dir/Drivers/STM32H7xx_HAL_Driver/Src/stm32h7xx_hal_tim.c.obj
                0x08006f3c                TIM_OC2_SetConfig
 .text.HAL_TIM_PWM_ConfigChannel
                0x08006fd0      0x13a CMakeFiles/9268+S15909.elf.dir/Drivers/STM32H7xx_HAL_Driver/Src/stm32h7xx_hal_tim.c.obj
                0x08006fd0                HAL_TIM_PWM_ConfigChannel
 *fill*         0x0800710a        0x2 
 .text.TIM_TI1_SetConfig
                0x0800710c       0x94 CMakeFiles/9268+S15909.elf.dir/Drivers/STM32H7xx_HAL_Driver/Src/stm32h7xx_hal_tim.c.obj
                0x0800710c                TIM_TI1_SetConfig
 .text.HAL_TIM_IC_ConfigChannel
                0x080071a0       0xc4 CMakeFiles/9268+S15909.elf.dir/Drivers/STM32H7xx_HAL_Driver/Src/stm32h7xx_hal_tim.c.obj
                0x080071a0                HAL_TIM_IC_ConfigChannel
 .text.TIM_ETR_SetConfig
                0x08007264       0x18 CMakeFiles/9268+S15909.elf.dir/Drivers/STM32H7xx_HAL_Driver/Src/stm32h7xx_hal_tim.c.obj
                0x08007264                TIM_ETR_SetConfig
 .text.TIM_SlaveTimer_SetConfig
                0x0800727c      0x150 CMakeFiles/9268+S15909.elf.dir/Drivers/STM32H7xx_HAL_Driver/Src/stm32h7xx_hal_tim.c.obj
 .text.HAL_TIM_SlaveConfigSynchro
                0x080073cc       0x52 CMakeFiles/9268+S15909.elf.dir/Drivers/STM32H7xx_HAL_Driver/Src/stm32h7xx_hal_tim.c.obj
                0x080073cc                HAL_TIM_SlaveConfigSynchro
 .text.TIM_CCxChannelCmd
                0x0800741e       0x1e CMakeFiles/9268+S15909.elf.dir/Drivers/STM32H7xx_HAL_Driver/Src/stm32h7xx_hal_tim.c.obj
                0x0800741e                TIM_CCxChannelCmd
 .text.HAL_TIM_PWM_Start
                0x0800743c      0x168 CMakeFiles/9268+S15909.elf.dir/Drivers/STM32H7xx_HAL_Driver/Src/stm32h7xx_hal_tim.c.obj
                0x0800743c                HAL_TIM_PWM_Start
 .text.HAL_TIM_IC_Start_IT
                0x080075a4      0x1b0 CMakeFiles/9268+S15909.elf.dir/Drivers/STM32H7xx_HAL_Driver/Src/stm32h7xx_hal_tim.c.obj
                0x080075a4                HAL_TIM_IC_Start_IT
 .text.HAL_TIMEx_MasterConfigSynchronization
                0x08007754       0xa0 CMakeFiles/9268+S15909.elf.dir/Drivers/STM32H7xx_HAL_Driver/Src/stm32h7xx_hal_tim_ex.c.obj
                0x08007754                HAL_TIMEx_MasterConfigSynchronization
 .text.UART_EndTxTransfer
                0x080077f4       0x32 CMakeFiles/9268+S15909.elf.dir/Drivers/STM32H7xx_HAL_Driver/Src/stm32h7xx_hal_uart.c.obj
 *fill*         0x08007826        0x2 
 .text.UART_EndRxTransfer
                0x08007828       0x58 CMakeFiles/9268+S15909.elf.dir/Drivers/STM32H7xx_HAL_Driver/Src/stm32h7xx_hal_uart.c.obj
 .text.HAL_UART_Transmit_DMA
                0x08007880       0x9c CMakeFiles/9268+S15909.elf.dir/Drivers/STM32H7xx_HAL_Driver/Src/stm32h7xx_hal_uart.c.obj
                0x08007880                HAL_UART_Transmit_DMA
 .text.HAL_UART_TxCpltCallback
                0x0800791c        0x2 CMakeFiles/9268+S15909.elf.dir/Drivers/STM32H7xx_HAL_Driver/Src/stm32h7xx_hal_uart.c.obj
                0x0800791c                HAL_UART_TxCpltCallback
 .text.UART_DMATransmitCplt
                0x0800791e       0x46 CMakeFiles/9268+S15909.elf.dir/Drivers/STM32H7xx_HAL_Driver/Src/stm32h7xx_hal_uart.c.obj
 .text.UART_EndTransmit_IT
                0x08007964       0x24 CMakeFiles/9268+S15909.elf.dir/Drivers/STM32H7xx_HAL_Driver/Src/stm32h7xx_hal_uart.c.obj
 .text.HAL_UART_TxHalfCpltCallback
                0x08007988        0x2 CMakeFiles/9268+S15909.elf.dir/Drivers/STM32H7xx_HAL_Driver/Src/stm32h7xx_hal_uart.c.obj
                0x08007988                HAL_UART_TxHalfCpltCallback
 .text.UART_DMATxHalfCplt
                0x0800798a        0xa CMakeFiles/9268+S15909.elf.dir/Drivers/STM32H7xx_HAL_Driver/Src/stm32h7xx_hal_uart.c.obj
 .text.HAL_UART_ErrorCallback
                0x08007994        0x2 CMakeFiles/9268+S15909.elf.dir/Drivers/STM32H7xx_HAL_Driver/Src/stm32h7xx_hal_uart.c.obj
                0x08007994                HAL_UART_ErrorCallback
 .text.UART_DMAError
                0x08007996       0x58 CMakeFiles/9268+S15909.elf.dir/Drivers/STM32H7xx_HAL_Driver/Src/stm32h7xx_hal_uart.c.obj
 .text.UART_DMAAbortOnError
                0x080079ee       0x14 CMakeFiles/9268+S15909.elf.dir/Drivers/STM32H7xx_HAL_Driver/Src/stm32h7xx_hal_uart.c.obj
 .text.HAL_UARTEx_RxEventCallback
                0x08007a02        0x2 CMakeFiles/9268+S15909.elf.dir/Drivers/STM32H7xx_HAL_Driver/Src/stm32h7xx_hal_uart.c.obj
                0x08007a02                HAL_UARTEx_RxEventCallback
 .text.HAL_UART_IRQHandler
                0x08007a04      0x3b8 CMakeFiles/9268+S15909.elf.dir/Drivers/STM32H7xx_HAL_Driver/Src/stm32h7xx_hal_uart.c.obj
                0x08007a04                HAL_UART_IRQHandler
 .text.UART_RxISR_8BIT
                0x08007dbc       0xdc CMakeFiles/9268+S15909.elf.dir/Drivers/STM32H7xx_HAL_Driver/Src/stm32h7xx_hal_uart.c.obj
 .text.UART_RxISR_16BIT
                0x08007e98       0xd8 CMakeFiles/9268+S15909.elf.dir/Drivers/STM32H7xx_HAL_Driver/Src/stm32h7xx_hal_uart.c.obj
 .text.UART_RxISR_8BIT_FIFOEN
                0x08007f70      0x1cc CMakeFiles/9268+S15909.elf.dir/Drivers/STM32H7xx_HAL_Driver/Src/stm32h7xx_hal_uart.c.obj
 .text.UART_RxISR_16BIT_FIFOEN
                0x0800813c      0x1c8 CMakeFiles/9268+S15909.elf.dir/Drivers/STM32H7xx_HAL_Driver/Src/stm32h7xx_hal_uart.c.obj
 .text.UART_SetConfig
                0x08008304      0x5f4 CMakeFiles/9268+S15909.elf.dir/Drivers/STM32H7xx_HAL_Driver/Src/stm32h7xx_hal_uart.c.obj
                0x08008304                UART_SetConfig
 .text.UART_AdvFeatureConfig
                0x080088f8       0xca CMakeFiles/9268+S15909.elf.dir/Drivers/STM32H7xx_HAL_Driver/Src/stm32h7xx_hal_uart.c.obj
                0x080088f8                UART_AdvFeatureConfig
 .text.UART_WaitOnFlagUntilTimeout
                0x080089c2       0xaa CMakeFiles/9268+S15909.elf.dir/Drivers/STM32H7xx_HAL_Driver/Src/stm32h7xx_hal_uart.c.obj
                0x080089c2                UART_WaitOnFlagUntilTimeout
 .text.HAL_UART_Transmit
                0x08008a6c       0xd0 CMakeFiles/9268+S15909.elf.dir/Drivers/STM32H7xx_HAL_Driver/Src/stm32h7xx_hal_uart.c.obj
                0x08008a6c                HAL_UART_Transmit
 .text.HAL_UART_Receive
                0x08008b3c      0x116 CMakeFiles/9268+S15909.elf.dir/Drivers/STM32H7xx_HAL_Driver/Src/stm32h7xx_hal_uart.c.obj
                0x08008b3c                HAL_UART_Receive
 .text.UART_CheckIdleState
                0x08008c52       0xca CMakeFiles/9268+S15909.elf.dir/Drivers/STM32H7xx_HAL_Driver/Src/stm32h7xx_hal_uart.c.obj
                0x08008c52                UART_CheckIdleState
 .text.HAL_UART_Init
                0x08008d1c       0x66 CMakeFiles/9268+S15909.elf.dir/Drivers/STM32H7xx_HAL_Driver/Src/stm32h7xx_hal_uart.c.obj
                0x08008d1c                HAL_UART_Init
 *fill*         0x08008d82        0x2 
 .text.UART_Start_Receive_IT
                0x08008d84      0x13c CMakeFiles/9268+S15909.elf.dir/Drivers/STM32H7xx_HAL_Driver/Src/stm32h7xx_hal_uart.c.obj
                0x08008d84                UART_Start_Receive_IT
 .text.HAL_UART_Receive_IT
                0x08008ec0       0x4c CMakeFiles/9268+S15909.elf.dir/Drivers/STM32H7xx_HAL_Driver/Src/stm32h7xx_hal_uart.c.obj
                0x08008ec0                HAL_UART_Receive_IT
 .text.UARTEx_SetNbDataToProcess
                0x08008f0c       0x4c CMakeFiles/9268+S15909.elf.dir/Drivers/STM32H7xx_HAL_Driver/Src/stm32h7xx_hal_uart_ex.c.obj
 .text.HAL_UARTEx_WakeupCallback
                0x08008f58        0x2 CMakeFiles/9268+S15909.elf.dir/Drivers/STM32H7xx_HAL_Driver/Src/stm32h7xx_hal_uart_ex.c.obj
                0x08008f58                HAL_UARTEx_WakeupCallback
 .text.HAL_UARTEx_RxFifoFullCallback
                0x08008f5a        0x2 CMakeFiles/9268+S15909.elf.dir/Drivers/STM32H7xx_HAL_Driver/Src/stm32h7xx_hal_uart_ex.c.obj
                0x08008f5a                HAL_UARTEx_RxFifoFullCallback
 .text.HAL_UARTEx_TxFifoEmptyCallback
                0x08008f5c        0x2 CMakeFiles/9268+S15909.elf.dir/Drivers/STM32H7xx_HAL_Driver/Src/stm32h7xx_hal_uart_ex.c.obj
                0x08008f5c                HAL_UARTEx_TxFifoEmptyCallback
 .text.HAL_UARTEx_DisableFifoMode
                0x08008f5e       0x3e CMakeFiles/9268+S15909.elf.dir/Drivers/STM32H7xx_HAL_Driver/Src/stm32h7xx_hal_uart_ex.c.obj
                0x08008f5e                HAL_UARTEx_DisableFifoMode
 .text.HAL_UARTEx_SetTxFifoThreshold
                0x08008f9c       0x4a CMakeFiles/9268+S15909.elf.dir/Drivers/STM32H7xx_HAL_Driver/Src/stm32h7xx_hal_uart_ex.c.obj
                0x08008f9c                HAL_UARTEx_SetTxFifoThreshold
 .text.HAL_UARTEx_SetRxFifoThreshold
                0x08008fe6       0x4a CMakeFiles/9268+S15909.elf.dir/Drivers/STM32H7xx_HAL_Driver/Src/stm32h7xx_hal_uart_ex.c.obj
                0x08008fe6                HAL_UARTEx_SetRxFifoThreshold
 .text.__errno  0x08009030        0xc f:/work/arm-none-eabi-gcc/gcc-arm-none-eabi-10.3-2021.10-win32/gcc-arm-none-eabi-10.3-2021.10/bin/../lib/gcc/arm-none-eabi/10.3.1/../../../../arm-none-eabi/lib/thumb/v7e-m/nofp\libg.a(lib_a-errno.o)
                0x08009030                __errno
 .text.__libc_init_array
                0x0800903c       0x48 f:/work/arm-none-eabi-gcc/gcc-arm-none-eabi-10.3-2021.10-win32/gcc-arm-none-eabi-10.3-2021.10/bin/../lib/gcc/arm-none-eabi/10.3.1/../../../../arm-none-eabi/lib/thumb/v7e-m/nofp\libg.a(lib_a-init.o)
                0x0800903c                __libc_init_array
 .text.memset   0x08009084       0xa4 f:/work/arm-none-eabi-gcc/gcc-arm-none-eabi-10.3-2021.10-win32/gcc-arm-none-eabi-10.3-2021.10/bin/../lib/gcc/arm-none-eabi/10.3.1/../../../../arm-none-eabi/lib/thumb/v7e-m/nofp\libg.a(lib_a-memset.o)
                0x08009084                memset
 .text.printf   0x08009128       0x28 f:/work/arm-none-eabi-gcc/gcc-arm-none-eabi-10.3-2021.10-win32/gcc-arm-none-eabi-10.3-2021.10/bin/../lib/gcc/arm-none-eabi/10.3.1/../../../../arm-none-eabi/lib/thumb/v7e-m/nofp\libg.a(lib_a-printf.o)
                0x08009128                printf
 .text._puts_r  0x08009150       0x9c f:/work/arm-none-eabi-gcc/gcc-arm-none-eabi-10.3-2021.10-win32/gcc-arm-none-eabi-10.3-2021.10/bin/../lib/gcc/arm-none-eabi/10.3.1/../../../../arm-none-eabi/lib/thumb/v7e-m/nofp\libg.a(lib_a-puts.o)
                0x08009150                _puts_r
 .text.puts     0x080091ec       0x10 f:/work/arm-none-eabi-gcc/gcc-arm-none-eabi-10.3-2021.10-win32/gcc-arm-none-eabi-10.3-2021.10/bin/../lib/gcc/arm-none-eabi/10.3.1/../../../../arm-none-eabi/lib/thumb/v7e-m/nofp\libg.a(lib_a-puts.o)
                0x080091ec                puts
 .text.setvbuf  0x080091fc      0x1b0 f:/work/arm-none-eabi-gcc/gcc-arm-none-eabi-10.3-2021.10-win32/gcc-arm-none-eabi-10.3-2021.10/bin/../lib/gcc/arm-none-eabi/10.3.1/../../../../arm-none-eabi/lib/thumb/v7e-m/nofp\libg.a(lib_a-setvbuf.o)
                0x080091fc                setvbuf
 .text._vfprintf_r
                0x080093ac     0x1ad4 f:/work/arm-none-eabi-gcc/gcc-arm-none-eabi-10.3-2021.10-win32/gcc-arm-none-eabi-10.3-2021.10/bin/../lib/gcc/arm-none-eabi/10.3.1/../../../../arm-none-eabi/lib/thumb/v7e-m/nofp\libg.a(lib_a-vfprintf.o)
                0x080093ac                _vfprintf_r
 .text.__sbprintf
                0x0800ae80       0x80 f:/work/arm-none-eabi-gcc/gcc-arm-none-eabi-10.3-2021.10-win32/gcc-arm-none-eabi-10.3-2021.10/bin/../lib/gcc/arm-none-eabi/10.3.1/../../../../arm-none-eabi/lib/thumb/v7e-m/nofp\libg.a(lib_a-vfprintf.o)
 .text.__swsetup_r
                0x0800af00       0xd4 f:/work/arm-none-eabi-gcc/gcc-arm-none-eabi-10.3-2021.10-win32/gcc-arm-none-eabi-10.3-2021.10/bin/../lib/gcc/arm-none-eabi/10.3.1/../../../../arm-none-eabi/lib/thumb/v7e-m/nofp\libg.a(lib_a-wsetup.o)
                0x0800af00                __swsetup_r
 .text.startup.register_fini
                0x0800afd4       0x14 f:/work/arm-none-eabi-gcc/gcc-arm-none-eabi-10.3-2021.10-win32/gcc-arm-none-eabi-10.3-2021.10/bin/../lib/gcc/arm-none-eabi/10.3.1/../../../../arm-none-eabi/lib/thumb/v7e-m/nofp\libg.a(lib_a-__call_atexit.o)
 .text.atexit   0x0800afe8        0xc f:/work/arm-none-eabi-gcc/gcc-arm-none-eabi-10.3-2021.10-win32/gcc-arm-none-eabi-10.3-2021.10/bin/../lib/gcc/arm-none-eabi/10.3.1/../../../../arm-none-eabi/lib/thumb/v7e-m/nofp\libg.a(lib_a-atexit.o)
                0x0800afe8                atexit
 .text.quorem   0x0800aff4      0x124 f:/work/arm-none-eabi-gcc/gcc-arm-none-eabi-10.3-2021.10-win32/gcc-arm-none-eabi-10.3-2021.10/bin/../lib/gcc/arm-none-eabi/10.3.1/../../../../arm-none-eabi/lib/thumb/v7e-m/nofp\libg.a(lib_a-dtoa.o)
 .text._dtoa_r  0x0800b118      0xec4 f:/work/arm-none-eabi-gcc/gcc-arm-none-eabi-10.3-2021.10-win32/gcc-arm-none-eabi-10.3-2021.10/bin/../lib/gcc/arm-none-eabi/10.3.1/../../../../arm-none-eabi/lib/thumb/v7e-m/nofp\libg.a(lib_a-dtoa.o)
                0x0800b118                _dtoa_r
 .text.__sflush_r
                0x0800bfdc      0x120 f:/work/arm-none-eabi-gcc/gcc-arm-none-eabi-10.3-2021.10-win32/gcc-arm-none-eabi-10.3-2021.10/bin/../lib/gcc/arm-none-eabi/10.3.1/../../../../arm-none-eabi/lib/thumb/v7e-m/nofp\libg.a(lib_a-fflush.o)
                0x0800bfdc                __sflush_r
 .text._fflush_r
                0x0800c0fc       0x5c f:/work/arm-none-eabi-gcc/gcc-arm-none-eabi-10.3-2021.10-win32/gcc-arm-none-eabi-10.3-2021.10/bin/../lib/gcc/arm-none-eabi/10.3.1/../../../../arm-none-eabi/lib/thumb/v7e-m/nofp\libg.a(lib_a-fflush.o)
                0x0800c0fc                _fflush_r
 .text._cleanup_r
                0x0800c158        0xc f:/work/arm-none-eabi-gcc/gcc-arm-none-eabi-10.3-2021.10-win32/gcc-arm-none-eabi-10.3-2021.10/bin/../lib/gcc/arm-none-eabi/10.3.1/../../../../arm-none-eabi/lib/thumb/v7e-m/nofp\libg.a(lib_a-findfp.o)
                0x0800c158                _cleanup_r
 .text.__sinit  0x0800c164      0x10c f:/work/arm-none-eabi-gcc/gcc-arm-none-eabi-10.3-2021.10-win32/gcc-arm-none-eabi-10.3-2021.10/bin/../lib/gcc/arm-none-eabi/10.3.1/../../../../arm-none-eabi/lib/thumb/v7e-m/nofp\libg.a(lib_a-findfp.o)
                0x0800c164                __sinit
 .text.__sfp_lock_acquire
                0x0800c270        0xc f:/work/arm-none-eabi-gcc/gcc-arm-none-eabi-10.3-2021.10-win32/gcc-arm-none-eabi-10.3-2021.10/bin/../lib/gcc/arm-none-eabi/10.3.1/../../../../arm-none-eabi/lib/thumb/v7e-m/nofp\libg.a(lib_a-findfp.o)
                0x0800c270                __sfp_lock_acquire
 .text.__sfp_lock_release
                0x0800c27c        0xc f:/work/arm-none-eabi-gcc/gcc-arm-none-eabi-10.3-2021.10-win32/gcc-arm-none-eabi-10.3-2021.10/bin/../lib/gcc/arm-none-eabi/10.3.1/../../../../arm-none-eabi/lib/thumb/v7e-m/nofp\libg.a(lib_a-findfp.o)
                0x0800c27c                __sfp_lock_release
 .text.__libc_fini_array
                0x0800c288       0x2c f:/work/arm-none-eabi-gcc/gcc-arm-none-eabi-10.3-2021.10-win32/gcc-arm-none-eabi-10.3-2021.10/bin/../lib/gcc/arm-none-eabi/10.3.1/../../../../arm-none-eabi/lib/thumb/v7e-m/nofp\libg.a(lib_a-fini.o)
                0x0800c288                __libc_fini_array
 .text._malloc_trim_r
                0x0800c2b4       0xa0 f:/work/arm-none-eabi-gcc/gcc-arm-none-eabi-10.3-2021.10-win32/gcc-arm-none-eabi-10.3-2021.10/bin/../lib/gcc/arm-none-eabi/10.3.1/../../../../arm-none-eabi/lib/thumb/v7e-m/nofp\libg.a(lib_a-freer.o)
                0x0800c2b4                _malloc_trim_r
 .text._free_r  0x0800c354      0x20c f:/work/arm-none-eabi-gcc/gcc-arm-none-eabi-10.3-2021.10-win32/gcc-arm-none-eabi-10.3-2021.10/bin/../lib/gcc/arm-none-eabi/10.3.1/../../../../arm-none-eabi/lib/thumb/v7e-m/nofp\libg.a(lib_a-freer.o)
                0x0800c354                _free_r
 .text.__sfvwrite_r
                0x0800c560      0x2e8 f:/work/arm-none-eabi-gcc/gcc-arm-none-eabi-10.3-2021.10-win32/gcc-arm-none-eabi-10.3-2021.10/bin/../lib/gcc/arm-none-eabi/10.3.1/../../../../arm-none-eabi/lib/thumb/v7e-m/nofp\libg.a(lib_a-fvwrite.o)
                0x0800c560                __sfvwrite_r
 .text._fwalk_reent
                0x0800c848       0x48 f:/work/arm-none-eabi-gcc/gcc-arm-none-eabi-10.3-2021.10-win32/gcc-arm-none-eabi-10.3-2021.10/bin/../lib/gcc/arm-none-eabi/10.3.1/../../../../arm-none-eabi/lib/thumb/v7e-m/nofp\libg.a(lib_a-fwalk.o)
                0x0800c848                _fwalk_reent
 .text._localeconv_r
                0x0800c890        0x8 f:/work/arm-none-eabi-gcc/gcc-arm-none-eabi-10.3-2021.10-win32/gcc-arm-none-eabi-10.3-2021.10/bin/../lib/gcc/arm-none-eabi/10.3.1/../../../../arm-none-eabi/lib/thumb/v7e-m/nofp\libg.a(lib_a-localeconv.o)
                0x0800c890                _localeconv_r
 .text.__retarget_lock_init_recursive
                0x0800c898        0x4 f:/work/arm-none-eabi-gcc/gcc-arm-none-eabi-10.3-2021.10-win32/gcc-arm-none-eabi-10.3-2021.10/bin/../lib/gcc/arm-none-eabi/10.3.1/../../../../arm-none-eabi/lib/thumb/v7e-m/nofp\libg.a(lib_a-lock.o)
                0x0800c898                __retarget_lock_init_recursive
 .text.__retarget_lock_close_recursive
                0x0800c89c        0x4 f:/work/arm-none-eabi-gcc/gcc-arm-none-eabi-10.3-2021.10-win32/gcc-arm-none-eabi-10.3-2021.10/bin/../lib/gcc/arm-none-eabi/10.3.1/../../../../arm-none-eabi/lib/thumb/v7e-m/nofp\libg.a(lib_a-lock.o)
                0x0800c89c                __retarget_lock_close_recursive
 .text.__retarget_lock_acquire_recursive
                0x0800c8a0        0x4 f:/work/arm-none-eabi-gcc/gcc-arm-none-eabi-10.3-2021.10-win32/gcc-arm-none-eabi-10.3-2021.10/bin/../lib/gcc/arm-none-eabi/10.3.1/../../../../arm-none-eabi/lib/thumb/v7e-m/nofp\libg.a(lib_a-lock.o)
                0x0800c8a0                __retarget_lock_acquire_recursive
 .text.__retarget_lock_release_recursive
                0x0800c8a4        0x4 f:/work/arm-none-eabi-gcc/gcc-arm-none-eabi-10.3-2021.10-win32/gcc-arm-none-eabi-10.3-2021.10/bin/../lib/gcc/arm-none-eabi/10.3.1/../../../../arm-none-eabi/lib/thumb/v7e-m/nofp\libg.a(lib_a-lock.o)
                0x0800c8a4                __retarget_lock_release_recursive
 .text.__smakebuf_r
                0x0800c8a8       0xe0 f:/work/arm-none-eabi-gcc/gcc-arm-none-eabi-10.3-2021.10-win32/gcc-arm-none-eabi-10.3-2021.10/bin/../lib/gcc/arm-none-eabi/10.3.1/../../../../arm-none-eabi/lib/thumb/v7e-m/nofp\libg.a(lib_a-makebuf.o)
                0x0800c8a8                __smakebuf_r
 .text.__swhatbuf_r
                0x0800c988       0x60 f:/work/arm-none-eabi-gcc/gcc-arm-none-eabi-10.3-2021.10-win32/gcc-arm-none-eabi-10.3-2021.10/bin/../lib/gcc/arm-none-eabi/10.3.1/../../../../arm-none-eabi/lib/thumb/v7e-m/nofp\libg.a(lib_a-makebuf.o)
                0x0800c988                __swhatbuf_r
 .text.malloc   0x0800c9e8       0x10 f:/work/arm-none-eabi-gcc/gcc-arm-none-eabi-10.3-2021.10-win32/gcc-arm-none-eabi-10.3-2021.10/bin/../lib/gcc/arm-none-eabi/10.3.1/../../../../arm-none-eabi/lib/thumb/v7e-m/nofp\libg.a(lib_a-malloc.o)
                0x0800c9e8                malloc
 .text._malloc_r
                0x0800c9f8      0x560 f:/work/arm-none-eabi-gcc/gcc-arm-none-eabi-10.3-2021.10-win32/gcc-arm-none-eabi-10.3-2021.10/bin/../lib/gcc/arm-none-eabi/10.3.1/../../../../arm-none-eabi/lib/thumb/v7e-m/nofp\libg.a(lib_a-mallocr.o)
                0x0800c9f8                _malloc_r
 .text.memmove  0x0800cf58       0xf8 f:/work/arm-none-eabi-gcc/gcc-arm-none-eabi-10.3-2021.10-win32/gcc-arm-none-eabi-10.3-2021.10/bin/../lib/gcc/arm-none-eabi/10.3.1/../../../../arm-none-eabi/lib/thumb/v7e-m/nofp\libg.a(lib_a-memmove.o)
                0x0800cf58                memmove
 .text.__malloc_lock
                0x0800d050        0xc f:/work/arm-none-eabi-gcc/gcc-arm-none-eabi-10.3-2021.10-win32/gcc-arm-none-eabi-10.3-2021.10/bin/../lib/gcc/arm-none-eabi/10.3.1/../../../../arm-none-eabi/lib/thumb/v7e-m/nofp\libg.a(lib_a-mlock.o)
                0x0800d050                __malloc_lock
 .text.__malloc_unlock
                0x0800d05c        0xc f:/work/arm-none-eabi-gcc/gcc-arm-none-eabi-10.3-2021.10-win32/gcc-arm-none-eabi-10.3-2021.10/bin/../lib/gcc/arm-none-eabi/10.3.1/../../../../arm-none-eabi/lib/thumb/v7e-m/nofp\libg.a(lib_a-mlock.o)
                0x0800d05c                __malloc_unlock
 .text._Balloc  0x0800d068       0x4c f:/work/arm-none-eabi-gcc/gcc-arm-none-eabi-10.3-2021.10-win32/gcc-arm-none-eabi-10.3-2021.10/bin/../lib/gcc/arm-none-eabi/10.3.1/../../../../arm-none-eabi/lib/thumb/v7e-m/nofp\libg.a(lib_a-mprec.o)
                0x0800d068                _Balloc
 .text._Bfree   0x0800d0b4       0x14 f:/work/arm-none-eabi-gcc/gcc-arm-none-eabi-10.3-2021.10-win32/gcc-arm-none-eabi-10.3-2021.10/bin/../lib/gcc/arm-none-eabi/10.3.1/../../../../arm-none-eabi/lib/thumb/v7e-m/nofp\libg.a(lib_a-mprec.o)
                0x0800d0b4                _Bfree
 .text.__multadd
                0x0800d0c8       0xa0 f:/work/arm-none-eabi-gcc/gcc-arm-none-eabi-10.3-2021.10-win32/gcc-arm-none-eabi-10.3-2021.10/bin/../lib/gcc/arm-none-eabi/10.3.1/../../../../arm-none-eabi/lib/thumb/v7e-m/nofp\libg.a(lib_a-mprec.o)
                0x0800d0c8                __multadd
 .text.__hi0bits
                0x0800d168       0x40 f:/work/arm-none-eabi-gcc/gcc-arm-none-eabi-10.3-2021.10-win32/gcc-arm-none-eabi-10.3-2021.10/bin/../lib/gcc/arm-none-eabi/10.3.1/../../../../arm-none-eabi/lib/thumb/v7e-m/nofp\libg.a(lib_a-mprec.o)
                0x0800d168                __hi0bits
 .text.__lo0bits
                0x0800d1a8       0x5c f:/work/arm-none-eabi-gcc/gcc-arm-none-eabi-10.3-2021.10-win32/gcc-arm-none-eabi-10.3-2021.10/bin/../lib/gcc/arm-none-eabi/10.3.1/../../../../arm-none-eabi/lib/thumb/v7e-m/nofp\libg.a(lib_a-mprec.o)
                0x0800d1a8                __lo0bits
 .text.__i2b    0x0800d204       0x5c f:/work/arm-none-eabi-gcc/gcc-arm-none-eabi-10.3-2021.10-win32/gcc-arm-none-eabi-10.3-2021.10/bin/../lib/gcc/arm-none-eabi/10.3.1/../../../../arm-none-eabi/lib/thumb/v7e-m/nofp\libg.a(lib_a-mprec.o)
                0x0800d204                __i2b
 .text.__multiply
                0x0800d260      0x15c f:/work/arm-none-eabi-gcc/gcc-arm-none-eabi-10.3-2021.10-win32/gcc-arm-none-eabi-10.3-2021.10/bin/../lib/gcc/arm-none-eabi/10.3.1/../../../../arm-none-eabi/lib/thumb/v7e-m/nofp\libg.a(lib_a-mprec.o)
                0x0800d260                __multiply
 .text.__pow5mult
                0x0800d3bc       0xc0 f:/work/arm-none-eabi-gcc/gcc-arm-none-eabi-10.3-2021.10-win32/gcc-arm-none-eabi-10.3-2021.10/bin/../lib/gcc/arm-none-eabi/10.3.1/../../../../arm-none-eabi/lib/thumb/v7e-m/nofp\libg.a(lib_a-mprec.o)
                0x0800d3bc                __pow5mult
 .text.__lshift
                0x0800d47c       0xf0 f:/work/arm-none-eabi-gcc/gcc-arm-none-eabi-10.3-2021.10-win32/gcc-arm-none-eabi-10.3-2021.10/bin/../lib/gcc/arm-none-eabi/10.3.1/../../../../arm-none-eabi/lib/thumb/v7e-m/nofp\libg.a(lib_a-mprec.o)
                0x0800d47c                __lshift
 .text.__mcmp   0x0800d56c       0x40 f:/work/arm-none-eabi-gcc/gcc-arm-none-eabi-10.3-2021.10-win32/gcc-arm-none-eabi-10.3-2021.10/bin/../lib/gcc/arm-none-eabi/10.3.1/../../../../arm-none-eabi/lib/thumb/v7e-m/nofp\libg.a(lib_a-mprec.o)
                0x0800d56c                __mcmp
 .text.__mdiff  0x0800d5ac      0x14c f:/work/arm-none-eabi-gcc/gcc-arm-none-eabi-10.3-2021.10-win32/gcc-arm-none-eabi-10.3-2021.10/bin/../lib/gcc/arm-none-eabi/10.3.1/../../../../arm-none-eabi/lib/thumb/v7e-m/nofp\libg.a(lib_a-mprec.o)
                0x0800d5ac                __mdiff
 .text.__d2b    0x0800d6f8       0xc4 f:/work/arm-none-eabi-gcc/gcc-arm-none-eabi-10.3-2021.10-win32/gcc-arm-none-eabi-10.3-2021.10/bin/../lib/gcc/arm-none-eabi/10.3.1/../../../../arm-none-eabi/lib/thumb/v7e-m/nofp\libg.a(lib_a-mprec.o)
                0x0800d6f8                __d2b
 .text._realloc_r
                0x0800d7bc      0x3d8 f:/work/arm-none-eabi-gcc/gcc-arm-none-eabi-10.3-2021.10-win32/gcc-arm-none-eabi-10.3-2021.10/bin/../lib/gcc/arm-none-eabi/10.3.1/../../../../arm-none-eabi/lib/thumb/v7e-m/nofp\libg.a(lib_a-reallocr.o)
                0x0800d7bc                _realloc_r
 .text.frexp    0x0800db94       0x70 f:/work/arm-none-eabi-gcc/gcc-arm-none-eabi-10.3-2021.10-win32/gcc-arm-none-eabi-10.3-2021.10/bin/../lib/gcc/arm-none-eabi/10.3.1/../../../../arm-none-eabi/lib/thumb/v7e-m/nofp\libg.a(lib_a-s_frexp.o)
                0x0800db94                frexp
 .text._sbrk_r  0x0800dc04       0x24 f:/work/arm-none-eabi-gcc/gcc-arm-none-eabi-10.3-2021.10-win32/gcc-arm-none-eabi-10.3-2021.10/bin/../lib/gcc/arm-none-eabi/10.3.1/../../../../arm-none-eabi/lib/thumb/v7e-m/nofp\libg.a(lib_a-sbrkr.o)
                0x0800dc04                _sbrk_r
 .text.__sread  0x0800dc28       0x24 f:/work/arm-none-eabi-gcc/gcc-arm-none-eabi-10.3-2021.10-win32/gcc-arm-none-eabi-10.3-2021.10/bin/../lib/gcc/arm-none-eabi/10.3.1/../../../../arm-none-eabi/lib/thumb/v7e-m/nofp\libg.a(lib_a-stdio.o)
                0x0800dc28                __sread
 .text.__swrite
                0x0800dc4c       0x40 f:/work/arm-none-eabi-gcc/gcc-arm-none-eabi-10.3-2021.10-win32/gcc-arm-none-eabi-10.3-2021.10/bin/../lib/gcc/arm-none-eabi/10.3.1/../../../../arm-none-eabi/lib/thumb/v7e-m/nofp\libg.a(lib_a-stdio.o)
                0x0800dc4c                __swrite
 .text.__sseek  0x0800dc8c       0x20 f:/work/arm-none-eabi-gcc/gcc-arm-none-eabi-10.3-2021.10-win32/gcc-arm-none-eabi-10.3-2021.10/bin/../lib/gcc/arm-none-eabi/10.3.1/../../../../arm-none-eabi/lib/thumb/v7e-m/nofp\libg.a(lib_a-stdio.o)
                0x0800dc8c                __sseek
 .text.__sclose
                0x0800dcac        0x8 f:/work/arm-none-eabi-gcc/gcc-arm-none-eabi-10.3-2021.10-win32/gcc-arm-none-eabi-10.3-2021.10/bin/../lib/gcc/arm-none-eabi/10.3.1/../../../../arm-none-eabi/lib/thumb/v7e-m/nofp\libg.a(lib_a-stdio.o)
                0x0800dcac                __sclose
 .text.strncpy  0x0800dcb4       0x64 f:/work/arm-none-eabi-gcc/gcc-arm-none-eabi-10.3-2021.10-win32/gcc-arm-none-eabi-10.3-2021.10/bin/../lib/gcc/arm-none-eabi/10.3.1/../../../../arm-none-eabi/lib/thumb/v7e-m/nofp\libg.a(lib_a-strncpy.o)
                0x0800dcb4                strncpy
 .text.__sprint_r.part.0
                0x0800dd18       0x78 f:/work/arm-none-eabi-gcc/gcc-arm-none-eabi-10.3-2021.10-win32/gcc-arm-none-eabi-10.3-2021.10/bin/../lib/gcc/arm-none-eabi/10.3.1/../../../../arm-none-eabi/lib/thumb/v7e-m/nofp\libg.a(lib_a-vfiprintf.o)
 .text.__sprint_r
                0x0800dd90       0x14 f:/work/arm-none-eabi-gcc/gcc-arm-none-eabi-10.3-2021.10-win32/gcc-arm-none-eabi-10.3-2021.10/bin/../lib/gcc/arm-none-eabi/10.3.1/../../../../arm-none-eabi/lib/thumb/v7e-m/nofp\libg.a(lib_a-vfiprintf.o)
                0x0800dd90                __sprint_r
 .text._vfiprintf_r
                0x0800dda4      0xda0 f:/work/arm-none-eabi-gcc/gcc-arm-none-eabi-10.3-2021.10-win32/gcc-arm-none-eabi-10.3-2021.10/bin/../lib/gcc/arm-none-eabi/10.3.1/../../../../arm-none-eabi/lib/thumb/v7e-m/nofp\libg.a(lib_a-vfiprintf.o)
                0x0800dda4                _vfiprintf_r
 .text.__sbprintf
                0x0800eb44       0x80 f:/work/arm-none-eabi-gcc/gcc-arm-none-eabi-10.3-2021.10-win32/gcc-arm-none-eabi-10.3-2021.10/bin/../lib/gcc/arm-none-eabi/10.3.1/../../../../arm-none-eabi/lib/thumb/v7e-m/nofp\libg.a(lib_a-vfiprintf.o)
 .text._write_r
                0x0800ebc4       0x2c f:/work/arm-none-eabi-gcc/gcc-arm-none-eabi-10.3-2021.10-win32/gcc-arm-none-eabi-10.3-2021.10/bin/../lib/gcc/arm-none-eabi/10.3.1/../../../../arm-none-eabi/lib/thumb/v7e-m/nofp\libg.a(lib_a-writer.o)
                0x0800ebc4                _write_r
 .text.__register_exitproc
                0x0800ebf0       0x8c f:/work/arm-none-eabi-gcc/gcc-arm-none-eabi-10.3-2021.10-win32/gcc-arm-none-eabi-10.3-2021.10/bin/../lib/gcc/arm-none-eabi/10.3.1/../../../../arm-none-eabi/lib/thumb/v7e-m/nofp\libg.a(lib_a-__atexit.o)
                0x0800ebf0                __register_exitproc
 .text.__assert_func
                0x0800ec7c       0x40 f:/work/arm-none-eabi-gcc/gcc-arm-none-eabi-10.3-2021.10-win32/gcc-arm-none-eabi-10.3-2021.10/bin/../lib/gcc/arm-none-eabi/10.3.1/../../../../arm-none-eabi/lib/thumb/v7e-m/nofp\libg.a(lib_a-assert.o)
                0x0800ec7c                __assert_func
 .text._calloc_r
                0x0800ecbc       0x78 f:/work/arm-none-eabi-gcc/gcc-arm-none-eabi-10.3-2021.10-win32/gcc-arm-none-eabi-10.3-2021.10/bin/../lib/gcc/arm-none-eabi/10.3.1/../../../../arm-none-eabi/lib/thumb/v7e-m/nofp\libg.a(lib_a-callocr.o)
                0x0800ecbc                _calloc_r
 .text._close_r
                0x0800ed34       0x24 f:/work/arm-none-eabi-gcc/gcc-arm-none-eabi-10.3-2021.10-win32/gcc-arm-none-eabi-10.3-2021.10/bin/../lib/gcc/arm-none-eabi/10.3.1/../../../../arm-none-eabi/lib/thumb/v7e-m/nofp\libg.a(lib_a-closer.o)
                0x0800ed34                _close_r
 .text._fclose_r
                0x0800ed58       0xcc f:/work/arm-none-eabi-gcc/gcc-arm-none-eabi-10.3-2021.10-win32/gcc-arm-none-eabi-10.3-2021.10/bin/../lib/gcc/arm-none-eabi/10.3.1/../../../../arm-none-eabi/lib/thumb/v7e-m/nofp\libg.a(lib_a-fclose.o)
                0x0800ed58                _fclose_r
 .text.fiprintf
                0x0800ee24       0x28 f:/work/arm-none-eabi-gcc/gcc-arm-none-eabi-10.3-2021.10-win32/gcc-arm-none-eabi-10.3-2021.10/bin/../lib/gcc/arm-none-eabi/10.3.1/../../../../arm-none-eabi/lib/thumb/v7e-m/nofp\libg.a(lib_a-fiprintf.o)
                0x0800ee24                fiprintf
 .text.__fputwc
                0x0800ee4c       0xa8 f:/work/arm-none-eabi-gcc/gcc-arm-none-eabi-10.3-2021.10-win32/gcc-arm-none-eabi-10.3-2021.10/bin/../lib/gcc/arm-none-eabi/10.3.1/../../../../arm-none-eabi/lib/thumb/v7e-m/nofp\libg.a(lib_a-fputwc.o)
                0x0800ee4c                __fputwc
 .text._fputwc_r
                0x0800eef4       0x68 f:/work/arm-none-eabi-gcc/gcc-arm-none-eabi-10.3-2021.10-win32/gcc-arm-none-eabi-10.3-2021.10/bin/../lib/gcc/arm-none-eabi/10.3.1/../../../../arm-none-eabi/lib/thumb/v7e-m/nofp\libg.a(lib_a-fputwc.o)
                0x0800eef4                _fputwc_r
 .text._fstat_r
                0x0800ef5c       0x2c f:/work/arm-none-eabi-gcc/gcc-arm-none-eabi-10.3-2021.10-win32/gcc-arm-none-eabi-10.3-2021.10/bin/../lib/gcc/arm-none-eabi/10.3.1/../../../../arm-none-eabi/lib/thumb/v7e-m/nofp\libg.a(lib_a-fstatr.o)
                0x0800ef5c                _fstat_r
 .text._isatty_r
                0x0800ef88       0x24 f:/work/arm-none-eabi-gcc/gcc-arm-none-eabi-10.3-2021.10-win32/gcc-arm-none-eabi-10.3-2021.10/bin/../lib/gcc/arm-none-eabi/10.3.1/../../../../arm-none-eabi/lib/thumb/v7e-m/nofp\libg.a(lib_a-isattyr.o)
                0x0800ef88                _isatty_r
 .text.__locale_mb_cur_max
                0x0800efac        0xc f:/work/arm-none-eabi-gcc/gcc-arm-none-eabi-10.3-2021.10-win32/gcc-arm-none-eabi-10.3-2021.10/bin/../lib/gcc/arm-none-eabi/10.3.1/../../../../arm-none-eabi/lib/thumb/v7e-m/nofp\libg.a(lib_a-locale.o)
                0x0800efac                __locale_mb_cur_max
 .text._lseek_r
                0x0800efb8       0x2c f:/work/arm-none-eabi-gcc/gcc-arm-none-eabi-10.3-2021.10-win32/gcc-arm-none-eabi-10.3-2021.10/bin/../lib/gcc/arm-none-eabi/10.3.1/../../../../arm-none-eabi/lib/thumb/v7e-m/nofp\libg.a(lib_a-lseekr.o)
                0x0800efb8                _lseek_r
 .text.__ascii_mbtowc
                0x0800efe4       0x2c f:/work/arm-none-eabi-gcc/gcc-arm-none-eabi-10.3-2021.10-win32/gcc-arm-none-eabi-10.3-2021.10/bin/../lib/gcc/arm-none-eabi/10.3.1/../../../../arm-none-eabi/lib/thumb/v7e-m/nofp\libg.a(lib_a-mbtowc_r.o)
                0x0800efe4                __ascii_mbtowc
 .text._read_r  0x0800f010       0x2c f:/work/arm-none-eabi-gcc/gcc-arm-none-eabi-10.3-2021.10-win32/gcc-arm-none-eabi-10.3-2021.10/bin/../lib/gcc/arm-none-eabi/10.3.1/../../../../arm-none-eabi/lib/thumb/v7e-m/nofp\libg.a(lib_a-readr.o)
                0x0800f010                _read_r
 .text.__swbuf_r
                0x0800f03c       0xb0 f:/work/arm-none-eabi-gcc/gcc-arm-none-eabi-10.3-2021.10-win32/gcc-arm-none-eabi-10.3-2021.10/bin/../lib/gcc/arm-none-eabi/10.3.1/../../../../arm-none-eabi/lib/thumb/v7e-m/nofp\libg.a(lib_a-wbuf.o)
                0x0800f03c                __swbuf_r
 .text._wcrtomb_r
                0x0800f0ec       0x3c f:/work/arm-none-eabi-gcc/gcc-arm-none-eabi-10.3-2021.10-win32/gcc-arm-none-eabi-10.3-2021.10/bin/../lib/gcc/arm-none-eabi/10.3.1/../../../../arm-none-eabi/lib/thumb/v7e-m/nofp\libg.a(lib_a-wcrtomb.o)
                0x0800f0ec                _wcrtomb_r
 .text.__ascii_wctomb
                0x0800f128       0x1c f:/work/arm-none-eabi-gcc/gcc-arm-none-eabi-10.3-2021.10-win32/gcc-arm-none-eabi-10.3-2021.10/bin/../lib/gcc/arm-none-eabi/10.3.1/../../../../arm-none-eabi/lib/thumb/v7e-m/nofp\libg.a(lib_a-wctomb_r.o)
                0x0800f128                __ascii_wctomb
 .text.abort    0x0800f144       0x10 f:/work/arm-none-eabi-gcc/gcc-arm-none-eabi-10.3-2021.10-win32/gcc-arm-none-eabi-10.3-2021.10/bin/../lib/gcc/arm-none-eabi/10.3.1/../../../../arm-none-eabi/lib/thumb/v7e-m/nofp\libg.a(lib_a-abort.o)
                0x0800f144                abort
 .text.raise    0x0800f154       0x5c f:/work/arm-none-eabi-gcc/gcc-arm-none-eabi-10.3-2021.10-win32/gcc-arm-none-eabi-10.3-2021.10/bin/../lib/gcc/arm-none-eabi/10.3.1/../../../../arm-none-eabi/lib/thumb/v7e-m/nofp\libg.a(lib_a-signal.o)
                0x0800f154                raise
 .text._kill_r  0x0800f1b0       0x2c f:/work/arm-none-eabi-gcc/gcc-arm-none-eabi-10.3-2021.10-win32/gcc-arm-none-eabi-10.3-2021.10/bin/../lib/gcc/arm-none-eabi/10.3.1/../../../../arm-none-eabi/lib/thumb/v7e-m/nofp\libg.a(lib_a-signalr.o)
                0x0800f1b0                _kill_r
 .text._getpid_r
                0x0800f1dc        0x4 f:/work/arm-none-eabi-gcc/gcc-arm-none-eabi-10.3-2021.10-win32/gcc-arm-none-eabi-10.3-2021.10/bin/../lib/gcc/arm-none-eabi/10.3.1/../../../../arm-none-eabi/lib/thumb/v7e-m/nofp\libg.a(lib_a-signalr.o)
                0x0800f1dc                _getpid_r
 *(.glue_7)
 .glue_7        0x0800f1e0        0x0 linker stubs
 *(.glue_7t)
 .glue_7t       0x0800f1e0        0x0 linker stubs
 *(.eh_frame)
 .eh_frame      0x0800f1e0        0x0 f:/work/arm-none-eabi-gcc/gcc-arm-none-eabi-10.3-2021.10-win32/gcc-arm-none-eabi-10.3-2021.10/bin/../lib/gcc/arm-none-eabi/10.3.1/thumb/v7e-m/nofp/crtbegin.o
 *(.init)
 .init          0x0800f1e0        0x4 f:/work/arm-none-eabi-gcc/gcc-arm-none-eabi-10.3-2021.10-win32/gcc-arm-none-eabi-10.3-2021.10/bin/../lib/gcc/arm-none-eabi/10.3.1/thumb/v7e-m/nofp/crti.o
                0x0800f1e0                _init
 .init          0x0800f1e4        0x8 f:/work/arm-none-eabi-gcc/gcc-arm-none-eabi-10.3-2021.10-win32/gcc-arm-none-eabi-10.3-2021.10/bin/../lib/gcc/arm-none-eabi/10.3.1/thumb/v7e-m/nofp/crtn.o
 *(.fini)
 .fini          0x0800f1ec        0x4 f:/work/arm-none-eabi-gcc/gcc-arm-none-eabi-10.3-2021.10-win32/gcc-arm-none-eabi-10.3-2021.10/bin/../lib/gcc/arm-none-eabi/10.3.1/thumb/v7e-m/nofp/crti.o
                0x0800f1ec                _fini
 .fini          0x0800f1f0        0x8 f:/work/arm-none-eabi-gcc/gcc-arm-none-eabi-10.3-2021.10-win32/gcc-arm-none-eabi-10.3-2021.10/bin/../lib/gcc/arm-none-eabi/10.3.1/thumb/v7e-m/nofp/crtn.o
                0x0800f1f8                . = ALIGN (0x4)
                0x0800f1f8                _etext = .

.vfp11_veneer   0x0800f1f8        0x0
 .vfp11_veneer  0x0800f1f8        0x0 linker stubs

.v4_bx          0x0800f1f8        0x0
 .v4_bx         0x0800f1f8        0x0 linker stubs

.iplt           0x0800f1f8        0x0
 .iplt          0x0800f1f8        0x0 f:/work/arm-none-eabi-gcc/gcc-arm-none-eabi-10.3-2021.10-win32/gcc-arm-none-eabi-10.3-2021.10/bin/../lib/gcc/arm-none-eabi/10.3.1/thumb/v7e-m/nofp/crtbegin.o

.rodata         0x0800f1f8      0x478
                0x0800f1f8                . = ALIGN (0x4)
 *(.rodata)
 *(.rodata*)
 .rodata.SPI1_ReadBytes.str1.4
                0x0800f1f8       0x35 CMakeFiles/9268+S15909.elf.dir/Core/Src/AD9268.c.obj
 *fill*         0x0800f22d        0x3 
 .rodata.D1CorePrescTable
                0x0800f230       0x10 CMakeFiles/9268+S15909.elf.dir/Core/Src/system_stm32h7xx.c.obj
                0x0800f230                D1CorePrescTable
 .rodata.flagBitshiftOffset.0
                0x0800f240        0x8 CMakeFiles/9268+S15909.elf.dir/Drivers/STM32H7xx_HAL_Driver/Src/stm32h7xx_hal_dma.c.obj
 .rodata.UARTPrescTable
                0x0800f248       0x18 CMakeFiles/9268+S15909.elf.dir/Drivers/STM32H7xx_HAL_Driver/Src/stm32h7xx_hal_uart.c.obj
                0x0800f248                UARTPrescTable
 .rodata.denominator.0
                0x0800f260        0x8 CMakeFiles/9268+S15909.elf.dir/Drivers/STM32H7xx_HAL_Driver/Src/stm32h7xx_hal_uart_ex.c.obj
 .rodata.numerator.1
                0x0800f268        0x8 CMakeFiles/9268+S15909.elf.dir/Drivers/STM32H7xx_HAL_Driver/Src/stm32h7xx_hal_uart_ex.c.obj
 .rodata._global_impure_ptr
                0x0800f270        0x4 f:/work/arm-none-eabi-gcc/gcc-arm-none-eabi-10.3-2021.10-win32/gcc-arm-none-eabi-10.3-2021.10/bin/../lib/gcc/arm-none-eabi/10.3.1/../../../../arm-none-eabi/lib/thumb/v7e-m/nofp\libg.a(lib_a-impure.o)
                0x0800f270                _global_impure_ptr
 .rodata._puts_r.str1.4
                0x0800f274        0x2 f:/work/arm-none-eabi-gcc/gcc-arm-none-eabi-10.3-2021.10-win32/gcc-arm-none-eabi-10.3-2021.10/bin/../lib/gcc/arm-none-eabi/10.3.1/../../../../arm-none-eabi/lib/thumb/v7e-m/nofp\libg.a(lib_a-puts.o)
 *fill*         0x0800f276        0x2 
 .rodata._vfprintf_r.str1.4
                0x0800f278       0x42 f:/work/arm-none-eabi-gcc/gcc-arm-none-eabi-10.3-2021.10-win32/gcc-arm-none-eabi-10.3-2021.10/bin/../lib/gcc/arm-none-eabi/10.3.1/../../../../arm-none-eabi/lib/thumb/v7e-m/nofp\libg.a(lib_a-vfprintf.o)
 *fill*         0x0800f2ba        0x2 
 .rodata.blanks.1
                0x0800f2bc       0x10 f:/work/arm-none-eabi-gcc/gcc-arm-none-eabi-10.3-2021.10-win32/gcc-arm-none-eabi-10.3-2021.10/bin/../lib/gcc/arm-none-eabi/10.3.1/../../../../arm-none-eabi/lib/thumb/v7e-m/nofp\libg.a(lib_a-vfprintf.o)
 .rodata.zeroes.0
                0x0800f2cc       0x10 f:/work/arm-none-eabi-gcc/gcc-arm-none-eabi-10.3-2021.10-win32/gcc-arm-none-eabi-10.3-2021.10/bin/../lib/gcc/arm-none-eabi/10.3.1/../../../../arm-none-eabi/lib/thumb/v7e-m/nofp\libg.a(lib_a-vfprintf.o)
 .rodata._dtoa_r.str1.4
                0x0800f2dc       0xa2 f:/work/arm-none-eabi-gcc/gcc-arm-none-eabi-10.3-2021.10-win32/gcc-arm-none-eabi-10.3-2021.10/bin/../lib/gcc/arm-none-eabi/10.3.1/../../../../arm-none-eabi/lib/thumb/v7e-m/nofp\libg.a(lib_a-dtoa.o)
                                 0xa6 (size before relaxing)
 *fill*         0x0800f37e        0x2 
 .rodata.__multadd.str1.4
                0x0800f380       0x7f f:/work/arm-none-eabi-gcc/gcc-arm-none-eabi-10.3-2021.10-win32/gcc-arm-none-eabi-10.3-2021.10/bin/../lib/gcc/arm-none-eabi/10.3.1/../../../../arm-none-eabi/lib/thumb/v7e-m/nofp\libg.a(lib_a-mprec.o)
                                 0x93 (size before relaxing)
 *fill*         0x0800f3ff        0x1 
 .rodata.__mprec_bigtens
                0x0800f400       0x28 f:/work/arm-none-eabi-gcc/gcc-arm-none-eabi-10.3-2021.10-win32/gcc-arm-none-eabi-10.3-2021.10/bin/../lib/gcc/arm-none-eabi/10.3.1/../../../../arm-none-eabi/lib/thumb/v7e-m/nofp\libg.a(lib_a-mprec.o)
                0x0800f400                __mprec_bigtens
 .rodata.__mprec_tens
                0x0800f428       0xc8 f:/work/arm-none-eabi-gcc/gcc-arm-none-eabi-10.3-2021.10-win32/gcc-arm-none-eabi-10.3-2021.10/bin/../lib/gcc/arm-none-eabi/10.3.1/../../../../arm-none-eabi/lib/thumb/v7e-m/nofp\libg.a(lib_a-mprec.o)
                0x0800f428                __mprec_tens
 .rodata.p05.0  0x0800f4f0        0xc f:/work/arm-none-eabi-gcc/gcc-arm-none-eabi-10.3-2021.10-win32/gcc-arm-none-eabi-10.3-2021.10/bin/../lib/gcc/arm-none-eabi/10.3.1/../../../../arm-none-eabi/lib/thumb/v7e-m/nofp\libg.a(lib_a-mprec.o)
 .rodata._vfiprintf_r.str1.4
                0x0800f4fc       0x2f f:/work/arm-none-eabi-gcc/gcc-arm-none-eabi-10.3-2021.10-win32/gcc-arm-none-eabi-10.3-2021.10/bin/../lib/gcc/arm-none-eabi/10.3.1/../../../../arm-none-eabi/lib/thumb/v7e-m/nofp\libg.a(lib_a-vfiprintf.o)
 .rodata.blanks.1
                0x0800f4fc       0x10 f:/work/arm-none-eabi-gcc/gcc-arm-none-eabi-10.3-2021.10-win32/gcc-arm-none-eabi-10.3-2021.10/bin/../lib/gcc/arm-none-eabi/10.3.1/../../../../arm-none-eabi/lib/thumb/v7e-m/nofp\libg.a(lib_a-vfiprintf.o)
 .rodata.zeroes.0
                0x0800f50c       0x10 f:/work/arm-none-eabi-gcc/gcc-arm-none-eabi-10.3-2021.10-win32/gcc-arm-none-eabi-10.3-2021.10/bin/../lib/gcc/arm-none-eabi/10.3.1/../../../../arm-none-eabi/lib/thumb/v7e-m/nofp\libg.a(lib_a-vfiprintf.o)
 .rodata.__assert_func.str1.4
                0x0800f51c       0x3f f:/work/arm-none-eabi-gcc/gcc-arm-none-eabi-10.3-2021.10-win32/gcc-arm-none-eabi-10.3-2021.10/bin/../lib/gcc/arm-none-eabi/10.3.1/../../../../arm-none-eabi/lib/thumb/v7e-m/nofp\libg.a(lib_a-assert.o)
                                 0x43 (size before relaxing)
 *fill*         0x0800f55b        0x1 
 .rodata._setlocale_r.str1.4
                0x0800f55c        0xa f:/work/arm-none-eabi-gcc/gcc-arm-none-eabi-10.3-2021.10-win32/gcc-arm-none-eabi-10.3-2021.10/bin/../lib/gcc/arm-none-eabi/10.3.1/../../../../arm-none-eabi/lib/thumb/v7e-m/nofp\libg.a(lib_a-locale.o)
                                  0xd (size before relaxing)
 *fill*         0x0800f566        0x2 
 .rodata.str1.4
                0x0800f568        0x2 f:/work/arm-none-eabi-gcc/gcc-arm-none-eabi-10.3-2021.10-win32/gcc-arm-none-eabi-10.3-2021.10/bin/../lib/gcc/arm-none-eabi/10.3.1/../../../../arm-none-eabi/lib/thumb/v7e-m/nofp\libg.a(lib_a-locale.o)
 *fill*         0x0800f56a        0x2 
 .rodata._ctype_
                0x0800f56c      0x101 f:/work/arm-none-eabi-gcc/gcc-arm-none-eabi-10.3-2021.10-win32/gcc-arm-none-eabi-10.3-2021.10/bin/../lib/gcc/arm-none-eabi/10.3.1/../../../../arm-none-eabi/lib/thumb/v7e-m/nofp\libg.a(lib_a-ctype_.o)
                0x0800f56c                _ctype_
                0x0800f670                . = ALIGN (0x4)
 *fill*         0x0800f66d        0x3 

.ARM.extab
 *(.ARM.extab* .gnu.linkonce.armextab.*)

.ARM            0x0800f670        0x8
                0x0800f670                __exidx_start = .
 *(.ARM.exidx*)
 .ARM.exidx     0x0800f670        0x8 f:/work/arm-none-eabi-gcc/gcc-arm-none-eabi-10.3-2021.10-win32/gcc-arm-none-eabi-10.3-2021.10/bin/../lib/gcc/arm-none-eabi/10.3.1/thumb/v7e-m/nofp\libgcc.a(_udivmoddi4.o)
                0x0800f678                __exidx_end = .

.rel.dyn        0x0800f678        0x0
 .rel.iplt      0x0800f678        0x0 f:/work/arm-none-eabi-gcc/gcc-arm-none-eabi-10.3-2021.10-win32/gcc-arm-none-eabi-10.3-2021.10/bin/../lib/gcc/arm-none-eabi/10.3.1/thumb/v7e-m/nofp/crtbegin.o

.preinit_array  0x0800f678        0x0
                0x0800f678                PROVIDE (__preinit_array_start = .)
 *(.preinit_array*)
                0x0800f678                PROVIDE (__preinit_array_end = .)

.init_array     0x0800f678        0x8
                0x0800f678                PROVIDE (__init_array_start = .)
 *(SORT_BY_NAME(.init_array.*))
 .init_array.00000
                0x0800f678        0x4 f:/work/arm-none-eabi-gcc/gcc-arm-none-eabi-10.3-2021.10-win32/gcc-arm-none-eabi-10.3-2021.10/bin/../lib/gcc/arm-none-eabi/10.3.1/../../../../arm-none-eabi/lib/thumb/v7e-m/nofp\libg.a(lib_a-__call_atexit.o)
 *(.init_array*)
 .init_array    0x0800f67c        0x4 f:/work/arm-none-eabi-gcc/gcc-arm-none-eabi-10.3-2021.10-win32/gcc-arm-none-eabi-10.3-2021.10/bin/../lib/gcc/arm-none-eabi/10.3.1/thumb/v7e-m/nofp/crtbegin.o
                0x0800f680                PROVIDE (__init_array_end = .)

.fini_array     0x0800f680        0x4
                0x0800f680                PROVIDE (__fini_array_start = .)
 *(SORT_BY_NAME(.fini_array.*))
 *(.fini_array*)
 .fini_array    0x0800f680        0x4 f:/work/arm-none-eabi-gcc/gcc-arm-none-eabi-10.3-2021.10-win32/gcc-arm-none-eabi-10.3-2021.10/bin/../lib/gcc/arm-none-eabi/10.3.1/thumb/v7e-m/nofp/crtbegin.o
                0x0800f684                PROVIDE (__fini_array_end = .)
                0x0800f684                _sidata = LOADADDR (.data)

.data           0x24000000      0x9c0 load address 0x0800f684
                0x24000000                . = ALIGN (0x4)
                0x24000000                _sdata = .
 *(.data)
 *(.data*)
 .data.SystemCoreClock
                0x24000000        0x4 CMakeFiles/9268+S15909.elf.dir/Core/Src/system_stm32h7xx.c.obj
                0x24000000                SystemCoreClock
 .data.SystemD2Clock
                0x24000004        0x4 CMakeFiles/9268+S15909.elf.dir/Core/Src/system_stm32h7xx.c.obj
                0x24000004                SystemD2Clock
 .data.uwTickFreq
                0x24000008        0x1 CMakeFiles/9268+S15909.elf.dir/Drivers/STM32H7xx_HAL_Driver/Src/stm32h7xx_hal.c.obj
                0x24000008                uwTickFreq
 *fill*         0x24000009        0x3 
 .data.uwTickPrio
                0x2400000c        0x4 CMakeFiles/9268+S15909.elf.dir/Drivers/STM32H7xx_HAL_Driver/Src/stm32h7xx_hal.c.obj
                0x2400000c                uwTickPrio
 .data._impure_ptr
                0x24000010        0x4 f:/work/arm-none-eabi-gcc/gcc-arm-none-eabi-10.3-2021.10-win32/gcc-arm-none-eabi-10.3-2021.10/bin/../lib/gcc/arm-none-eabi/10.3.1/../../../../arm-none-eabi/lib/thumb/v7e-m/nofp\libg.a(lib_a-impure.o)
                0x24000010                _impure_ptr
 *fill*         0x24000014        0x4 
 .data.impure_data
                0x24000018      0x428 f:/work/arm-none-eabi-gcc/gcc-arm-none-eabi-10.3-2021.10-win32/gcc-arm-none-eabi-10.3-2021.10/bin/../lib/gcc/arm-none-eabi/10.3.1/../../../../arm-none-eabi/lib/thumb/v7e-m/nofp\libg.a(lib_a-impure.o)
 .data.__atexit_recursive_mutex
                0x24000440        0x4 f:/work/arm-none-eabi-gcc/gcc-arm-none-eabi-10.3-2021.10-win32/gcc-arm-none-eabi-10.3-2021.10/bin/../lib/gcc/arm-none-eabi/10.3.1/../../../../arm-none-eabi/lib/thumb/v7e-m/nofp\libg.a(lib_a-__call_atexit.o)
                0x24000440                __atexit_recursive_mutex
 .data.__malloc_av_
                0x24000444      0x408 f:/work/arm-none-eabi-gcc/gcc-arm-none-eabi-10.3-2021.10-win32/gcc-arm-none-eabi-10.3-2021.10/bin/../lib/gcc/arm-none-eabi/10.3.1/../../../../arm-none-eabi/lib/thumb/v7e-m/nofp\libg.a(lib_a-mallocr.o)
                0x24000444                __malloc_av_
 .data.__malloc_sbrk_base
                0x2400084c        0x4 f:/work/arm-none-eabi-gcc/gcc-arm-none-eabi-10.3-2021.10-win32/gcc-arm-none-eabi-10.3-2021.10/bin/../lib/gcc/arm-none-eabi/10.3.1/../../../../arm-none-eabi/lib/thumb/v7e-m/nofp\libg.a(lib_a-mallocr.o)
                0x2400084c                __malloc_sbrk_base
 .data.__malloc_trim_threshold
                0x24000850        0x4 f:/work/arm-none-eabi-gcc/gcc-arm-none-eabi-10.3-2021.10-win32/gcc-arm-none-eabi-10.3-2021.10/bin/../lib/gcc/arm-none-eabi/10.3.1/../../../../arm-none-eabi/lib/thumb/v7e-m/nofp\libg.a(lib_a-mallocr.o)
                0x24000850                __malloc_trim_threshold
 .data.__global_locale
                0x24000854      0x16c f:/work/arm-none-eabi-gcc/gcc-arm-none-eabi-10.3-2021.10-win32/gcc-arm-none-eabi-10.3-2021.10/bin/../lib/gcc/arm-none-eabi/10.3.1/../../../../arm-none-eabi/lib/thumb/v7e-m/nofp\libg.a(lib_a-locale.o)
                0x24000854                __global_locale
 *(.RamFunc)
 *(.RamFunc*)
                0x240009c0                . = ALIGN (0x4)
                0x240009c0                _edata = .

.igot.plt       0x240009c0        0x0 load address 0x08010044
 .igot.plt      0x240009c0        0x0 f:/work/arm-none-eabi-gcc/gcc-arm-none-eabi-10.3-2021.10-win32/gcc-arm-none-eabi-10.3-2021.10/bin/../lib/gcc/arm-none-eabi/10.3.1/thumb/v7e-m/nofp/crtbegin.o
                0x240009c0                . = ALIGN (0x4)

.bss            0x240009c0      0xddc load address 0x08010044
                0x240009c0                _sbss = .
                0x240009c0                __bss_start__ = _sbss
 *(.bss)
 .bss           0x240009c0       0x1c f:/work/arm-none-eabi-gcc/gcc-arm-none-eabi-10.3-2021.10-win32/gcc-arm-none-eabi-10.3-2021.10/bin/../lib/gcc/arm-none-eabi/10.3.1/thumb/v7e-m/nofp/crtbegin.o
 *(.bss*)
 .bss.SPI_RxBuf
                0x240009dc       0x10 CMakeFiles/9268+S15909.elf.dir/Core/Src/AD9268.c.obj
                0x240009dc                SPI_RxBuf
 .bss.SPI_TxBuf
                0x240009ec      0x100 CMakeFiles/9268+S15909.elf.dir/Core/Src/AD9268.c.obj
                0x240009ec                SPI_TxBuf
 .bss.gHuart    0x24000aec        0x4 CMakeFiles/9268+S15909.elf.dir/Core/Src/Retarget.c.obj
                0x24000aec                gHuart
 .bss.adc_16bit_value
                0x24000af0      0x400 CMakeFiles/9268+S15909.elf.dir/Core/Src/main.c.obj
                0x24000af0                adc_16bit_value
 .bss.adc_ans   0x24000ef0      0x400 CMakeFiles/9268+S15909.elf.dir/Core/Src/main.c.obj
                0x24000ef0                adc_ans
 .bss.hspi1     0x240012f0       0x88 CMakeFiles/9268+S15909.elf.dir/Core/Src/spi.c.obj
                0x240012f0                hspi1
 .bss.__sbrk_heap_end
                0x24001378        0x4 CMakeFiles/9268+S15909.elf.dir/Core/Src/sysmem.c.obj
 .bss.htim1     0x2400137c       0x4c CMakeFiles/9268+S15909.elf.dir/Core/Src/tim.c.obj
                0x2400137c                htim1
 .bss.htim2     0x240013c8       0x4c CMakeFiles/9268+S15909.elf.dir/Core/Src/tim.c.obj
                0x240013c8                htim2
 .bss.htim3     0x24001414       0x4c CMakeFiles/9268+S15909.elf.dir/Core/Src/tim.c.obj
                0x24001414                htim3
 .bss.htim4     0x24001460       0x4c CMakeFiles/9268+S15909.elf.dir/Core/Src/tim.c.obj
                0x24001460                htim4
 .bss.g_rx_buffer
                0x240014ac        0x1 CMakeFiles/9268+S15909.elf.dir/Core/Src/usart.c.obj
                0x240014ac                g_rx_buffer
 *fill*         0x240014ad        0x3 
 .bss.g_usart_rx_buf
                0x240014b0      0x190 CMakeFiles/9268+S15909.elf.dir/Core/Src/usart.c.obj
                0x240014b0                g_usart_rx_buf
 .bss.g_usart_rx_sta
                0x24001640        0x2 CMakeFiles/9268+S15909.elf.dir/Core/Src/usart.c.obj
                0x24001640                g_usart_rx_sta
 *fill*         0x24001642        0x2 
 .bss.hdma_usart1_tx
                0x24001644       0x78 CMakeFiles/9268+S15909.elf.dir/Core/Src/usart.c.obj
                0x24001644                hdma_usart1_tx
 .bss.huart1    0x240016bc       0x94 CMakeFiles/9268+S15909.elf.dir/Core/Src/usart.c.obj
                0x240016bc                huart1
 .bss.uwTick    0x24001750        0x4 CMakeFiles/9268+S15909.elf.dir/Drivers/STM32H7xx_HAL_Driver/Src/stm32h7xx_hal.c.obj
                0x24001750                uwTick
 .bss.__lock___atexit_recursive_mutex
                0x24001754        0x1 f:/work/arm-none-eabi-gcc/gcc-arm-none-eabi-10.3-2021.10-win32/gcc-arm-none-eabi-10.3-2021.10/bin/../lib/gcc/arm-none-eabi/10.3.1/../../../../arm-none-eabi/lib/thumb/v7e-m/nofp\libg.a(lib_a-lock.o)
                0x24001754                __lock___atexit_recursive_mutex
 *fill*         0x24001755        0x3 
 .bss.__lock___malloc_recursive_mutex
                0x24001758        0x1 f:/work/arm-none-eabi-gcc/gcc-arm-none-eabi-10.3-2021.10-win32/gcc-arm-none-eabi-10.3-2021.10/bin/../lib/gcc/arm-none-eabi/10.3.1/../../../../arm-none-eabi/lib/thumb/v7e-m/nofp\libg.a(lib_a-lock.o)
                0x24001758                __lock___malloc_recursive_mutex
 *fill*         0x24001759        0x3 
 .bss.__lock___sfp_recursive_mutex
                0x2400175c        0x1 f:/work/arm-none-eabi-gcc/gcc-arm-none-eabi-10.3-2021.10-win32/gcc-arm-none-eabi-10.3-2021.10/bin/../lib/gcc/arm-none-eabi/10.3.1/../../../../arm-none-eabi/lib/thumb/v7e-m/nofp\libg.a(lib_a-lock.o)
                0x2400175c                __lock___sfp_recursive_mutex
 *fill*         0x2400175d        0x3 
 .bss.__lock___sinit_recursive_mutex
                0x24001760        0x1 f:/work/arm-none-eabi-gcc/gcc-arm-none-eabi-10.3-2021.10-win32/gcc-arm-none-eabi-10.3-2021.10/bin/../lib/gcc/arm-none-eabi/10.3.1/../../../../arm-none-eabi/lib/thumb/v7e-m/nofp\libg.a(lib_a-lock.o)
                0x24001760                __lock___sinit_recursive_mutex
 *fill*         0x24001761        0x3 
 .bss.__malloc_current_mallinfo
                0x24001764       0x28 f:/work/arm-none-eabi-gcc/gcc-arm-none-eabi-10.3-2021.10-win32/gcc-arm-none-eabi-10.3-2021.10/bin/../lib/gcc/arm-none-eabi/10.3.1/../../../../arm-none-eabi/lib/thumb/v7e-m/nofp\libg.a(lib_a-mallocr.o)
                0x24001764                __malloc_current_mallinfo
 .bss.__malloc_max_sbrked_mem
                0x2400178c        0x4 f:/work/arm-none-eabi-gcc/gcc-arm-none-eabi-10.3-2021.10-win32/gcc-arm-none-eabi-10.3-2021.10/bin/../lib/gcc/arm-none-eabi/10.3.1/../../../../arm-none-eabi/lib/thumb/v7e-m/nofp\libg.a(lib_a-mallocr.o)
                0x2400178c                __malloc_max_sbrked_mem
 .bss.__malloc_max_total_mem
                0x24001790        0x4 f:/work/arm-none-eabi-gcc/gcc-arm-none-eabi-10.3-2021.10-win32/gcc-arm-none-eabi-10.3-2021.10/bin/../lib/gcc/arm-none-eabi/10.3.1/../../../../arm-none-eabi/lib/thumb/v7e-m/nofp\libg.a(lib_a-mallocr.o)
                0x24001790                __malloc_max_total_mem
 .bss.__malloc_top_pad
                0x24001794        0x4 f:/work/arm-none-eabi-gcc/gcc-arm-none-eabi-10.3-2021.10-win32/gcc-arm-none-eabi-10.3-2021.10/bin/../lib/gcc/arm-none-eabi/10.3.1/../../../../arm-none-eabi/lib/thumb/v7e-m/nofp\libg.a(lib_a-mallocr.o)
                0x24001794                __malloc_top_pad
 .bss.errno     0x24001798        0x4 f:/work/arm-none-eabi-gcc/gcc-arm-none-eabi-10.3-2021.10-win32/gcc-arm-none-eabi-10.3-2021.10/bin/../lib/gcc/arm-none-eabi/10.3.1/../../../../arm-none-eabi/lib/thumb/v7e-m/nofp\libg.a(lib_a-reent.o)
                0x24001798                errno
 *(COMMON)
                0x2400179c                . = ALIGN (0x4)
                0x2400179c                _ebss = .
                0x2400179c                __bss_end__ = _ebss

._user_heap_stack
                0x2400179c      0x804 load address 0x08010044
                0x240017a0                . = ALIGN (0x8)
 *fill*         0x2400179c        0x4 
                [!provide]                PROVIDE (end = .)
                0x240017a0                PROVIDE (_end = .)
                0x24001ba0                . = (. + _Min_Heap_Size)
 *fill*         0x240017a0      0x400 
                0x24001fa0                . = (. + _Min_Stack_Size)
 *fill*         0x24001ba0      0x400 
                0x24001fa0                . = ALIGN (0x8)

/DISCARD/
 libc.a(*)
 libm.a(*)
 libgcc.a(*)

.ARM.attributes