Archive member included to satisfy reference by file (symbol)

f:/work/arm-none-eabi-gcc/gcc-arm-none-eabi-10.3-2021.10-win32/gcc-arm-none-eabi-10.3-2021.10/bin/../lib/gcc/arm-none-eabi/10.3.1/thumb/v7e-m/nofp\libgcc.a(_arm_mulsf3.o)
                              CMakeFiles/9268+S15909.elf.dir/Core/Src/system_stm32h7xx.c.obj (__aeabi_fmul)
f:/work/arm-none-eabi-gcc/gcc-arm-none-eabi-10.3-2021.10-win32/gcc-arm-none-eabi-10.3-2021.10/bin/../lib/gcc/arm-none-eabi/10.3.1/thumb/v7e-m/nofp\libgcc.a(_arm_addsubsf3.o)
                              CMakeFiles/9268+S15909.elf.dir/Core/Src/system_stm32h7xx.c.obj (__aeabi_fadd)
f:/work/arm-none-eabi-gcc/gcc-arm-none-eabi-10.3-2021.10-win32/gcc-arm-none-eabi-10.3-2021.10/bin/../lib/gcc/arm-none-eabi/10.3.1/thumb/v7e-m/nofp\libgcc.a(_arm_muldivsf3.o)
                              CMakeFiles/9268+S15909.elf.dir/Core/Src/system_stm32h7xx.c.obj (__aeabi_fdiv)
f:/work/arm-none-eabi-gcc/gcc-arm-none-eabi-10.3-2021.10-win32/gcc-arm-none-eabi-10.3-2021.10/bin/../lib/gcc/arm-none-eabi/10.3.1/thumb/v7e-m/nofp\libgcc.a(_arm_fixunssfsi.o)
                              CMakeFiles/9268+S15909.elf.dir/Core/Src/system_stm32h7xx.c.obj (__aeabi_f2uiz)
f:/work/arm-none-eabi-gcc/gcc-arm-none-eabi-10.3-2021.10-win32/gcc-arm-none-eabi-10.3-2021.10/bin/../lib/gcc/arm-none-eabi/10.3.1/thumb/v7e-m/nofp\libgcc.a(_aeabi_uldivmod.o)
                              CMakeFiles/9268+S15909.elf.dir/Drivers/STM32H7xx_HAL_Driver/Src/stm32h7xx_hal_uart.c.obj (__aeabi_uldivmod)
f:/work/arm-none-eabi-gcc/gcc-arm-none-eabi-10.3-2021.10-win32/gcc-arm-none-eabi-10.3-2021.10/bin/../lib/gcc/arm-none-eabi/10.3.1/thumb/v7e-m/nofp\libgcc.a(_udivmoddi4.o)
                              f:/work/arm-none-eabi-gcc/gcc-arm-none-eabi-10.3-2021.10-win32/gcc-arm-none-eabi-10.3-2021.10/bin/../lib/gcc/arm-none-eabi/10.3.1/thumb/v7e-m/nofp\libgcc.a(_aeabi_uldivmod.o) (__udivmoddi4)
f:/work/arm-none-eabi-gcc/gcc-arm-none-eabi-10.3-2021.10-win32/gcc-arm-none-eabi-10.3-2021.10/bin/../lib/gcc/arm-none-eabi/10.3.1/thumb/v7e-m/nofp\libgcc.a(_dvmd_tls.o)
                              f:/work/arm-none-eabi-gcc/gcc-arm-none-eabi-10.3-2021.10-win32/gcc-arm-none-eabi-10.3-2021.10/bin/../lib/gcc/arm-none-eabi/10.3.1/thumb/v7e-m/nofp\libgcc.a(_aeabi_uldivmod.o) (__aeabi_ldiv0)
f:/work/arm-none-eabi-gcc/gcc-arm-none-eabi-10.3-2021.10-win32/gcc-arm-none-eabi-10.3-2021.10/bin/../lib/gcc/arm-none-eabi/10.3.1/../../../../arm-none-eabi/lib/thumb/v7e-m/nofp\libg.a(lib_a-errno.o)
                              CMakeFiles/9268+S15909.elf.dir/Core/Src/Retarget.c.obj (__errno)
f:/work/arm-none-eabi-gcc/gcc-arm-none-eabi-10.3-2021.10-win32/gcc-arm-none-eabi-10.3-2021.10/bin/../lib/gcc/arm-none-eabi/10.3.1/../../../../arm-none-eabi/lib/thumb/v7e-m/nofp\libg.a(lib_a-exit.o)
                              f:/work/arm-none-eabi-gcc/gcc-arm-none-eabi-10.3-2021.10-win32/gcc-arm-none-eabi-10.3-2021.10/bin/../lib/gcc/arm-none-eabi/10.3.1/../../../../arm-none-eabi/lib/thumb/v7e-m/nofp/crt0.o (exit)
f:/work/arm-none-eabi-gcc/gcc-arm-none-eabi-10.3-2021.10-win32/gcc-arm-none-eabi-10.3-2021.10/bin/../lib/gcc/arm-none-eabi/10.3.1/../../../../arm-none-eabi/lib/thumb/v7e-m/nofp\libg.a(lib_a-impure.o)
                              f:/work/arm-none-eabi-gcc/gcc-arm-none-eabi-10.3-2021.10-win32/gcc-arm-none-eabi-10.3-2021.10/bin/../lib/gcc/arm-none-eabi/10.3.1/../../../../arm-none-eabi/lib/thumb/v7e-m/nofp\libg.a(lib_a-exit.o) (_global_impure_ptr)
f:/work/arm-none-eabi-gcc/gcc-arm-none-eabi-10.3-2021.10-win32/gcc-arm-none-eabi-10.3-2021.10/bin/../lib/gcc/arm-none-eabi/10.3.1/../../../../arm-none-eabi/lib/thumb/v7e-m/nofp\libg.a(lib_a-init.o)
                              f:/work/arm-none-eabi-gcc/gcc-arm-none-eabi-10.3-2021.10-win32/gcc-arm-none-eabi-10.3-2021.10/bin/../lib/gcc/arm-none-eabi/10.3.1/../../../../arm-none-eabi/lib/thumb/v7e-m/nofp/crt0.o (__libc_init_array)
f:/work/arm-none-eabi-gcc/gcc-arm-none-eabi-10.3-2021.10-win32/gcc-arm-none-eabi-10.3-2021.10/bin/../lib/gcc/arm-none-eabi/10.3.1/../../../../arm-none-eabi/lib/thumb/v7e-m/nofp\libg.a(lib_a-memset.o)
                              f:/work/arm-none-eabi-gcc/gcc-arm-none-eabi-10.3-2021.10-win32/gcc-arm-none-eabi-10.3-2021.10/bin/../lib/gcc/arm-none-eabi/10.3.1/../../../../arm-none-eabi/lib/thumb/v7e-m/nofp/crt0.o (memset)
f:/work/arm-none-eabi-gcc/gcc-arm-none-eabi-10.3-2021.10-win32/gcc-arm-none-eabi-10.3-2021.10/bin/../lib/gcc/arm-none-eabi/10.3.1/../../../../arm-none-eabi/lib/thumb/v7e-m/nofp\libg.a(lib_a-printf.o)
                              CMakeFiles/9268+S15909.elf.dir/Core/Src/AD9268.c.obj (printf)
f:/work/arm-none-eabi-gcc/gcc-arm-none-eabi-10.3-2021.10-win32/gcc-arm-none-eabi-10.3-2021.10/bin/../lib/gcc/arm-none-eabi/10.3.1/../../../../arm-none-eabi/lib/thumb/v7e-m/nofp\libg.a(lib_a-puts.o)
                              CMakeFiles/9268+S15909.elf.dir/Core/Src/AD9268.c.obj (puts)
[...]
Memory Configuration

Name             Origin             Length             Attributes
FLASH            0x08000000         0x00020000         xr
DTCMRAM          0x20000000         0x00020000         xrw
RAM_D1           0x24000000         0x00080000         xrw
RAM_D2           0x30000000         0x00048000         xrw
RAM_D3           0x38000000         0x00010000         xrw
ITCMRAM          0x00000000         0x00010000         xrw
*default*        0x00000000         0xffffffff

Linker script and memory map

LOAD f:/work/arm-none-eabi-gcc/gcc-arm-none-eabi-10.3-2021.10-win32/gcc-arm-none-eabi-10.3-2021.10/bin/../lib/gcc/arm-none-eabi/10.3.1/thumb/v7e-m/nofp/crti.o
LOAD f:/work/arm-none-eabi-gcc/gcc-arm-none-eabi-10.3-2021.10-win32/gcc-arm-none-eabi-10.3-2021.10/bin/../lib/gcc/arm-none-eabi/10.3.1/thumb/v7e-m/nofp/crtbegin.o
LOAD f:/work/arm-none-eabi-gcc/gcc-arm-none-eabi-10.3-2021.10-win32/gcc-arm-none-eabi-10.3-2021.10/bin/../lib/gcc/arm-none-eabi/10.3.1/../../../../arm-none-eabi/lib/thumb/v7e-m/nofp/crt0.o
LOAD CMakeFiles/9268+S15909.elf.dir/Core/Src/AD9268.c.obj
LOAD CMakeFiles/9268+S15909.elf.dir/Core/Src/Retarget.c.obj
LOAD CMakeFiles/9268+S15909.elf.dir/Core/Src/gpio.c.obj
LOAD CMakeFiles/9268+S15909.elf.dir/Core/Src/main.c.obj
LOAD CMakeFiles/9268+S15909.elf.dir/Core/Src/spi.c.obj
LOAD CMakeFiles/9268+S15909.elf.dir/Core/Src/stm32h7xx_hal_msp.c.obj
LOAD CMakeFiles/9268+S15909.elf.dir/Core/Src/stm32h7xx_it.c.obj
LOAD CMakeFiles/9268+S15909.elf.dir/Core/Src/syscalls.c.obj
LOAD CMakeFiles/9268+S15909.elf.dir/Core/Src/sysmem.c.obj
LOAD CMakeFiles/9268+S15909.elf.dir/Core/Src/system_stm32h7xx.c.obj
LOAD CMakeFiles/9268+S15909.elf.dir/Core/Src/tim.c.obj
LOAD CMakeFiles/9268+S15909.elf.dir/Core/Src/usart.c.obj
LOAD CMakeFiles/9268+S15909.elf.dir/Core/Startup/startup_stm32h750vbtx.s.obj
LOAD CMakeFiles/9268+S15909.elf.dir/Drivers/STM32H7xx_HAL_Driver/Src/stm32h7xx_hal.c.obj
LOAD CMakeFiles/9268+S15909.elf.dir/Drivers/STM32H7xx_HAL_Driver/Src/stm32h7xx_hal_cortex.c.obj
LOAD CMakeFiles/9268+S15909.elf.dir/Drivers/STM32H7xx_HAL_Driver/Src/stm32h7xx_hal_dma.c.obj
LOAD CMakeFiles/9268+S15909.elf.dir/Drivers/STM32H7xx_HAL_Driver/Src/stm32h7xx_hal_dma_ex.c.obj
LOAD CMakeFiles/9268+S15909.elf.dir/Drivers/STM32H7xx_HAL_Driver/Src/stm32h7xx_hal_exti.c.obj
LOAD CMakeFiles/9268+S15909.elf.dir/Drivers/STM32H7xx_HAL_Driver/Src/stm32h7xx_hal_flash.c.obj
LOAD CMakeFiles/9268+S15909.elf.dir/Drivers/STM32H7xx_HAL_Driver/Src/stm32h7xx_hal_flash_ex.c.obj
LOAD CMakeFiles/9268+S15909.elf.dir/Drivers/STM32H7xx_HAL_Driver/Src/stm32h7xx_hal_gpio.c.obj
LOAD CMakeFiles/9268+S15909.elf.dir/Drivers/STM32H7xx_HAL_Driver/Src/stm32h7xx_hal_hsem.c.obj
LOAD CMakeFiles/9268+S15909.elf.dir/Drivers/STM32H7xx_HAL_Driver/Src/stm32h7xx_hal_i2c.c.obj
LOAD CMakeFiles/9268+S15909.elf.dir/Drivers/STM32H7xx_HAL_Driver/Src/stm32h7xx_hal_i2c_ex.c.obj
LOAD CMakeFiles/9268+S15909.elf.dir/Drivers/STM32H7xx_HAL_Driver/Src/stm32h7xx_hal_mdma.c.obj
LOAD CMakeFiles/9268+S15909.elf.dir/Drivers/STM32H7xx_HAL_Driver/Src/stm32h7xx_hal_pwr.c.obj
LOAD CMakeFiles/9268+S15909.elf.dir/Drivers/STM32H7xx_HAL_Driver/Src/stm32h7xx_hal_pwr_ex.c.obj
LOAD CMakeFiles/9268+S15909.elf.dir/Drivers/STM32H7xx_HAL_Driver/Src/stm32h7xx_hal_rcc.c.obj
LOAD CMakeFiles/9268+S15909.elf.dir/Drivers/STM32H7xx_HAL_Driver/Src/stm32h7xx_hal_rcc_ex.c.obj
LOAD CMakeFiles/9268+S15909.elf.dir/Drivers/STM32H7xx_HAL_Driver/Src/stm32h7xx_hal_spi.c.obj
LOAD CMakeFiles/9268+S15909.elf.dir/Drivers/STM32H7xx_HAL_Driver/Src/stm32h7xx_hal_spi_ex.c.obj
LOAD CMakeFiles/9268+S15909.elf.dir/Drivers/STM32H7xx_HAL_Driver/Src/stm32h7xx_hal_tim.c.obj
LOAD CMakeFiles/9268+S15909.elf.dir/Drivers/STM32H7xx_HAL_Driver/Src/stm32h7xx_hal_tim_ex.c.obj
LOAD CMakeFiles/9268+S15909.elf.dir/Drivers/STM32H7xx_HAL_Driver/Src/stm32h7xx_hal_uart.c.obj
LOAD CMakeFiles/9268+S15909.elf.dir/Drivers/STM32H7xx_HAL_Driver/Src/stm32h7xx_hal_uart_ex.c.obj
START GROUP
LOAD f:/work/arm-none-eabi-gcc/gcc-arm-none-eabi-10.3-2021.10-win32/gcc-arm-none-eabi-10.3-2021.10/bin/../lib/gcc/arm-none-eabi/10.3.1/thumb/v7e-m/nofp\libgcc.a
LOAD f:/work/arm-none-eabi-gcc/gcc-arm-none-eabi-10.3-2021.10-win32/gcc-arm-none-eabi-10.3-2021.10/bin/../lib/gcc/arm-none-eabi/10.3.1/../../../../arm-none-eabi/lib/thumb/v7e-m/nofp\libg.a
LOAD f:/work/arm-none-eabi-gcc/gcc-arm-none-eabi-10.3-2021.10-win32/gcc-arm-none-eabi-10.3-2021.10/bin/../lib/gcc/arm-none-eabi/10.3.1/../../../../arm-none-eabi/lib/thumb/v7e-m/nofp\libc.a
END GROUP
LOAD f:/work/arm-none-eabi-gcc/gcc-arm-none-eabi-10.3-2021.10-win32/gcc-arm-none-eabi-10.3-2021.10/bin/../lib/gcc/arm-none-eabi/10.3.1/thumb/v7e-m/nofp/crtend.o
LOAD f:/work/arm-none-eabi-gcc/gcc-arm-none-eabi-10.3-2021.10-win32/gcc-arm-none-eabi-10.3-2021.10/bin/../lib/gcc/arm-none-eabi/10.3.1/thumb/v7e-m/nofp/crtn.o
                0x24080000                _estack = (ORIGIN (RAM_D1) + LENGTH (RAM_D1))
                0x00000400                _Min_Heap_Size = 0x400
                0x00000400                _Min_Stack_Size = 0x400

.isr_vector     0x08000000      0x298
                0x08000000                . = ALIGN (0x4)
 *(.isr_vector)
 .isr_vector    0x08000000      0x298 CMakeFiles/9268+S15909.elf.dir/Core/Startup/startup_stm32h750vbtx.s.obj
                0x08000000                g_pfnVectors
                0x08000298                . = ALIGN (0x4)

.text           0x080002c0     0xd3f0
                0x080002c0                . = ALIGN (0x4)
 *(.text)
 .text          0x080002c0       0x40 f:/work/arm-none-eabi-gcc/gcc-arm-none-eabi-10.3-2021.10-win32/gcc-arm-none-eabi-10.3-2021.10/bin/../lib/gcc/arm-none-eabi/10.3.1/thumb/v7e-m/nofp/crtbegin.o
 .text          0x08000300      0x21c f:/work/arm-none-eabi-gcc/gcc-arm-none-eabi-10.3-2021.10-win32/gcc-arm-none-eabi-10.3-2021.10/bin/../lib/gcc/arm-none-eabi/10.3.1/thumb/v7e-m/nofp\libgcc.a(_arm_addsubsf3.o)
                0x08000300                __aeabi_frsub
                0x08000308                __subsf3
                0x08000308                __aeabi_fsub
                0x0800030c                __aeabi_fadd
                0x0800030c                __addsf3
                0x0800046c                __aeabi_ui2f
                0x0800046c                __floatunsisf
                0x08000474                __aeabi_i2f
                0x08000474                __floatsisf
                0x08000490                __aeabi_ul2f
                0x08000490                __floatundisf
                0x080004a0                __aeabi_l2f
                0x080004a0                __floatdisf
 .text          0x0800051c      0x2a0 f:/work/arm-none-eabi-gcc/gcc-arm-none-eabi-10.3-2021.10-win32/gcc-arm-none-eabi-10.3-2021.10/bin/../lib/gcc/arm-none-eabi/10.3.1/thumb/v7e-m/nofp\libgcc.a(_arm_muldivsf3.o)
                0x0800051c                __mulsf3
                0x0800051c                __aeabi_fmul
                0x08000684                __aeabi_fdiv
                0x08000684                __divsf3
 .text          0x080007bc       0x40 f:/work/arm-none-eabi-gcc/gcc-arm-none-eabi-10.3-2021.10-win32/gcc-arm-none-eabi-10.3-2021.10/bin/../lib/gcc/arm-none-eabi/10.3.1/thumb/v7e-m/nofp\libgcc.a(_arm_fixunssfsi.o)
                0x080007bc                __fixunssfsi
                0x080007bc                __aeabi_f2uiz
 .text          0x080007fc       0x30 f:/work/arm-none-eabi-gcc/gcc-arm-none-eabi-10.3-2021.10-win32/gcc-arm-none-eabi-10.3-2021.10/bin/../lib/gcc/arm-none-eabi/10.3.1/thumb/v7e-m/nofp\libgcc.a(_aeabi_uldivmod.o)
                0x080007fc                __aeabi_uldivmod
 .text          0x0800082c      0x2d0 f:/work/arm-none-eabi-gcc/gcc-arm-none-eabi-10.3-2021.10-win32/gcc-arm-none-eabi-10.3-2021.10/bin/../lib/gcc/arm-none-eabi/10.3.1/thumb/v7e-m/nofp\libgcc.a(_udivmoddi4.o)
                0x0800082c                __udivmoddi4
 .text          0x08000afc        0x4 f:/work/arm-none-eabi-gcc/gcc-arm-none-eabi-10.3-2021.10-win32/gcc-arm-none-eabi-10.3-2021.10/bin/../lib/gcc/arm-none-eabi/10.3.1/thumb/v7e-m/nofp\libgcc.a(_dvmd_tls.o)
                0x08000afc                __aeabi_idiv0
                0x08000afc                __aeabi_ldiv0
 .text          0x08000b00       0xdc f:/work/arm-none-eabi-gcc/gcc-arm-none-eabi-10.3-2021.10-win32/gcc-arm-none-eabi-10.3-2021.10/bin/../lib/gcc/arm-none-eabi/10.3.1/../../../../arm-none-eabi/lib/thumb/v7e-m/nofp\libg.a(lib_a-strlen.o)
                0x08000b00                strlen
 *fill*         0x08000bdc        0x4 
 .text          0x08000be0       0xa0 f:/work/arm-none-eabi-gcc/gcc-arm-none-eabi-10.3-2021.10-win32/gcc-arm-none-eabi-10.3-2021.10/bin/../lib/gcc/arm-none-eabi/10.3.1/../../../../arm-none-eabi/lib/thumb/v7e-m/nofp\libg.a(lib_a-memchr.o)
                0x08000be0                memchr
 .text          0x08000c80      0x134 f:/work/arm-none-eabi-gcc/gcc-arm-none-eabi-10.3-2021.10-win32/gcc-arm-none-eabi-10.3-2021.10/bin/../lib/gcc/arm-none-eabi/10.3.1/../../../../arm-none-eabi/lib/thumb/v7e-m/nofp\libg.a(lib_a-memcpy.o)
                0x08000c80                memcpy
 .text          0x08000db4      0x378 f:/work/arm-none-eabi-gcc/gcc-arm-none-eabi-10.3-2021.10-win32/gcc-arm-none-eabi-10.3-2021.10/bin/../lib/gcc/arm-none-eabi/10.3.1/thumb/v7e-m/nofp\libgcc.a(_arm_addsubdf3.o)
                0x08000db4                __aeabi_drsub
                0x08000dbc                __aeabi_dsub
                0x08000dbc                __subdf3
                0x08000dc0                __aeabi_dadd
                0x08000dc0                __adddf3
                0x08001038                __floatunsidf
                0x08001038                __aeabi_ui2d
                0x08001058                __floatsidf
                0x08001058                __aeabi_i2d
                0x0800107c                __aeabi_f2d
                0x0800107c                __extendsfdf2
                0x080010c0                __floatundidf
                0x080010c0                __aeabi_ul2d
                0x080010d0                __floatdidf
                0x080010d0                __aeabi_l2d
 .text          0x0800112c      0x424 f:/work/arm-none-eabi-gcc/gcc-arm-none-eabi-10.3-2021.10-win32/gcc-arm-none-eabi-10.3-2021.10/bin/../lib/gcc/arm-none-eabi/10.3.1/thumb/v7e-m/nofp\libgcc.a(_arm_muldivdf3.o)
                0x0800112c                __aeabi_dmul
                0x0800112c                __muldf3
                0x08001380                __divdf3
                0x08001380                __aeabi_ddiv
 .text          0x08001550      0x110 f:/work/arm-none-eabi-gcc/gcc-arm-none-eabi-10.3-2021.10-win32/gcc-arm-none-eabi-10.3-2021.10/bin/../lib/gcc/arm-none-eabi/10.3.1/thumb/v7e-m/nofp\libgcc.a(_arm_cmpdf2.o)
                0x08001550                __gtdf2
                0x08001550                __gedf2
                0x08001558                __ltdf2
                0x08001558                __ledf2
                0x08001560                __nedf2
                0x08001560                __eqdf2
                0x08001560                __cmpdf2
                0x080015dc                __aeabi_cdrcmple
                0x080015ec                __aeabi_cdcmpeq
                0x080015ec                __aeabi_cdcmple
                0x080015fc                __aeabi_dcmpeq
                0x08001610                __aeabi_dcmplt
                0x08001624                __aeabi_dcmple
                0x08001638                __aeabi_dcmpge
                0x0800164c                __aeabi_dcmpgt
 .text          0x08001660       0x2c f:/work/arm-none-eabi-gcc/gcc-arm-none-eabi-10.3-2021.10-win32/gcc-arm-none-eabi-10.3-2021.10/bin/../lib/gcc/arm-none-eabi/10.3.1/thumb/v7e-m/nofp\libgcc.a(_arm_unorddf2.o)
                0x08001660                __unorddf2
                0x08001660                __aeabi_dcmpun
 .text          0x0800168c       0x50 f:/work/arm-none-eabi-gcc/gcc-arm-none-eabi-10.3-2021.10-win32/gcc-arm-none-eabi-10.3-2021.10/bin/../lib/gcc/arm-none-eabi/10.3.1/thumb/v7e-m/nofp\libgcc.a(_arm_fixdfsi.o)
                0x0800168c                __aeabi_d2iz
                0x0800168c                __fixdfsi
 *(.text*)
 .text.SPI1_WriteBytes
                0x080016dc       0x54 CMakeFiles/9268+S15909.elf.dir/Core/Src/AD9268.c.obj
                0x080016dc                SPI1_WriteBytes
 .text.delay_us
                0x08001730       0x74 CMakeFiles/9268+S15909.elf.dir/Core/Src/AD9268.c.obj
                0x08001730                delay_us
 .text.SPI1_ReadBytes
                0x080017a4       0xa0 CMakeFiles/9268+S15909.elf.dir/Core/Src/AD9268.c.obj
                0x080017a4                SPI1_ReadBytes
 .text.AD9268_WriteByte
                0x08001844       0x3c CMakeFiles/9268+S15909.elf.dir/Core/Src/AD9268.c.obj
                0x08001844                AD9268_WriteByte
 .text.Init_AD9268
                0x08001880      0x1cc CMakeFiles/9268+S15909.elf.dir/Core/Src/AD9268.c.obj
                0x08001880                Init_AD9268
 .text.RetargetInit
                0x08001a4c       0x20 CMakeFiles/9268+S15909.elf.dir/Core/Src/Retarget.c.obj
                0x08001a4c                RetargetInit
 .text._isatty  0x08001a6c       0x16 CMakeFiles/9268+S15909.elf.dir/Core/Src/Retarget.c.obj
                0x08001a6c                _isatty
 *fill*         0x08001a82        0x2 
 .text._write   0x08001a84       0x34 CMakeFiles/9268+S15909.elf.dir/Core/Src/Retarget.c.obj
                0x08001a84                _write
 .text._close   0x08001ab8       0x18 CMakeFiles/9268+S15909.elf.dir/Core/Src/Retarget.c.obj
                0x08001ab8                _close
 .text._lseek   0x08001ad0       0x10 CMakeFiles/9268+S15909.elf.dir/Core/Src/Retarget.c.obj
                0x08001ad0                _lseek
 .text._read    0x08001ae0       0x30 CMakeFiles/9268+S15909.elf.dir/Core/Src/Retarget.c.obj
                0x08001ae0                _read
 .text._fstat   0x08001b10       0x1a CMakeFiles/9268+S15909.elf.dir/Core/Src/Retarget.c.obj
                0x08001b10                _fstat
 *fill*         0x08001b2a        0x2 
 .text.MX_GPIO_Init
                0x08001b2c       0xfc CMakeFiles/9268+S15909.elf.dir/Core/Src/gpio.c.obj
                0x08001b2c                MX_GPIO_Init
 .text.Error_Handler
                0x08001c28        0x4 CMakeFiles/9268+S15909.elf.dir/Core/Src/main.c.obj
                0x08001c28                Error_Handler
 .text.SystemClock_Config
                0x08001c2c      0x118 CMakeFiles/9268+S15909.elf.dir/Core/Src/main.c.obj
                0x08001c2c                SystemClock_Config
 .text.PeriphCommonClock_Config
                0x08001d44       0x2a CMakeFiles/9268+S15909.elf.dir/Core/Src/main.c.obj
                0x08001d44                PeriphCommonClock_Config
 *fill*         0x08001d6e        0x2 
 .text.main     0x08001d70      0x100 CMakeFiles/9268+S15909.elf.dir/Core/Src/main.c.obj
                0x08001d70                main
 .text.MX_SPI1_Init
                0x08001e70       0x5c CMakeFiles/9268+S15909.elf.dir/Core/Src/spi.c.obj
                0x08001e70                MX_SPI1_Init
 .text.HAL_SPI_MspInit
                0x08001ecc       0xd0 CMakeFiles/9268+S15909.elf.dir/Core/Src/spi.c.obj
                0x08001ecc                HAL_SPI_MspInit
 .text.HAL_MspInit
                0x08001f9c       0x24 CMakeFiles/9268+S15909.elf.dir/Core/Src/stm32h7xx_hal_msp.c.obj
                0x08001f9c                HAL_MspInit
 .text.NMI_Handler
                0x08001fc0        0x2 CMakeFiles/9268+S15909.elf.dir/Core/Src/stm32h7xx_it.c.obj
                0x08001fc0                NMI_Handler
 .text.HardFault_Handler
                0x08001fc2        0x2 CMakeFiles/9268+S15909.elf.dir/Core/Src/stm32h7xx_it.c.obj
                0x08001fc2                HardFault_Handler
 .text.MemManage_Handler
                0x08001fc4        0x2 CMakeFiles/9268+S15909.elf.dir/Core/Src/stm32h7xx_it.c.obj
                0x08001fc4                MemManage_Handler
 .text.BusFault_Handler
                0x08001fc6        0x2 CMakeFiles/9268+S15909.elf.dir/Core/Src/stm32h7xx_it.c.obj
                0x08001fc6                BusFault_Handler
 .text.UsageFault_Handler
                0x08001fc8        0x2 CMakeFiles/9268+S15909.elf.dir/Core/Src/stm32h7xx_it.c.obj
                0x08001fc8                UsageFault_Handler
 .text.SVC_Handler
                0x08001fca        0x2 CMakeFiles/9268+S15909.elf.dir/Core/Src/stm32h7xx_it.c.obj
                0x08001fca                SVC_Handler
 .text.DebugMon_Handler
                0x08001fcc        0x2 CMakeFiles/9268+S15909.elf.dir/Core/Src/stm32h7xx_it.c.obj
                0x08001fcc                DebugMon_Handler
 .text.PendSV_Handler
                0x08001fce        0x2 CMakeFiles/9268+S15909.elf.dir/Core/Src/stm32h7xx_it.c.obj
                0x08001fce                PendSV_Handler
 .text.SysTick_Handler
                0x08001fd0        0x8 CMakeFiles/9268+S15909.elf.dir/Core/Src/stm32h7xx_it.c.obj
                0x08001fd0                SysTick_Handler
 .text.USART1_IRQHandler
                0x08001fd8       0x10 CMakeFiles/9268+S15909.elf.dir/Core/Src/stm32h7xx_it.c.obj
                0x08001fd8                USART1_IRQHandler
 .text._getpid  0x08001fe8        0x4 CMakeFiles/9268+S15909.elf.dir/Core/Src/syscalls.c.obj
                0x08001fe8                _getpid
 .text._kill    0x08001fec       0x10 CMakeFiles/9268+S15909.elf.dir/Core/Src/syscalls.c.obj
                0x08001fec                _kill
 .text._exit    0x08001ffc        0xc CMakeFiles/9268+S15909.elf.dir/Core/Src/syscalls.c.obj
                0x08001ffc                _exit
 .text._sbrk    0x08002008       0x48 CMakeFiles/9268+S15909.elf.dir/Core/Src/sysmem.c.obj
                0x08002008                _sbrk
 .text.SystemInit
                0x08002050       0xbc CMakeFiles/9268+S15909.elf.dir/Core/Src/system_stm32h7xx.c.obj
                0x08002050                SystemInit
 .text.MX_TIM1_Init
                0x0800210c       0xb8 CMakeFiles/9268+S15909.elf.dir/Core/Src/tim.c.obj
                0x0800210c                MX_TIM1_Init
 .text.MX_TIM3_Init
                0x080021c4       0xb4 CMakeFiles/9268+S15909.elf.dir/Core/Src/tim.c.obj
                0x080021c4                MX_TIM3_Init
 .text.HAL_TIM_Base_MspInit
                0x08002278       0xc8 CMakeFiles/9268+S15909.elf.dir/Core/Src/tim.c.obj
                0x08002278                HAL_TIM_Base_MspInit
 .text.HAL_TIM_PWM_MspInit
                0x08002340       0x54 CMakeFiles/9268+S15909.elf.dir/Core/Src/tim.c.obj
                0x08002340                HAL_TIM_PWM_MspInit
 .text.HAL_TIM_MspPostInit
                0x08002394       0x90 CMakeFiles/9268+S15909.elf.dir/Core/Src/tim.c.obj
                0x08002394                HAL_TIM_MspPostInit
 .text.MX_TIM2_Init
                0x08002424       0x80 CMakeFiles/9268+S15909.elf.dir/Core/Src/tim.c.obj
                0x08002424                MX_TIM2_Init
 .text.MX_TIM4_Init
                0x080024a4       0x84 CMakeFiles/9268+S15909.elf.dir/Core/Src/tim.c.obj
                0x080024a4                MX_TIM4_Init
 .text.MX_USART1_UART_Init
                0x08002528       0x68 CMakeFiles/9268+S15909.elf.dir/Core/Src/usart.c.obj
                0x08002528                MX_USART1_UART_Init
 .text.HAL_UART_MspInit
                0x08002590       0xa8 CMakeFiles/9268+S15909.elf.dir/Core/Src/usart.c.obj
                0x08002590                HAL_UART_MspInit
 .text.Reset_Handler
                0x08002638       0x50 CMakeFiles/9268+S15909.elf.dir/Core/Startup/startup_stm32h750vbtx.s.obj
                0x08002638                Reset_Handler
 .text.Default_Handler
                0x08002688        0x2 CMakeFiles/9268+S15909.elf.dir/Core/Startup/startup_stm32h750vbtx.s.obj
                0x08002688                RTC_Alarm_IRQHandler
                0x08002688                HASH_RNG_IRQHandler
                0x08002688                EXTI2_IRQHandler
                0x08002688                TIM8_CC_IRQHandler
                0x08002688                HRTIM1_Master_IRQHandler
                0x08002688                UART8_IRQHandler
                0x08002688                SPI4_IRQHandler
                0x08002688                TIM1_CC_IRQHandler
                0x08002688                BDMA_Channel6_IRQHandler
                0x08002688                DMA2_Stream5_IRQHandler
                0x08002688                HRTIM1_FLT_IRQHandler
                0x08002688                JPEG_IRQHandler
                0x08002688                DMA1_Stream5_IRQHandler
                0x08002688                BDMA_Channel1_IRQHandler
                0x08002688                HRTIM1_TIMD_IRQHandler
                0x08002688                TAMP_STAMP_IRQHandler
                0x08002688                EXTI3_IRQHandler
                0x08002688                LPTIM4_IRQHandler
                0x08002688                TIM8_TRG_COM_TIM14_IRQHandler
                0x08002688                LPTIM2_IRQHandler
                0x08002688                DFSDM1_FLT1_IRQHandler
                0x08002688                DMAMUX2_OVR_IRQHandler
                0x08002688                TIM8_UP_TIM13_IRQHandler
                0x08002688                I2C3_ER_IRQHandler
                0x08002688                DFSDM1_FLT2_IRQHandler
                0x08002688                MDMA_IRQHandler
                0x08002688                LPTIM3_IRQHandler
                0x08002688                HSEM1_IRQHandler
                0x08002688                EXTI0_IRQHandler
                0x08002688                I2C2_EV_IRQHandler
                0x08002688                DMA1_Stream2_IRQHandler
                0x08002688                FPU_IRQHandler
                0x08002688                OTG_HS_WKUP_IRQHandler
                0x08002688                FDCAN1_IT1_IRQHandler
                0x08002688                LTDC_ER_IRQHandler
                0x08002688                DMA2_Stream2_IRQHandler
                0x08002688                HRTIM1_TIME_IRQHandler
                0x08002688                SPI1_IRQHandler
                0x08002688                TIM6_DAC_IRQHandler
                0x08002688                DCMI_IRQHandler
                0x08002688                HRTIM1_TIMC_IRQHandler
                0x08002688                DMA2_Stream3_IRQHandler
                0x08002688                SAI2_IRQHandler
                0x08002688                DFSDM1_FLT3_IRQHandler
                0x08002688                USART6_IRQHandler
                0x08002688                TIM17_IRQHandler
                0x08002688                USART3_IRQHandler
                0x08002688                BDMA_Channel7_IRQHandler
                0x08002688                CRYP_IRQHandler
                0x08002688                LPTIM5_IRQHandler
                0x08002688                UART5_IRQHandler
                0x08002688                ADC3_IRQHandler
                0x08002688                DMA2_Stream0_IRQHandler
                0x08002688                TIM4_IRQHandler
                0x08002688                BDMA_Channel2_IRQHandler
                0x08002688                QUADSPI_IRQHandler
                0x08002688                I2C1_EV_IRQHandler
                0x08002688                DMA1_Stream6_IRQHandler
                0x08002688                DMAMUX1_OVR_IRQHandler
                0x08002688                DMA1_Stream1_IRQHandler
                0x08002688                TIM16_IRQHandler
                0x08002688                UART4_IRQHandler
                0x08002688                BDMA_Channel5_IRQHandler
                0x08002688                TIM3_IRQHandler
                0x08002688                RCC_IRQHandler
                0x08002688                TIM8_BRK_TIM12_IRQHandler
                0x08002688                TIM1_TRG_COM_IRQHandler
                0x08002688                Default_Handler
                0x08002688                ECC_IRQHandler
                0x08002688                CEC_IRQHandler
                0x08002688                EXTI15_10_IRQHandler
                0x08002688                BDMA_Channel0_IRQHandler
                0x08002688                ADC_IRQHandler
                0x08002688                DMA1_Stream7_IRQHandler
                0x08002688                HRTIM1_TIMA_IRQHandler
                0x08002688                SPI5_IRQHandler
                0x08002688                TIM7_IRQHandler
                0x08002688                SDMMC1_IRQHandler
                0x08002688                TIM5_IRQHandler
                0x08002688                DMA2_Stream7_IRQHandler
                0x08002688                TIM15_IRQHandler
                0x08002688                PVD_AVD_IRQHandler
                0x08002688                I2C3_EV_IRQHandler
                0x08002688                EXTI9_5_IRQHandler
                0x08002688                RTC_WKUP_IRQHandler
                0x08002688                LTDC_IRQHandler
                0x08002688                SAI3_IRQHandler
                0x08002688                ETH_WKUP_IRQHandler
                0x08002688                SPDIF_RX_IRQHandler
                0x08002688                SPI2_IRQHandler
                0x08002688                OTG_HS_EP1_IN_IRQHandler
                0x08002688                DMA1_Stream0_IRQHandler
                0x08002688                CRS_IRQHandler
                0x08002688                EXTI4_IRQHandler
                0x08002688                HRTIM1_TIMB_IRQHandler
                0x08002688                FDCAN2_IT1_IRQHandler
                0x08002688                ETH_IRQHandler
                0x08002688                TIM1_UP_IRQHandler
                0x08002688                BDMA_Channel4_IRQHandler
                0x08002688                OTG_HS_EP1_OUT_IRQHandler
                0x08002688                WWDG_IRQHandler
                0x08002688                SPI6_IRQHandler
                0x08002688                MDIOS_IRQHandler
                0x08002688                I2C4_EV_IRQHandler
                0x08002688                FDCAN2_IT0_IRQHandler
                0x08002688                LPUART1_IRQHandler
                0x08002688                FDCAN1_IT0_IRQHandler
                0x08002688                TIM2_IRQHandler
                0x08002688                OTG_FS_WKUP_IRQHandler
                0x08002688                OTG_HS_IRQHandler
                0x08002688                DMA2D_IRQHandler
                0x08002688                TIM1_BRK_IRQHandler
                0x08002688                EXTI1_IRQHandler
                0x08002688                SDMMC2_IRQHandler
                0x08002688                OTG_FS_EP1_OUT_IRQHandler
                0x08002688                BDMA_Channel3_IRQHandler
                0x08002688                UART7_IRQHandler
                0x08002688                MDIOS_WKUP_IRQHandler
                0x08002688                USART2_IRQHandler
                0x08002688                DFSDM1_FLT0_IRQHandler
                0x08002688                SAI4_IRQHandler
                0x08002688                I2C2_ER_IRQHandler
                0x08002688                DMA2_Stream1_IRQHandler
                0x08002688                FLASH_IRQHandler
                0x08002688                DMA2_Stream4_IRQHandler
                0x08002688                OTG_FS_IRQHandler
                0x08002688                SPI3_IRQHandler
                0x08002688                WAKEUP_PIN_IRQHandler
                0x08002688                DMA1_Stream4_IRQHandler
                0x08002688                OTG_FS_EP1_IN_IRQHandler
                0x08002688                I2C1_ER_IRQHandler
                0x08002688                FMC_IRQHandler
                0x08002688                FDCAN_CAL_IRQHandler
                0x08002688                SWPMI1_IRQHandler
                0x08002688                COMP1_IRQHandler
                0x08002688                LPTIM1_IRQHandler
                0x08002688                I2C4_ER_IRQHandler
                0x08002688                DMA2_Stream6_IRQHandler
                0x08002688                SAI1_IRQHandler
                0x08002688                DMA1_Stream3_IRQHandler
 *fill*         0x0800268a        0x2 
 .text.HAL_InitTick
                0x0800268c       0x50 CMakeFiles/9268+S15909.elf.dir/Drivers/STM32H7xx_HAL_Driver/Src/stm32h7xx_hal.c.obj
                0x0800268c                HAL_InitTick
 .text.HAL_Init
                0x080026dc       0x5c CMakeFiles/9268+S15909.elf.dir/Drivers/STM32H7xx_HAL_Driver/Src/stm32h7xx_hal.c.obj
                0x080026dc                HAL_Init
 .text.HAL_IncTick
                0x08002738       0x18 CMakeFiles/9268+S15909.elf.dir/Drivers/STM32H7xx_HAL_Driver/Src/stm32h7xx_hal.c.obj
                0x08002738                HAL_IncTick
 .text.HAL_GetTick
                0x08002750        0xc CMakeFiles/9268+S15909.elf.dir/Drivers/STM32H7xx_HAL_Driver/Src/stm32h7xx_hal.c.obj
                0x08002750                HAL_GetTick
 .text.HAL_Delay
                0x0800275c       0x28 CMakeFiles/9268+S15909.elf.dir/Drivers/STM32H7xx_HAL_Driver/Src/stm32h7xx_hal.c.obj
                0x0800275c                HAL_Delay
 .text.HAL_GetREVID
                0x08002784        0xc CMakeFiles/9268+S15909.elf.dir/Drivers/STM32H7xx_HAL_Driver/Src/stm32h7xx_hal.c.obj
                0x08002784                HAL_GetREVID
 .text.HAL_NVIC_SetPriorityGrouping
                0x08002790       0x24 CMakeFiles/9268+S15909.elf.dir/Drivers/STM32H7xx_HAL_Driver/Src/stm32h7xx_hal_cortex.c.obj
                0x08002790                HAL_NVIC_SetPriorityGrouping
 .text.HAL_NVIC_SetPriority
                0x080027b4       0x6c CMakeFiles/9268+S15909.elf.dir/Drivers/STM32H7xx_HAL_Driver/Src/stm32h7xx_hal_cortex.c.obj
                0x080027b4                HAL_NVIC_SetPriority
 .text.HAL_NVIC_EnableIRQ
                0x08002820       0x1c CMakeFiles/9268+S15909.elf.dir/Drivers/STM32H7xx_HAL_Driver/Src/stm32h7xx_hal_cortex.c.obj
                0x08002820                HAL_NVIC_EnableIRQ
 .text.HAL_SYSTICK_Config
                0x0800283c       0x28 CMakeFiles/9268+S15909.elf.dir/Drivers/STM32H7xx_HAL_Driver/Src/stm32h7xx_hal_cortex.c.obj
                0x0800283c                HAL_SYSTICK_Config
 .text.HAL_DMA_Abort
                0x08002864      0x340 CMakeFiles/9268+S15909.elf.dir/Drivers/STM32H7xx_HAL_Driver/Src/stm32h7xx_hal_dma.c.obj
                0x08002864                HAL_DMA_Abort
 .text.HAL_DMA_Abort_IT
                0x08002ba4      0x270 CMakeFiles/9268+S15909.elf.dir/Drivers/STM32H7xx_HAL_Driver/Src/stm32h7xx_hal_dma.c.obj
                0x08002ba4                HAL_DMA_Abort_IT
 .text.HAL_GPIO_Init
                0x08002e14      0x228 CMakeFiles/9268+S15909.elf.dir/Drivers/STM32H7xx_HAL_Driver/Src/stm32h7xx_hal_gpio.c.obj
                0x08002e14                HAL_GPIO_Init
 .text.HAL_GPIO_WritePin
                0x0800303c        0xc CMakeFiles/9268+S15909.elf.dir/Drivers/STM32H7xx_HAL_Driver/Src/stm32h7xx_hal_gpio.c.obj
                0x0800303c                HAL_GPIO_WritePin
 .text.HAL_PWREx_ConfigSupply
                0x08003048       0x54 CMakeFiles/9268+S15909.elf.dir/Drivers/STM32H7xx_HAL_Driver/Src/stm32h7xx_hal_pwr_ex.c.obj
                0x08003048                HAL_PWREx_ConfigSupply
 .text.HAL_RCC_OscConfig
                0x0800309c      0x6b4 CMakeFiles/9268+S15909.elf.dir/Drivers/STM32H7xx_HAL_Driver/Src/stm32h7xx_hal_rcc.c.obj
                0x0800309c                HAL_RCC_OscConfig
 .text.HAL_RCC_GetSysClockFreq
                0x08003750      0x218 CMakeFiles/9268+S15909.elf.dir/Drivers/STM32H7xx_HAL_Driver/Src/stm32h7xx_hal_rcc.c.obj
                0x08003750                HAL_RCC_GetSysClockFreq
 .text.HAL_RCC_ClockConfig
                0x08003968      0x294 CMakeFiles/9268+S15909.elf.dir/Drivers/STM32H7xx_HAL_Driver/Src/stm32h7xx_hal_rcc.c.obj
                0x08003968                HAL_RCC_ClockConfig
 .text.HAL_RCC_GetHCLKFreq
                0x08003bfc       0x44 CMakeFiles/9268+S15909.elf.dir/Drivers/STM32H7xx_HAL_Driver/Src/stm32h7xx_hal_rcc.c.obj
                0x08003bfc                HAL_RCC_GetHCLKFreq
 .text.HAL_RCC_GetPCLK1Freq
                0x08003c40       0x24 CMakeFiles/9268+S15909.elf.dir/Drivers/STM32H7xx_HAL_Driver/Src/stm32h7xx_hal_rcc.c.obj
                0x08003c40                HAL_RCC_GetPCLK1Freq
 .text.HAL_RCC_GetPCLK2Freq
                0x08003c64       0x24 CMakeFiles/9268+S15909.elf.dir/Drivers/STM32H7xx_HAL_Driver/Src/stm32h7xx_hal_rcc.c.obj
                0x08003c64                HAL_RCC_GetPCLK2Freq
 .text.RCCEx_PLL2_Config
                0x08003c88      0x10c CMakeFiles/9268+S15909.elf.dir/Drivers/STM32H7xx_HAL_Driver/Src/stm32h7xx_hal_rcc_ex.c.obj
 .text.RCCEx_PLL3_Config
                0x08003d94      0x10c CMakeFiles/9268+S15909.elf.dir/Drivers/STM32H7xx_HAL_Driver/Src/stm32h7xx_hal_rcc_ex.c.obj
 .text.HAL_RCCEx_PeriphCLKConfig
                0x08003ea0      0xa8c CMakeFiles/9268+S15909.elf.dir/Drivers/STM32H7xx_HAL_Driver/Src/stm32h7xx_hal_rcc_ex.c.obj
                0x08003ea0                HAL_RCCEx_PeriphCLKConfig
 .text.HAL_RCCEx_GetD3PCLK1Freq
                0x0800492c       0x24 CMakeFiles/9268+S15909.elf.dir/Drivers/STM32H7xx_HAL_Driver/Src/stm32h7xx_hal_rcc_ex.c.obj
                0x0800492c                HAL_RCCEx_GetD3PCLK1Freq
 .text.HAL_RCCEx_GetPLL2ClockFreq
                0x08004950      0x234 CMakeFiles/9268+S15909.elf.dir/Drivers/STM32H7xx_HAL_Driver/Src/stm32h7xx_hal_rcc_ex.c.obj
                0x08004950                HAL_RCCEx_GetPLL2ClockFreq
 .text.HAL_RCCEx_GetPLL3ClockFreq
                0x08004b84      0x234 CMakeFiles/9268+S15909.elf.dir/Drivers/STM32H7xx_HAL_Driver/Src/stm32h7xx_hal_rcc_ex.c.obj
                0x08004b84                HAL_RCCEx_GetPLL3ClockFreq
 .text.SPI_CloseTransfer
                0x08004db8       0xcc CMakeFiles/9268+S15909.elf.dir/Drivers/STM32H7xx_HAL_Driver/Src/stm32h7xx_hal_spi.c.obj
 .text.SPI_GetPacketSize
                0x08004e84       0x10 CMakeFiles/9268+S15909.elf.dir/Drivers/STM32H7xx_HAL_Driver/Src/stm32h7xx_hal_spi.c.obj
 .text.SPI_WaitOnFlagUntilTimeout
                0x08004e94       0x46 CMakeFiles/9268+S15909.elf.dir/Drivers/STM32H7xx_HAL_Driver/Src/stm32h7xx_hal_spi.c.obj
 *fill*         0x08004eda        0x2 
 .text.HAL_SPI_Init
                0x08004edc      0x190 CMakeFiles/9268+S15909.elf.dir/Drivers/STM32H7xx_HAL_Driver/Src/stm32h7xx_hal_spi.c.obj
                0x08004edc                HAL_SPI_Init
 .text.HAL_SPI_Transmit
                0x0800506c      0x2c4 CMakeFiles/9268+S15909.elf.dir/Drivers/STM32H7xx_HAL_Driver/Src/stm32h7xx_hal_spi.c.obj
                0x0800506c                HAL_SPI_Transmit
 .text.HAL_SPI_Receive
                0x08005330      0x350 CMakeFiles/9268+S15909.elf.dir/Drivers/STM32H7xx_HAL_Driver/Src/stm32h7xx_hal_spi.c.obj
                0x08005330                HAL_SPI_Receive
 .text.TIM_OC1_SetConfig
                0x08005680       0xa8 CMakeFiles/9268+S15909.elf.dir/Drivers/STM32H7xx_HAL_Driver/Src/stm32h7xx_hal_tim.c.obj
 .text.TIM_OC3_SetConfig
                0x08005728       0x94 CMakeFiles/9268+S15909.elf.dir/Drivers/STM32H7xx_HAL_Driver/Src/stm32h7xx_hal_tim.c.obj
 .text.TIM_OC4_SetConfig
                0x080057bc       0x74 CMakeFiles/9268+S15909.elf.dir/Drivers/STM32H7xx_HAL_Driver/Src/stm32h7xx_hal_tim.c.obj
 .text.TIM_OC5_SetConfig
                0x08005830       0x74 CMakeFiles/9268+S15909.elf.dir/Drivers/STM32H7xx_HAL_Driver/Src/stm32h7xx_hal_tim.c.obj
 .text.TIM_OC6_SetConfig
                0x080058a4       0x74 CMakeFiles/9268+S15909.elf.dir/Drivers/STM32H7xx_HAL_Driver/Src/stm32h7xx_hal_tim.c.obj
 .text.TIM_TI1_ConfigInputStage
                0x08005918       0x24 CMakeFiles/9268+S15909.elf.dir/Drivers/STM32H7xx_HAL_Driver/Src/stm32h7xx_hal_tim.c.obj
 .text.TIM_TI2_SetConfig
                0x0800593c       0x36 CMakeFiles/9268+S15909.elf.dir/Drivers/STM32H7xx_HAL_Driver/Src/stm32h7xx_hal_tim.c.obj
 .text.TIM_TI2_ConfigInputStage
                0x08005972       0x26 CMakeFiles/9268+S15909.elf.dir/Drivers/STM32H7xx_HAL_Driver/Src/stm32h7xx_hal_tim.c.obj
 .text.TIM_TI3_SetConfig
                0x08005998       0x36 CMakeFiles/9268+S15909.elf.dir/Drivers/STM32H7xx_HAL_Driver/Src/stm32h7xx_hal_tim.c.obj
 .text.TIM_TI4_SetConfig
                0x080059ce       0x36 CMakeFiles/9268+S15909.elf.dir/Drivers/STM32H7xx_HAL_Driver/Src/stm32h7xx_hal_tim.c.obj
 .text.HAL_TIM_IC_MspInit
                0x08005a04        0x2 CMakeFiles/9268+S15909.elf.dir/Drivers/STM32H7xx_HAL_Driver/Src/stm32h7xx_hal_tim.c.obj
                0x08005a04                HAL_TIM_IC_MspInit
 *fill*         0x08005a06        0x2 
 .text.TIM_Base_SetConfig
                0x08005a08      0x114 CMakeFiles/9268+S15909.elf.dir/Drivers/STM32H7xx_HAL_Driver/Src/stm32h7xx_hal_tim.c.obj
                0x08005a08                TIM_Base_SetConfig
 .text.HAL_TIM_Base_Init
                0x08005b1c       0x60 CMakeFiles/9268+S15909.elf.dir/Drivers/STM32H7xx_HAL_Driver/Src/stm32h7xx_hal_tim.c.obj
                0x08005b1c                HAL_TIM_Base_Init
 .text.HAL_TIM_PWM_Init
                0x08005b7c       0x60 CMakeFiles/9268+S15909.elf.dir/Drivers/STM32H7xx_HAL_Driver/Src/stm32h7xx_hal_tim.c.obj
                0x08005b7c                HAL_TIM_PWM_Init
 .text.HAL_TIM_IC_Init
                0x08005bdc       0x60 CMakeFiles/9268+S15909.elf.dir/Drivers/STM32H7xx_HAL_Driver/Src/stm32h7xx_hal_tim.c.obj
                0x08005bdc                HAL_TIM_IC_Init
 .text.TIM_OC2_SetConfig
                0x08005c3c       0x94 CMakeFiles/9268+S15909.elf.dir/Drivers/STM32H7xx_HAL_Driver/Src/stm32h7xx_hal_tim.c.obj
                0x08005c3c                TIM_OC2_SetConfig
 .text.HAL_TIM_PWM_ConfigChannel
                0x08005cd0      0x13a CMakeFiles/9268+S15909.elf.dir/Drivers/STM32H7xx_HAL_Driver/Src/stm32h7xx_hal_tim.c.obj
                0x08005cd0                HAL_TIM_PWM_ConfigChannel
 *fill*         0x08005e0a        0x2 
 .text.TIM_TI1_SetConfig
                0x08005e0c       0x94 CMakeFiles/9268+S15909.elf.dir/Drivers/STM32H7xx_HAL_Driver/Src/stm32h7xx_hal_tim.c.obj
                0x08005e0c                TIM_TI1_SetConfig
 .text.HAL_TIM_IC_ConfigChannel
                0x08005ea0       0xc4 CMakeFiles/9268+S15909.elf.dir/Drivers/STM32H7xx_HAL_Driver/Src/stm32h7xx_hal_tim.c.obj
                0x08005ea0                HAL_TIM_IC_ConfigChannel
 .text.TIM_ETR_SetConfig
                0x08005f64       0x18 CMakeFiles/9268+S15909.elf.dir/Drivers/STM32H7xx_HAL_Driver/Src/stm32h7xx_hal_tim.c.obj
                0x08005f64                TIM_ETR_SetConfig
 .text.TIM_SlaveTimer_SetConfig
                0x08005f7c      0x150 CMakeFiles/9268+S15909.elf.dir/Drivers/STM32H7xx_HAL_Driver/Src/stm32h7xx_hal_tim.c.obj
 .text.HAL_TIM_SlaveConfigSynchro
                0x080060cc       0x52 CMakeFiles/9268+S15909.elf.dir/Drivers/STM32H7xx_HAL_Driver/Src/stm32h7xx_hal_tim.c.obj
                0x080060cc                HAL_TIM_SlaveConfigSynchro
 .text.TIM_CCxChannelCmd
                0x0800611e       0x1e CMakeFiles/9268+S15909.elf.dir/Drivers/STM32H7xx_HAL_Driver/Src/stm32h7xx_hal_tim.c.obj
                0x0800611e                TIM_CCxChannelCmd
 .text.HAL_TIM_PWM_Start
                0x0800613c      0x168 CMakeFiles/9268+S15909.elf.dir/Drivers/STM32H7xx_HAL_Driver/Src/stm32h7xx_hal_tim.c.obj
                0x0800613c                HAL_TIM_PWM_Start
 .text.HAL_TIM_IC_Start_IT
                0x080062a4      0x1b0 CMakeFiles/9268+S15909.elf.dir/Drivers/STM32H7xx_HAL_Driver/Src/stm32h7xx_hal_tim.c.obj
                0x080062a4                HAL_TIM_IC_Start_IT
 .text.HAL_TIMEx_MasterConfigSynchronization
                0x08006454       0xa0 CMakeFiles/9268+S15909.elf.dir/Drivers/STM32H7xx_HAL_Driver/Src/stm32h7xx_hal_tim_ex.c.obj
                0x08006454                HAL_TIMEx_MasterConfigSynchronization
 .text.UART_EndRxTransfer
                0x080064f4       0x58 CMakeFiles/9268+S15909.elf.dir/Drivers/STM32H7xx_HAL_Driver/Src/stm32h7xx_hal_uart.c.obj
 .text.HAL_UART_TxCpltCallback
                0x0800654c        0x2 CMakeFiles/9268+S15909.elf.dir/Drivers/STM32H7xx_HAL_Driver/Src/stm32h7xx_hal_uart.c.obj
                0x0800654c                HAL_UART_TxCpltCallback
 .text.UART_EndTransmit_IT
                0x0800654e       0x24 CMakeFiles/9268+S15909.elf.dir/Drivers/STM32H7xx_HAL_Driver/Src/stm32h7xx_hal_uart.c.obj
 .text.HAL_UART_ErrorCallback
                0x08006572        0x2 CMakeFiles/9268+S15909.elf.dir/Drivers/STM32H7xx_HAL_Driver/Src/stm32h7xx_hal_uart.c.obj
                0x08006572                HAL_UART_ErrorCallback
 .text.UART_DMAAbortOnError
                0x08006574       0x14 CMakeFiles/9268+S15909.elf.dir/Drivers/STM32H7xx_HAL_Driver/Src/stm32h7xx_hal_uart.c.obj
 .text.HAL_UARTEx_RxEventCallback
                0x08006588        0x2 CMakeFiles/9268+S15909.elf.dir/Drivers/STM32H7xx_HAL_Driver/Src/stm32h7xx_hal_uart.c.obj
                0x08006588                HAL_UARTEx_RxEventCallback
 *fill*         0x0800658a        0x2 
 .text.HAL_UART_IRQHandler
                0x0800658c      0x3b8 CMakeFiles/9268+S15909.elf.dir/Drivers/STM32H7xx_HAL_Driver/Src/stm32h7xx_hal_uart.c.obj
                0x0800658c                HAL_UART_IRQHandler
 .text.UART_SetConfig
                0x08006944      0x5f4 CMakeFiles/9268+S15909.elf.dir/Drivers/STM32H7xx_HAL_Driver/Src/stm32h7xx_hal_uart.c.obj
                0x08006944                UART_SetConfig
 .text.UART_AdvFeatureConfig
                0x08006f38       0xca CMakeFiles/9268+S15909.elf.dir/Drivers/STM32H7xx_HAL_Driver/Src/stm32h7xx_hal_uart.c.obj
                0x08006f38                UART_AdvFeatureConfig
 .text.UART_WaitOnFlagUntilTimeout
                0x08007002       0xaa CMakeFiles/9268+S15909.elf.dir/Drivers/STM32H7xx_HAL_Driver/Src/stm32h7xx_hal_uart.c.obj
                0x08007002                UART_WaitOnFlagUntilTimeout
 .text.HAL_UART_Transmit
                0x080070ac       0xd0 CMakeFiles/9268+S15909.elf.dir/Drivers/STM32H7xx_HAL_Driver/Src/stm32h7xx_hal_uart.c.obj
                0x080070ac                HAL_UART_Transmit
 .text.HAL_UART_Receive
                0x0800717c      0x116 CMakeFiles/9268+S15909.elf.dir/Drivers/STM32H7xx_HAL_Driver/Src/stm32h7xx_hal_uart.c.obj
                0x0800717c                HAL_UART_Receive
 .text.UART_CheckIdleState
                0x08007292       0xca CMakeFiles/9268+S15909.elf.dir/Drivers/STM32H7xx_HAL_Driver/Src/stm32h7xx_hal_uart.c.obj
                0x08007292                UART_CheckIdleState
 .text.HAL_UART_Init
                0x0800735c       0x66 CMakeFiles/9268+S15909.elf.dir/Drivers/STM32H7xx_HAL_Driver/Src/stm32h7xx_hal_uart.c.obj
                0x0800735c                HAL_UART_Init
 *fill*         0x080073c2        0x2 
 .text.UARTEx_SetNbDataToProcess
                0x080073c4       0x4c CMakeFiles/9268+S15909.elf.dir/Drivers/STM32H7xx_HAL_Driver/Src/stm32h7xx_hal_uart_ex.c.obj
 .text.HAL_UARTEx_WakeupCallback
                0x08007410        0x2 CMakeFiles/9268+S15909.elf.dir/Drivers/STM32H7xx_HAL_Driver/Src/stm32h7xx_hal_uart_ex.c.obj
                0x08007410                HAL_UARTEx_WakeupCallback
 .text.HAL_UARTEx_RxFifoFullCallback
                0x08007412        0x2 CMakeFiles/9268+S15909.elf.dir/Drivers/STM32H7xx_HAL_Driver/Src/stm32h7xx_hal_uart_ex.c.obj
                0x08007412                HAL_UARTEx_RxFifoFullCallback
 .text.HAL_UARTEx_TxFifoEmptyCallback
                0x08007414        0x2 CMakeFiles/9268+S15909.elf.dir/Drivers/STM32H7xx_HAL_Driver/Src/stm32h7xx_hal_uart_ex.c.obj
                0x08007414                HAL_UARTEx_TxFifoEmptyCallback
 .text.HAL_UARTEx_DisableFifoMode
                0x08007416       0x3e CMakeFiles/9268+S15909.elf.dir/Drivers/STM32H7xx_HAL_Driver/Src/stm32h7xx_hal_uart_ex.c.obj
                0x08007416                HAL_UARTEx_DisableFifoMode
 .text.HAL_UARTEx_SetTxFifoThreshold
                0x08007454       0x4a CMakeFiles/9268+S15909.elf.dir/Drivers/STM32H7xx_HAL_Driver/Src/stm32h7xx_hal_uart_ex.c.obj
                0x08007454                HAL_UARTEx_SetTxFifoThreshold
 .text.HAL_UARTEx_SetRxFifoThreshold
                0x0800749e       0x4a CMakeFiles/9268+S15909.elf.dir/Drivers/STM32H7xx_HAL_Driver/Src/stm32h7xx_hal_uart_ex.c.obj
                0x0800749e                HAL_UARTEx_SetRxFifoThreshold
 .text.__errno  0x080074e8        0xc f:/work/arm-none-eabi-gcc/gcc-arm-none-eabi-10.3-2021.10-win32/gcc-arm-none-eabi-10.3-2021.10/bin/../lib/gcc/arm-none-eabi/10.3.1/../../../../arm-none-eabi/lib/thumb/v7e-m/nofp\libg.a(lib_a-errno.o)
                0x080074e8                __errno
 .text.__libc_init_array
                0x080074f4       0x48 f:/work/arm-none-eabi-gcc/gcc-arm-none-eabi-10.3-2021.10-win32/gcc-arm-none-eabi-10.3-2021.10/bin/../lib/gcc/arm-none-eabi/10.3.1/../../../../arm-none-eabi/lib/thumb/v7e-m/nofp\libg.a(lib_a-init.o)
                0x080074f4                __libc_init_array
 .text.memset   0x0800753c       0xa4 f:/work/arm-none-eabi-gcc/gcc-arm-none-eabi-10.3-2021.10-win32/gcc-arm-none-eabi-10.3-2021.10/bin/../lib/gcc/arm-none-eabi/10.3.1/../../../../arm-none-eabi/lib/thumb/v7e-m/nofp\libg.a(lib_a-memset.o)
                0x0800753c                memset
 .text.printf   0x080075e0       0x28 f:/work/arm-none-eabi-gcc/gcc-arm-none-eabi-10.3-2021.10-win32/gcc-arm-none-eabi-10.3-2021.10/bin/../lib/gcc/arm-none-eabi/10.3.1/../../../../arm-none-eabi/lib/thumb/v7e-m/nofp\libg.a(lib_a-printf.o)
                0x080075e0                printf
 .text._puts_r  0x08007608       0x9c f:/work/arm-none-eabi-gcc/gcc-arm-none-eabi-10.3-2021.10-win32/gcc-arm-none-eabi-10.3-2021.10/bin/../lib/gcc/arm-none-eabi/10.3.1/../../../../arm-none-eabi/lib/thumb/v7e-m/nofp\libg.a(lib_a-puts.o)
                0x08007608                _puts_r
 .text.puts     0x080076a4       0x10 f:/work/arm-none-eabi-gcc/gcc-arm-none-eabi-10.3-2021.10-win32/gcc-arm-none-eabi-10.3-2021.10/bin/../lib/gcc/arm-none-eabi/10.3.1/../../../../arm-none-eabi/lib/thumb/v7e-m/nofp\libg.a(lib_a-puts.o)
                0x080076a4                puts
 .text.setvbuf  0x080076b4      0x1b0 f:/work/arm-none-eabi-gcc/gcc-arm-none-eabi-10.3-2021.10-win32/gcc-arm-none-eabi-10.3-2021.10/bin/../lib/gcc/arm-none-eabi/10.3.1/../../../../arm-none-eabi/lib/thumb/v7e-m/nofp\libg.a(lib_a-setvbuf.o)
                0x080076b4                setvbuf
 .text._vfprintf_r
                0x08007864     0x1ad4 f:/work/arm-none-eabi-gcc/gcc-arm-none-eabi-10.3-2021.10-win32/gcc-arm-none-eabi-10.3-2021.10/bin/../lib/gcc/arm-none-eabi/10.3.1/../../../../arm-none-eabi/lib/thumb/v7e-m/nofp\libg.a(lib_a-vfprintf.o)
                0x08007864                _vfprintf_r
 .text.__sbprintf
                0x08009338       0x80 f:/work/arm-none-eabi-gcc/gcc-arm-none-eabi-10.3-2021.10-win32/gcc-arm-none-eabi-10.3-2021.10/bin/../lib/gcc/arm-none-eabi/10.3.1/../../../../arm-none-eabi/lib/thumb/v7e-m/nofp\libg.a(lib_a-vfprintf.o)
 .text.__swsetup_r
                0x080093b8       0xd4 f:/work/arm-none-eabi-gcc/gcc-arm-none-eabi-10.3-2021.10-win32/gcc-arm-none-eabi-10.3-2021.10/bin/../lib/gcc/arm-none-eabi/10.3.1/../../../../arm-none-eabi/lib/thumb/v7e-m/nofp\libg.a(lib_a-wsetup.o)
                0x080093b8                __swsetup_r
 .text.startup.register_fini
                0x0800948c       0x14 f:/work/arm-none-eabi-gcc/gcc-arm-none-eabi-10.3-2021.10-win32/gcc-arm-none-eabi-10.3-2021.10/bin/../lib/gcc/arm-none-eabi/10.3.1/../../../../arm-none-eabi/lib/thumb/v7e-m/nofp\libg.a(lib_a-__call_atexit.o)
 .text.atexit   0x080094a0        0xc f:/work/arm-none-eabi-gcc/gcc-arm-none-eabi-10.3-2021.10-win32/gcc-arm-none-eabi-10.3-2021.10/bin/../lib/gcc/arm-none-eabi/10.3.1/../../../../arm-none-eabi/lib/thumb/v7e-m/nofp\libg.a(lib_a-atexit.o)
                0x080094a0                atexit
 .text.quorem   0x080094ac      0x124 f:/work/arm-none-eabi-gcc/gcc-arm-none-eabi-10.3-2021.10-win32/gcc-arm-none-eabi-10.3-2021.10/bin/../lib/gcc/arm-none-eabi/10.3.1/../../../../arm-none-eabi/lib/thumb/v7e-m/nofp\libg.a(lib_a-dtoa.o)
 .text._dtoa_r  0x080095d0      0xec4 f:/work/arm-none-eabi-gcc/gcc-arm-none-eabi-10.3-2021.10-win32/gcc-arm-none-eabi-10.3-2021.10/bin/../lib/gcc/arm-none-eabi/10.3.1/../../../../arm-none-eabi/lib/thumb/v7e-m/nofp\libg.a(lib_a-dtoa.o)
                0x080095d0                _dtoa_r
 .text.__sflush_r
                0x0800a494      0x120 f:/work/arm-none-eabi-gcc/gcc-arm-none-eabi-10.3-2021.10-win32/gcc-arm-none-eabi-10.3-2021.10/bin/../lib/gcc/arm-none-eabi/10.3.1/../../../../arm-none-eabi/lib/thumb/v7e-m/nofp\libg.a(lib_a-fflush.o)
                0x0800a494                __sflush_r
 .text._fflush_r
                0x0800a5b4       0x5c f:/work/arm-none-eabi-gcc/gcc-arm-none-eabi-10.3-2021.10-win32/gcc-arm-none-eabi-10.3-2021.10/bin/../lib/gcc/arm-none-eabi/10.3.1/../../../../arm-none-eabi/lib/thumb/v7e-m/nofp\libg.a(lib_a-fflush.o)
                0x0800a5b4                _fflush_r
 .text._cleanup_r
                0x0800a610        0xc f:/work/arm-none-eabi-gcc/gcc-arm-none-eabi-10.3-2021.10-win32/gcc-arm-none-eabi-10.3-2021.10/bin/../lib/gcc/arm-none-eabi/10.3.1/../../../../arm-none-eabi/lib/thumb/v7e-m/nofp\libg.a(lib_a-findfp.o)
                0x0800a610                _cleanup_r
 .text.__sinit  0x0800a61c      0x10c f:/work/arm-none-eabi-gcc/gcc-arm-none-eabi-10.3-2021.10-win32/gcc-arm-none-eabi-10.3-2021.10/bin/../lib/gcc/arm-none-eabi/10.3.1/../../../../arm-none-eabi/lib/thumb/v7e-m/nofp\libg.a(lib_a-findfp.o)
                0x0800a61c                __sinit
 .text.__sfp_lock_acquire
                0x0800a728        0xc f:/work/arm-none-eabi-gcc/gcc-arm-none-eabi-10.3-2021.10-win32/gcc-arm-none-eabi-10.3-2021.10/bin/../lib/gcc/arm-none-eabi/10.3.1/../../../../arm-none-eabi/lib/thumb/v7e-m/nofp\libg.a(lib_a-findfp.o)
                0x0800a728                __sfp_lock_acquire
 .text.__sfp_lock_release
                0x0800a734        0xc f:/work/arm-none-eabi-gcc/gcc-arm-none-eabi-10.3-2021.10-win32/gcc-arm-none-eabi-10.3-2021.10/bin/../lib/gcc/arm-none-eabi/10.3.1/../../../../arm-none-eabi/lib/thumb/v7e-m/nofp\libg.a(lib_a-findfp.o)
                0x0800a734                __sfp_lock_release
 .text.__libc_fini_array
                0x0800a740       0x2c f:/work/arm-none-eabi-gcc/gcc-arm-none-eabi-10.3-2021.10-win32/gcc-arm-none-eabi-10.3-2021.10/bin/../lib/gcc/arm-none-eabi/10.3.1/../../../../arm-none-eabi/lib/thumb/v7e-m/nofp\libg.a(lib_a-fini.o)
                0x0800a740                __libc_fini_array
 .text._malloc_trim_r
                0x0800a76c       0xa0 f:/work/arm-none-eabi-gcc/gcc-arm-none-eabi-10.3-2021.10-win32/gcc-arm-none-eabi-10.3-2021.10/bin/../lib/gcc/arm-none-eabi/10.3.1/../../../../arm-none-eabi/lib/thumb/v7e-m/nofp\libg.a(lib_a-freer.o)
                0x0800a76c                _malloc_trim_r
 .text._free_r  0x0800a80c      0x20c f:/work/arm-none-eabi-gcc/gcc-arm-none-eabi-10.3-2021.10-win32/gcc-arm-none-eabi-10.3-2021.10/bin/../lib/gcc/arm-none-eabi/10.3.1/../../../../arm-none-eabi/lib/thumb/v7e-m/nofp\libg.a(lib_a-freer.o)
                0x0800a80c                _free_r
 .text.__sfvwrite_r
                0x0800aa18      0x2e8 f:/work/arm-none-eabi-gcc/gcc-arm-none-eabi-10.3-2021.10-win32/gcc-arm-none-eabi-10.3-2021.10/bin/../lib/gcc/arm-none-eabi/10.3.1/../../../../arm-none-eabi/lib/thumb/v7e-m/nofp\libg.a(lib_a-fvwrite.o)
                0x0800aa18                __sfvwrite_r
 .text._fwalk_reent
                0x0800ad00       0x48 f:/work/arm-none-eabi-gcc/gcc-arm-none-eabi-10.3-2021.10-win32/gcc-arm-none-eabi-10.3-2021.10/bin/../lib/gcc/arm-none-eabi/10.3.1/../../../../arm-none-eabi/lib/thumb/v7e-m/nofp\libg.a(lib_a-fwalk.o)
                0x0800ad00                _fwalk_reent
 .text._localeconv_r
                0x0800ad48        0x8 f:/work/arm-none-eabi-gcc/gcc-arm-none-eabi-10.3-2021.10-win32/gcc-arm-none-eabi-10.3-2021.10/bin/../lib/gcc/arm-none-eabi/10.3.1/../../../../arm-none-eabi/lib/thumb/v7e-m/nofp\libg.a(lib_a-localeconv.o)
                0x0800ad48                _localeconv_r
 .text.__retarget_lock_init_recursive
                0x0800ad50        0x4 f:/work/arm-none-eabi-gcc/gcc-arm-none-eabi-10.3-2021.10-win32/gcc-arm-none-eabi-10.3-2021.10/bin/../lib/gcc/arm-none-eabi/10.3.1/../../../../arm-none-eabi/lib/thumb/v7e-m/nofp\libg.a(lib_a-lock.o)
                0x0800ad50                __retarget_lock_init_recursive
 .text.__retarget_lock_close_recursive
                0x0800ad54        0x4 f:/work/arm-none-eabi-gcc/gcc-arm-none-eabi-10.3-2021.10-win32/gcc-arm-none-eabi-10.3-2021.10/bin/../lib/gcc/arm-none-eabi/10.3.1/../../../../arm-none-eabi/lib/thumb/v7e-m/nofp\libg.a(lib_a-lock.o)
                0x0800ad54                __retarget_lock_close_recursive
 .text.__retarget_lock_acquire_recursive
                0x0800ad58        0x4 f:/work/arm-none-eabi-gcc/gcc-arm-none-eabi-10.3-2021.10-win32/gcc-arm-none-eabi-10.3-2021.10/bin/../lib/gcc/arm-none-eabi/10.3.1/../../../../arm-none-eabi/lib/thumb/v7e-m/nofp\libg.a(lib_a-lock.o)
                0x0800ad58                __retarget_lock_acquire_recursive
 .text.__retarget_lock_release_recursive
                0x0800ad5c        0x4 f:/work/arm-none-eabi-gcc/gcc-arm-none-eabi-10.3-2021.10-win32/gcc-arm-none-eabi-10.3-2021.10/bin/../lib/gcc/arm-none-eabi/10.3.1/../../../../arm-none-eabi/lib/thumb/v7e-m/nofp\libg.a(lib_a-lock.o)
                0x0800ad5c                __retarget_lock_release_recursive
 .text.__smakebuf_r
                0x0800ad60       0xe0 f:/work/arm-none-eabi-gcc/gcc-arm-none-eabi-10.3-2021.10-win32/gcc-arm-none-eabi-10.3-2021.10/bin/../lib/gcc/arm-none-eabi/10.3.1/../../../../arm-none-eabi/lib/thumb/v7e-m/nofp\libg.a(lib_a-makebuf.o)
                0x0800ad60                __smakebuf_r
 .text.__swhatbuf_r
                0x0800ae40       0x60 f:/work/arm-none-eabi-gcc/gcc-arm-none-eabi-10.3-2021.10-win32/gcc-arm-none-eabi-10.3-2021.10/bin/../lib/gcc/arm-none-eabi/10.3.1/../../../../arm-none-eabi/lib/thumb/v7e-m/nofp\libg.a(lib_a-makebuf.o)
                0x0800ae40                __swhatbuf_r
 .text.malloc   0x0800aea0       0x10 f:/work/arm-none-eabi-gcc/gcc-arm-none-eabi-10.3-2021.10-win32/gcc-arm-none-eabi-10.3-2021.10/bin/../lib/gcc/arm-none-eabi/10.3.1/../../../../arm-none-eabi/lib/thumb/v7e-m/nofp\libg.a(lib_a-malloc.o)
                0x0800aea0                malloc
 .text._malloc_r
                0x0800aeb0      0x560 f:/work/arm-none-eabi-gcc/gcc-arm-none-eabi-10.3-2021.10-win32/gcc-arm-none-eabi-10.3-2021.10/bin/../lib/gcc/arm-none-eabi/10.3.1/../../../../arm-none-eabi/lib/thumb/v7e-m/nofp\libg.a(lib_a-mallocr.o)
                0x0800aeb0                _malloc_r
 .text.memmove  0x0800b410       0xf8 f:/work/arm-none-eabi-gcc/gcc-arm-none-eabi-10.3-2021.10-win32/gcc-arm-none-eabi-10.3-2021.10/bin/../lib/gcc/arm-none-eabi/10.3.1/../../../../arm-none-eabi/lib/thumb/v7e-m/nofp\libg.a(lib_a-memmove.o)
                0x0800b410                memmove
 .text.__malloc_lock
                0x0800b508        0xc f:/work/arm-none-eabi-gcc/gcc-arm-none-eabi-10.3-2021.10-win32/gcc-arm-none-eabi-10.3-2021.10/bin/../lib/gcc/arm-none-eabi/10.3.1/../../../../arm-none-eabi/lib/thumb/v7e-m/nofp\libg.a(lib_a-mlock.o)
                0x0800b508                __malloc_lock
 .text.__malloc_unlock
                0x0800b514        0xc f:/work/arm-none-eabi-gcc/gcc-arm-none-eabi-10.3-2021.10-win32/gcc-arm-none-eabi-10.3-2021.10/bin/../lib/gcc/arm-none-eabi/10.3.1/../../../../arm-none-eabi/lib/thumb/v7e-m/nofp\libg.a(lib_a-mlock.o)
                0x0800b514                __malloc_unlock
 .text._Balloc  0x0800b520       0x4c f:/work/arm-none-eabi-gcc/gcc-arm-none-eabi-10.3-2021.10-win32/gcc-arm-none-eabi-10.3-2021.10/bin/../lib/gcc/arm-none-eabi/10.3.1/../../../../arm-none-eabi/lib/thumb/v7e-m/nofp\libg.a(lib_a-mprec.o)
                0x0800b520                _Balloc
 .text._Bfree   0x0800b56c       0x14 f:/work/arm-none-eabi-gcc/gcc-arm-none-eabi-10.3-2021.10-win32/gcc-arm-none-eabi-10.3-2021.10/bin/../lib/gcc/arm-none-eabi/10.3.1/../../../../arm-none-eabi/lib/thumb/v7e-m/nofp\libg.a(lib_a-mprec.o)
                0x0800b56c                _Bfree
 .text.__multadd
                0x0800b580       0xa0 f:/work/arm-none-eabi-gcc/gcc-arm-none-eabi-10.3-2021.10-win32/gcc-arm-none-eabi-10.3-2021.10/bin/../lib/gcc/arm-none-eabi/10.3.1/../../../../arm-none-eabi/lib/thumb/v7e-m/nofp\libg.a(lib_a-mprec.o)
                0x0800b580                __multadd
 .text.__hi0bits
                0x0800b620       0x40 f:/work/arm-none-eabi-gcc/gcc-arm-none-eabi-10.3-2021.10-win32/gcc-arm-none-eabi-10.3-2021.10/bin/../lib/gcc/arm-none-eabi/10.3.1/../../../../arm-none-eabi/lib/thumb/v7e-m/nofp\libg.a(lib_a-mprec.o)
                0x0800b620                __hi0bits
 .text.__lo0bits
                0x0800b660       0x5c f:/work/arm-none-eabi-gcc/gcc-arm-none-eabi-10.3-2021.10-win32/gcc-arm-none-eabi-10.3-2021.10/bin/../lib/gcc/arm-none-eabi/10.3.1/../../../../arm-none-eabi/lib/thumb/v7e-m/nofp\libg.a(lib_a-mprec.o)
                0x0800b660                __lo0bits
 .text.__i2b    0x0800b6bc       0x5c f:/work/arm-none-eabi-gcc/gcc-arm-none-eabi-10.3-2021.10-win32/gcc-arm-none-eabi-10.3-2021.10/bin/../lib/gcc/arm-none-eabi/10.3.1/../../../../arm-none-eabi/lib/thumb/v7e-m/nofp\libg.a(lib_a-mprec.o)
                0x0800b6bc                __i2b
 .text.__multiply
                0x0800b718      0x15c f:/work/arm-none-eabi-gcc/gcc-arm-none-eabi-10.3-2021.10-win32/gcc-arm-none-eabi-10.3-2021.10/bin/../lib/gcc/arm-none-eabi/10.3.1/../../../../arm-none-eabi/lib/thumb/v7e-m/nofp\libg.a(lib_a-mprec.o)
                0x0800b718                __multiply
 .text.__pow5mult
                0x0800b874       0xc0 f:/work/arm-none-eabi-gcc/gcc-arm-none-eabi-10.3-2021.10-win32/gcc-arm-none-eabi-10.3-2021.10/bin/../lib/gcc/arm-none-eabi/10.3.1/../../../../arm-none-eabi/lib/thumb/v7e-m/nofp\libg.a(lib_a-mprec.o)
                0x0800b874                __pow5mult
 .text.__lshift
                0x0800b934       0xf0 f:/work/arm-none-eabi-gcc/gcc-arm-none-eabi-10.3-2021.10-win32/gcc-arm-none-eabi-10.3-2021.10/bin/../lib/gcc/arm-none-eabi/10.3.1/../../../../arm-none-eabi/lib/thumb/v7e-m/nofp\libg.a(lib_a-mprec.o)
                0x0800b934                __lshift
 .text.__mcmp   0x0800ba24       0x40 f:/work/arm-none-eabi-gcc/gcc-arm-none-eabi-10.3-2021.10-win32/gcc-arm-none-eabi-10.3-2021.10/bin/../lib/gcc/arm-none-eabi/10.3.1/../../../../arm-none-eabi/lib/thumb/v7e-m/nofp\libg.a(lib_a-mprec.o)
                0x0800ba24                __mcmp
 .text.__mdiff  0x0800ba64      0x14c f:/work/arm-none-eabi-gcc/gcc-arm-none-eabi-10.3-2021.10-win32/gcc-arm-none-eabi-10.3-2021.10/bin/../lib/gcc/arm-none-eabi/10.3.1/../../../../arm-none-eabi/lib/thumb/v7e-m/nofp\libg.a(lib_a-mprec.o)
                0x0800ba64                __mdiff
 .text.__d2b    0x0800bbb0       0xc4 f:/work/arm-none-eabi-gcc/gcc-arm-none-eabi-10.3-2021.10-win32/gcc-arm-none-eabi-10.3-2021.10/bin/../lib/gcc/arm-none-eabi/10.3.1/../../../../arm-none-eabi/lib/thumb/v7e-m/nofp\libg.a(lib_a-mprec.o)
                0x0800bbb0                __d2b
 .text._realloc_r
                0x0800bc74      0x3d8 f:/work/arm-none-eabi-gcc/gcc-arm-none-eabi-10.3-2021.10-win32/gcc-arm-none-eabi-10.3-2021.10/bin/../lib/gcc/arm-none-eabi/10.3.1/../../../../arm-none-eabi/lib/thumb/v7e-m/nofp\libg.a(lib_a-reallocr.o)
                0x0800bc74                _realloc_r
 .text.frexp    0x0800c04c       0x70 f:/work/arm-none-eabi-gcc/gcc-arm-none-eabi-10.3-2021.10-win32/gcc-arm-none-eabi-10.3-2021.10/bin/../lib/gcc/arm-none-eabi/10.3.1/../../../../arm-none-eabi/lib/thumb/v7e-m/nofp\libg.a(lib_a-s_frexp.o)
                0x0800c04c                frexp
 .text._sbrk_r  0x0800c0bc       0x24 f:/work/arm-none-eabi-gcc/gcc-arm-none-eabi-10.3-2021.10-win32/gcc-arm-none-eabi-10.3-2021.10/bin/../lib/gcc/arm-none-eabi/10.3.1/../../../../arm-none-eabi/lib/thumb/v7e-m/nofp\libg.a(lib_a-sbrkr.o)
                0x0800c0bc                _sbrk_r
 .text.__sread  0x0800c0e0       0x24 f:/work/arm-none-eabi-gcc/gcc-arm-none-eabi-10.3-2021.10-win32/gcc-arm-none-eabi-10.3-2021.10/bin/../lib/gcc/arm-none-eabi/10.3.1/../../../../arm-none-eabi/lib/thumb/v7e-m/nofp\libg.a(lib_a-stdio.o)
                0x0800c0e0                __sread
 .text.__swrite
                0x0800c104       0x40 f:/work/arm-none-eabi-gcc/gcc-arm-none-eabi-10.3-2021.10-win32/gcc-arm-none-eabi-10.3-2021.10/bin/../lib/gcc/arm-none-eabi/10.3.1/../../../../arm-none-eabi/lib/thumb/v7e-m/nofp\libg.a(lib_a-stdio.o)
                0x0800c104                __swrite
 .text.__sseek  0x0800c144       0x20 f:/work/arm-none-eabi-gcc/gcc-arm-none-eabi-10.3-2021.10-win32/gcc-arm-none-eabi-10.3-2021.10/bin/../lib/gcc/arm-none-eabi/10.3.1/../../../../arm-none-eabi/lib/thumb/v7e-m/nofp\libg.a(lib_a-stdio.o)
                0x0800c144                __sseek
 .text.__sclose
                0x0800c164        0x8 f:/work/arm-none-eabi-gcc/gcc-arm-none-eabi-10.3-2021.10-win32/gcc-arm-none-eabi-10.3-2021.10/bin/../lib/gcc/arm-none-eabi/10.3.1/../../../../arm-none-eabi/lib/thumb/v7e-m/nofp\libg.a(lib_a-stdio.o)
                0x0800c164                __sclose
 .text.strncpy  0x0800c16c       0x64 f:/work/arm-none-eabi-gcc/gcc-arm-none-eabi-10.3-2021.10-win32/gcc-arm-none-eabi-10.3-2021.10/bin/../lib/gcc/arm-none-eabi/10.3.1/../../../../arm-none-eabi/lib/thumb/v7e-m/nofp\libg.a(lib_a-strncpy.o)
                0x0800c16c                strncpy
 .text.__sprint_r.part.0
                0x0800c1d0       0x78 f:/work/arm-none-eabi-gcc/gcc-arm-none-eabi-10.3-2021.10-win32/gcc-arm-none-eabi-10.3-2021.10/bin/../lib/gcc/arm-none-eabi/10.3.1/../../../../arm-none-eabi/lib/thumb/v7e-m/nofp\libg.a(lib_a-vfiprintf.o)
 .text.__sprint_r
                0x0800c248       0x14 f:/work/arm-none-eabi-gcc/gcc-arm-none-eabi-10.3-2021.10-win32/gcc-arm-none-eabi-10.3-2021.10/bin/../lib/gcc/arm-none-eabi/10.3.1/../../../../arm-none-eabi/lib/thumb/v7e-m/nofp\libg.a(lib_a-vfiprintf.o)
                0x0800c248                __sprint_r
 .text._vfiprintf_r
                0x0800c25c      0xda0 f:/work/arm-none-eabi-gcc/gcc-arm-none-eabi-10.3-2021.10-win32/gcc-arm-none-eabi-10.3-2021.10/bin/../lib/gcc/arm-none-eabi/10.3.1/../../../../arm-none-eabi/lib/thumb/v7e-m/nofp\libg.a(lib_a-vfiprintf.o)
                0x0800c25c                _vfiprintf_r
 .text.__sbprintf
                0x0800cffc       0x80 f:/work/arm-none-eabi-gcc/gcc-arm-none-eabi-10.3-2021.10-win32/gcc-arm-none-eabi-10.3-2021.10/bin/../lib/gcc/arm-none-eabi/10.3.1/../../../../arm-none-eabi/lib/thumb/v7e-m/nofp\libg.a(lib_a-vfiprintf.o)
 .text._write_r
                0x0800d07c       0x2c f:/work/arm-none-eabi-gcc/gcc-arm-none-eabi-10.3-2021.10-win32/gcc-arm-none-eabi-10.3-2021.10/bin/../lib/gcc/arm-none-eabi/10.3.1/../../../../arm-none-eabi/lib/thumb/v7e-m/nofp\libg.a(lib_a-writer.o)
                0x0800d07c                _write_r
 .text.__register_exitproc
                0x0800d0a8       0x8c f:/work/arm-none-eabi-gcc/gcc-arm-none-eabi-10.3-2021.10-win32/gcc-arm-none-eabi-10.3-2021.10/bin/../lib/gcc/arm-none-eabi/10.3.1/../../../../arm-none-eabi/lib/thumb/v7e-m/nofp\libg.a(lib_a-__atexit.o)
                0x0800d0a8                __register_exitproc
 .text.__assert_func
                0x0800d134       0x40 f:/work/arm-none-eabi-gcc/gcc-arm-none-eabi-10.3-2021.10-win32/gcc-arm-none-eabi-10.3-2021.10/bin/../lib/gcc/arm-none-eabi/10.3.1/../../../../arm-none-eabi/lib/thumb/v7e-m/nofp\libg.a(lib_a-assert.o)
                0x0800d134                __assert_func
 .text._calloc_r
                0x0800d174       0x78 f:/work/arm-none-eabi-gcc/gcc-arm-none-eabi-10.3-2021.10-win32/gcc-arm-none-eabi-10.3-2021.10/bin/../lib/gcc/arm-none-eabi/10.3.1/../../../../arm-none-eabi/lib/thumb/v7e-m/nofp\libg.a(lib_a-callocr.o)
                0x0800d174                _calloc_r
 .text._close_r
                0x0800d1ec       0x24 f:/work/arm-none-eabi-gcc/gcc-arm-none-eabi-10.3-2021.10-win32/gcc-arm-none-eabi-10.3-2021.10/bin/../lib/gcc/arm-none-eabi/10.3.1/../../../../arm-none-eabi/lib/thumb/v7e-m/nofp\libg.a(lib_a-closer.o)
                0x0800d1ec                _close_r
 .text._fclose_r
                0x0800d210       0xcc f:/work/arm-none-eabi-gcc/gcc-arm-none-eabi-10.3-2021.10-win32/gcc-arm-none-eabi-10.3-2021.10/bin/../lib/gcc/arm-none-eabi/10.3.1/../../../../arm-none-eabi/lib/thumb/v7e-m/nofp\libg.a(lib_a-fclose.o)
                0x0800d210                _fclose_r
 .text.fiprintf
                0x0800d2dc       0x28 f:/work/arm-none-eabi-gcc/gcc-arm-none-eabi-10.3-2021.10-win32/gcc-arm-none-eabi-10.3-2021.10/bin/../lib/gcc/arm-none-eabi/10.3.1/../../../../arm-none-eabi/lib/thumb/v7e-m/nofp\libg.a(lib_a-fiprintf.o)
                0x0800d2dc                fiprintf
 .text.__fputwc
                0x0800d304       0xa8 f:/work/arm-none-eabi-gcc/gcc-arm-none-eabi-10.3-2021.10-win32/gcc-arm-none-eabi-10.3-2021.10/bin/../lib/gcc/arm-none-eabi/10.3.1/../../../../arm-none-eabi/lib/thumb/v7e-m/nofp\libg.a(lib_a-fputwc.o)
                0x0800d304                __fputwc
 .text._fputwc_r
                0x0800d3ac       0x68 f:/work/arm-none-eabi-gcc/gcc-arm-none-eabi-10.3-2021.10-win32/gcc-arm-none-eabi-10.3-2021.10/bin/../lib/gcc/arm-none-eabi/10.3.1/../../../../arm-none-eabi/lib/thumb/v7e-m/nofp\libg.a(lib_a-fputwc.o)
                0x0800d3ac                _fputwc_r
 .text._fstat_r
                0x0800d414       0x2c f:/work/arm-none-eabi-gcc/gcc-arm-none-eabi-10.3-2021.10-win32/gcc-arm-none-eabi-10.3-2021.10/bin/../lib/gcc/arm-none-eabi/10.3.1/../../../../arm-none-eabi/lib/thumb/v7e-m/nofp\libg.a(lib_a-fstatr.o)
                0x0800d414                _fstat_r
 .text._isatty_r
                0x0800d440       0x24 f:/work/arm-none-eabi-gcc/gcc-arm-none-eabi-10.3-2021.10-win32/gcc-arm-none-eabi-10.3-2021.10/bin/../lib/gcc/arm-none-eabi/10.3.1/../../../../arm-none-eabi/lib/thumb/v7e-m/nofp\libg.a(lib_a-isattyr.o)
                0x0800d440                _isatty_r
 .text.__locale_mb_cur_max
                0x0800d464        0xc f:/work/arm-none-eabi-gcc/gcc-arm-none-eabi-10.3-2021.10-win32/gcc-arm-none-eabi-10.3-2021.10/bin/../lib/gcc/arm-none-eabi/10.3.1/../../../../arm-none-eabi/lib/thumb/v7e-m/nofp\libg.a(lib_a-locale.o)
                0x0800d464                __locale_mb_cur_max
 .text._lseek_r
                0x0800d470       0x2c f:/work/arm-none-eabi-gcc/gcc-arm-none-eabi-10.3-2021.10-win32/gcc-arm-none-eabi-10.3-2021.10/bin/../lib/gcc/arm-none-eabi/10.3.1/../../../../arm-none-eabi/lib/thumb/v7e-m/nofp\libg.a(lib_a-lseekr.o)
                0x0800d470                _lseek_r
 .text.__ascii_mbtowc
                0x0800d49c       0x2c f:/work/arm-none-eabi-gcc/gcc-arm-none-eabi-10.3-2021.10-win32/gcc-arm-none-eabi-10.3-2021.10/bin/../lib/gcc/arm-none-eabi/10.3.1/../../../../arm-none-eabi/lib/thumb/v7e-m/nofp\libg.a(lib_a-mbtowc_r.o)
                0x0800d49c                __ascii_mbtowc
 .text._read_r  0x0800d4c8       0x2c f:/work/arm-none-eabi-gcc/gcc-arm-none-eabi-10.3-2021.10-win32/gcc-arm-none-eabi-10.3-2021.10/bin/../lib/gcc/arm-none-eabi/10.3.1/../../../../arm-none-eabi/lib/thumb/v7e-m/nofp\libg.a(lib_a-readr.o)
                0x0800d4c8                _read_r
 .text.__swbuf_r
                0x0800d4f4       0xb0 f:/work/arm-none-eabi-gcc/gcc-arm-none-eabi-10.3-2021.10-win32/gcc-arm-none-eabi-10.3-2021.10/bin/../lib/gcc/arm-none-eabi/10.3.1/../../../../arm-none-eabi/lib/thumb/v7e-m/nofp\libg.a(lib_a-wbuf.o)
                0x0800d4f4                __swbuf_r
 .text._wcrtomb_r
                0x0800d5a4       0x3c f:/work/arm-none-eabi-gcc/gcc-arm-none-eabi-10.3-2021.10-win32/gcc-arm-none-eabi-10.3-2021.10/bin/../lib/gcc/arm-none-eabi/10.3.1/../../../../arm-none-eabi/lib/thumb/v7e-m/nofp\libg.a(lib_a-wcrtomb.o)
                0x0800d5a4                _wcrtomb_r
 .text.__ascii_wctomb
                0x0800d5e0       0x1c f:/work/arm-none-eabi-gcc/gcc-arm-none-eabi-10.3-2021.10-win32/gcc-arm-none-eabi-10.3-2021.10/bin/../lib/gcc/arm-none-eabi/10.3.1/../../../../arm-none-eabi/lib/thumb/v7e-m/nofp\libg.a(lib_a-wctomb_r.o)
                0x0800d5e0                __ascii_wctomb
 .text.abort    0x0800d5fc       0x10 f:/work/arm-none-eabi-gcc/gcc-arm-none-eabi-10.3-2021.10-win32/gcc-arm-none-eabi-10.3-2021.10/bin/../lib/gcc/arm-none-eabi/10.3.1/../../../../arm-none-eabi/lib/thumb/v7e-m/nofp\libg.a(lib_a-abort.o)
                0x0800d5fc                abort
 .text.raise    0x0800d60c       0x5c f:/work/arm-none-eabi-gcc/gcc-arm-none-eabi-10.3-2021.10-win32/gcc-arm-none-eabi-10.3-2021.10/bin/../lib/gcc/arm-none-eabi/10.3.1/../../../../arm-none-eabi/lib/thumb/v7e-m/nofp\libg.a(lib_a-signal.o)
                0x0800d60c                raise
 .text._kill_r  0x0800d668       0x2c f:/work/arm-none-eabi-gcc/gcc-arm-none-eabi-10.3-2021.10-win32/gcc-arm-none-eabi-10.3-2021.10/bin/../lib/gcc/arm-none-eabi/10.3.1/../../../../arm-none-eabi/lib/thumb/v7e-m/nofp\libg.a(lib_a-signalr.o)
                0x0800d668                _kill_r
 .text._getpid_r
                0x0800d694        0x4 f:/work/arm-none-eabi-gcc/gcc-arm-none-eabi-10.3-2021.10-win32/gcc-arm-none-eabi-10.3-2021.10/bin/../lib/gcc/arm-none-eabi/10.3.1/../../../../arm-none-eabi/lib/thumb/v7e-m/nofp\libg.a(lib_a-signalr.o)
                0x0800d694                _getpid_r
 *(.glue_7)
 .glue_7        0x0800d698        0x0 linker stubs
 *(.glue_7t)
 .glue_7t       0x0800d698        0x0 linker stubs
 *(.eh_frame)
 .eh_frame      0x0800d698        0x0 f:/work/arm-none-eabi-gcc/gcc-arm-none-eabi-10.3-2021.10-win32/gcc-arm-none-eabi-10.3-2021.10/bin/../lib/gcc/arm-none-eabi/10.3.1/thumb/v7e-m/nofp/crtbegin.o
 *(.init)
 .init          0x0800d698        0x4 f:/work/arm-none-eabi-gcc/gcc-arm-none-eabi-10.3-2021.10-win32/gcc-arm-none-eabi-10.3-2021.10/bin/../lib/gcc/arm-none-eabi/10.3.1/thumb/v7e-m/nofp/crti.o
                0x0800d698                _init
 .init          0x0800d69c        0x8 f:/work/arm-none-eabi-gcc/gcc-arm-none-eabi-10.3-2021.10-win32/gcc-arm-none-eabi-10.3-2021.10/bin/../lib/gcc/arm-none-eabi/10.3.1/thumb/v7e-m/nofp/crtn.o
 *(.fini)
 .fini          0x0800d6a4        0x4 f:/work/arm-none-eabi-gcc/gcc-arm-none-eabi-10.3-2021.10-win32/gcc-arm-none-eabi-10.3-2021.10/bin/../lib/gcc/arm-none-eabi/10.3.1/thumb/v7e-m/nofp/crti.o
                0x0800d6a4                _fini
 .fini          0x0800d6a8        0x8 f:/work/arm-none-eabi-gcc/gcc-arm-none-eabi-10.3-2021.10-win32/gcc-arm-none-eabi-10.3-2021.10/bin/../lib/gcc/arm-none-eabi/10.3.1/thumb/v7e-m/nofp/crtn.o
                0x0800d6b0                . = ALIGN (0x4)
                0x0800d6b0                _etext = .

.vfp11_veneer   0x0800d6b0        0x0
 .vfp11_veneer  0x0800d6b0        0x0 linker stubs

.v4_bx          0x0800d6b0        0x0
 .v4_bx         0x0800d6b0        0x0 linker stubs

.iplt           0x0800d6b0        0x0
 .iplt          0x0800d6b0        0x0 f:/work/arm-none-eabi-gcc/gcc-arm-none-eabi-10.3-2021.10-win32/gcc-arm-none-eabi-10.3-2021.10/bin/../lib/gcc/arm-none-eabi/10.3.1/thumb/v7e-m/nofp/crtbegin.o

.rodata         0x0800d6b0      0x478
                0x0800d6b0                . = ALIGN (0x4)
 *(.rodata)
 *(.rodata*)
 .rodata.SPI1_ReadBytes.str1.4
                0x0800d6b0       0x35 CMakeFiles/9268+S15909.elf.dir/Core/Src/AD9268.c.obj
 *fill*         0x0800d6e5        0x3 
 .rodata.main.str1.4
                0x0800d6e8        0x5 CMakeFiles/9268+S15909.elf.dir/Core/Src/main.c.obj
 *fill*         0x0800d6ed        0x3 
 .rodata.D1CorePrescTable
                0x0800d6f0       0x10 CMakeFiles/9268+S15909.elf.dir/Core/Src/system_stm32h7xx.c.obj
                0x0800d6f0                D1CorePrescTable
 .rodata.UARTPrescTable
                0x0800d700       0x18 CMakeFiles/9268+S15909.elf.dir/Drivers/STM32H7xx_HAL_Driver/Src/stm32h7xx_hal_uart.c.obj
                0x0800d700                UARTPrescTable
 .rodata.denominator.0
                0x0800d718        0x8 CMakeFiles/9268+S15909.elf.dir/Drivers/STM32H7xx_HAL_Driver/Src/stm32h7xx_hal_uart_ex.c.obj
 .rodata.numerator.1
                0x0800d720        0x8 CMakeFiles/9268+S15909.elf.dir/Drivers/STM32H7xx_HAL_Driver/Src/stm32h7xx_hal_uart_ex.c.obj
 .rodata._global_impure_ptr
                0x0800d728        0x4 f:/work/arm-none-eabi-gcc/gcc-arm-none-eabi-10.3-2021.10-win32/gcc-arm-none-eabi-10.3-2021.10/bin/../lib/gcc/arm-none-eabi/10.3.1/../../../../arm-none-eabi/lib/thumb/v7e-m/nofp\libg.a(lib_a-impure.o)
                0x0800d728                _global_impure_ptr
 .rodata._puts_r.str1.4
                0x0800d72c        0x2 f:/work/arm-none-eabi-gcc/gcc-arm-none-eabi-10.3-2021.10-win32/gcc-arm-none-eabi-10.3-2021.10/bin/../lib/gcc/arm-none-eabi/10.3.1/../../../../arm-none-eabi/lib/thumb/v7e-m/nofp\libg.a(lib_a-puts.o)
 *fill*         0x0800d72e        0x2 
 .rodata._vfprintf_r.str1.4
                0x0800d730       0x42 f:/work/arm-none-eabi-gcc/gcc-arm-none-eabi-10.3-2021.10-win32/gcc-arm-none-eabi-10.3-2021.10/bin/../lib/gcc/arm-none-eabi/10.3.1/../../../../arm-none-eabi/lib/thumb/v7e-m/nofp\libg.a(lib_a-vfprintf.o)
 *fill*         0x0800d772        0x2 
 .rodata.blanks.1
                0x0800d774       0x10 f:/work/arm-none-eabi-gcc/gcc-arm-none-eabi-10.3-2021.10-win32/gcc-arm-none-eabi-10.3-2021.10/bin/../lib/gcc/arm-none-eabi/10.3.1/../../../../arm-none-eabi/lib/thumb/v7e-m/nofp\libg.a(lib_a-vfprintf.o)
 .rodata.zeroes.0
                0x0800d784       0x10 f:/work/arm-none-eabi-gcc/gcc-arm-none-eabi-10.3-2021.10-win32/gcc-arm-none-eabi-10.3-2021.10/bin/../lib/gcc/arm-none-eabi/10.3.1/../../../../arm-none-eabi/lib/thumb/v7e-m/nofp\libg.a(lib_a-vfprintf.o)
 .rodata._dtoa_r.str1.4
                0x0800d794       0xa2 f:/work/arm-none-eabi-gcc/gcc-arm-none-eabi-10.3-2021.10-win32/gcc-arm-none-eabi-10.3-2021.10/bin/../lib/gcc/arm-none-eabi/10.3.1/../../../../arm-none-eabi/lib/thumb/v7e-m/nofp\libg.a(lib_a-dtoa.o)
                                 0xa6 (size before relaxing)
 *fill*         0x0800d836        0x2 
 .rodata.__multadd.str1.4
                0x0800d838       0x7f f:/work/arm-none-eabi-gcc/gcc-arm-none-eabi-10.3-2021.10-win32/gcc-arm-none-eabi-10.3-2021.10/bin/../lib/gcc/arm-none-eabi/10.3.1/../../../../arm-none-eabi/lib/thumb/v7e-m/nofp\libg.a(lib_a-mprec.o)
                                 0x93 (size before relaxing)
 *fill*         0x0800d8b7        0x1 
 .rodata.__mprec_bigtens
                0x0800d8b8       0x28 f:/work/arm-none-eabi-gcc/gcc-arm-none-eabi-10.3-2021.10-win32/gcc-arm-none-eabi-10.3-2021.10/bin/../lib/gcc/arm-none-eabi/10.3.1/../../../../arm-none-eabi/lib/thumb/v7e-m/nofp\libg.a(lib_a-mprec.o)
                0x0800d8b8                __mprec_bigtens
 .rodata.__mprec_tens
                0x0800d8e0       0xc8 f:/work/arm-none-eabi-gcc/gcc-arm-none-eabi-10.3-2021.10-win32/gcc-arm-none-eabi-10.3-2021.10/bin/../lib/gcc/arm-none-eabi/10.3.1/../../../../arm-none-eabi/lib/thumb/v7e-m/nofp\libg.a(lib_a-mprec.o)
                0x0800d8e0                __mprec_tens
 .rodata.p05.0  0x0800d9a8        0xc f:/work/arm-none-eabi-gcc/gcc-arm-none-eabi-10.3-2021.10-win32/gcc-arm-none-eabi-10.3-2021.10/bin/../lib/gcc/arm-none-eabi/10.3.1/../../../../arm-none-eabi/lib/thumb/v7e-m/nofp\libg.a(lib_a-mprec.o)
 .rodata._vfiprintf_r.str1.4
                0x0800d9b4       0x2f f:/work/arm-none-eabi-gcc/gcc-arm-none-eabi-10.3-2021.10-win32/gcc-arm-none-eabi-10.3-2021.10/bin/../lib/gcc/arm-none-eabi/10.3.1/../../../../arm-none-eabi/lib/thumb/v7e-m/nofp\libg.a(lib_a-vfiprintf.o)
 .rodata.blanks.1
                0x0800d9b4       0x10 f:/work/arm-none-eabi-gcc/gcc-arm-none-eabi-10.3-2021.10-win32/gcc-arm-none-eabi-10.3-2021.10/bin/../lib/gcc/arm-none-eabi/10.3.1/../../../../arm-none-eabi/lib/thumb/v7e-m/nofp\libg.a(lib_a-vfiprintf.o)
 .rodata.zeroes.0
                0x0800d9c4       0x10 f:/work/arm-none-eabi-gcc/gcc-arm-none-eabi-10.3-2021.10-win32/gcc-arm-none-eabi-10.3-2021.10/bin/../lib/gcc/arm-none-eabi/10.3.1/../../../../arm-none-eabi/lib/thumb/v7e-m/nofp\libg.a(lib_a-vfiprintf.o)
 .rodata.__assert_func.str1.4
                0x0800d9d4       0x3f f:/work/arm-none-eabi-gcc/gcc-arm-none-eabi-10.3-2021.10-win32/gcc-arm-none-eabi-10.3-2021.10/bin/../lib/gcc/arm-none-eabi/10.3.1/../../../../arm-none-eabi/lib/thumb/v7e-m/nofp\libg.a(lib_a-assert.o)
                                 0x43 (size before relaxing)
 *fill*         0x0800da13        0x1 
 .rodata._setlocale_r.str1.4
                0x0800da14        0xa f:/work/arm-none-eabi-gcc/gcc-arm-none-eabi-10.3-2021.10-win32/gcc-arm-none-eabi-10.3-2021.10/bin/../lib/gcc/arm-none-eabi/10.3.1/../../../../arm-none-eabi/lib/thumb/v7e-m/nofp\libg.a(lib_a-locale.o)
                                  0xd (size before relaxing)
 *fill*         0x0800da1e        0x2 
 .rodata.str1.4
                0x0800da20        0x2 f:/work/arm-none-eabi-gcc/gcc-arm-none-eabi-10.3-2021.10-win32/gcc-arm-none-eabi-10.3-2021.10/bin/../lib/gcc/arm-none-eabi/10.3.1/../../../../arm-none-eabi/lib/thumb/v7e-m/nofp\libg.a(lib_a-locale.o)
 *fill*         0x0800da22        0x2 
 .rodata._ctype_
                0x0800da24      0x101 f:/work/arm-none-eabi-gcc/gcc-arm-none-eabi-10.3-2021.10-win32/gcc-arm-none-eabi-10.3-2021.10/bin/../lib/gcc/arm-none-eabi/10.3.1/../../../../arm-none-eabi/lib/thumb/v7e-m/nofp\libg.a(lib_a-ctype_.o)
                0x0800da24                _ctype_
                0x0800db28                . = ALIGN (0x4)
 *fill*         0x0800db25        0x3 

.ARM.extab
 *(.ARM.extab* .gnu.linkonce.armextab.*)

.ARM            0x0800db28        0x8
                0x0800db28                __exidx_start = .
 *(.ARM.exidx*)
 .ARM.exidx     0x0800db28        0x8 f:/work/arm-none-eabi-gcc/gcc-arm-none-eabi-10.3-2021.10-win32/gcc-arm-none-eabi-10.3-2021.10/bin/../lib/gcc/arm-none-eabi/10.3.1/thumb/v7e-m/nofp\libgcc.a(_udivmoddi4.o)
                0x0800db30                __exidx_end = .

.rel.dyn        0x0800db30        0x0
 .rel.iplt      0x0800db30        0x0 f:/work/arm-none-eabi-gcc/gcc-arm-none-eabi-10.3-2021.10-win32/gcc-arm-none-eabi-10.3-2021.10/bin/../lib/gcc/arm-none-eabi/10.3.1/thumb/v7e-m/nofp/crtbegin.o

.preinit_array  0x0800db30        0x0
                0x0800db30                PROVIDE (__preinit_array_start = .)
 *(.preinit_array*)
                0x0800db30                PROVIDE (__preinit_array_end = .)

.init_array     0x0800db30        0x8
                0x0800db30                PROVIDE (__init_array_start = .)
 *(SORT_BY_NAME(.init_array.*))
 .init_array.00000
                0x0800db30        0x4 f:/work/arm-none-eabi-gcc/gcc-arm-none-eabi-10.3-2021.10-win32/gcc-arm-none-eabi-10.3-2021.10/bin/../lib/gcc/arm-none-eabi/10.3.1/../../../../arm-none-eabi/lib/thumb/v7e-m/nofp\libg.a(lib_a-__call_atexit.o)
 *(.init_array*)
 .init_array    0x0800db34        0x4 f:/work/arm-none-eabi-gcc/gcc-arm-none-eabi-10.3-2021.10-win32/gcc-arm-none-eabi-10.3-2021.10/bin/../lib/gcc/arm-none-eabi/10.3.1/thumb/v7e-m/nofp/crtbegin.o
                0x0800db38                PROVIDE (__init_array_end = .)

.fini_array     0x0800db38        0x4
                0x0800db38                PROVIDE (__fini_array_start = .)
 *(SORT_BY_NAME(.fini_array.*))
 *(.fini_array*)
 .fini_array    0x0800db38        0x4 f:/work/arm-none-eabi-gcc/gcc-arm-none-eabi-10.3-2021.10-win32/gcc-arm-none-eabi-10.3-2021.10/bin/../lib/gcc/arm-none-eabi/10.3.1/thumb/v7e-m/nofp/crtbegin.o
                0x0800db3c                PROVIDE (__fini_array_end = .)
                0x0800db3c                _sidata = LOADADDR (.data)

.data           0x24000000      0x9c0 load address 0x0800db3c
                0x24000000                . = ALIGN (0x4)
                0x24000000                _sdata = .
 *(.data)
 *(.data*)
 .data.SystemCoreClock
                0x24000000        0x4 CMakeFiles/9268+S15909.elf.dir/Core/Src/system_stm32h7xx.c.obj
                0x24000000                SystemCoreClock
 .data.SystemD2Clock
                0x24000004        0x4 CMakeFiles/9268+S15909.elf.dir/Core/Src/system_stm32h7xx.c.obj
                0x24000004                SystemD2Clock
 .data.uwTickFreq
                0x24000008        0x1 CMakeFiles/9268+S15909.elf.dir/Drivers/STM32H7xx_HAL_Driver/Src/stm32h7xx_hal.c.obj
                0x24000008                uwTickFreq
 *fill*         0x24000009        0x3 
 .data.uwTickPrio
                0x2400000c        0x4 CMakeFiles/9268+S15909.elf.dir/Drivers/STM32H7xx_HAL_Driver/Src/stm32h7xx_hal.c.obj
                0x2400000c                uwTickPrio
 .data._impure_ptr
                0x24000010        0x4 f:/work/arm-none-eabi-gcc/gcc-arm-none-eabi-10.3-2021.10-win32/gcc-arm-none-eabi-10.3-2021.10/bin/../lib/gcc/arm-none-eabi/10.3.1/../../../../arm-none-eabi/lib/thumb/v7e-m/nofp\libg.a(lib_a-impure.o)
                0x24000010                _impure_ptr
 *fill*         0x24000014        0x4 
 .data.impure_data
                0x24000018      0x428 f:/work/arm-none-eabi-gcc/gcc-arm-none-eabi-10.3-2021.10-win32/gcc-arm-none-eabi-10.3-2021.10/bin/../lib/gcc/arm-none-eabi/10.3.1/../../../../arm-none-eabi/lib/thumb/v7e-m/nofp\libg.a(lib_a-impure.o)
 .data.__atexit_recursive_mutex
                0x24000440        0x4 f:/work/arm-none-eabi-gcc/gcc-arm-none-eabi-10.3-2021.10-win32/gcc-arm-none-eabi-10.3-2021.10/bin/../lib/gcc/arm-none-eabi/10.3.1/../../../../arm-none-eabi/lib/thumb/v7e-m/nofp\libg.a(lib_a-__call_atexit.o)
                0x24000440                __atexit_recursive_mutex
 .data.__malloc_av_
                0x24000444      0x408 f:/work/arm-none-eabi-gcc/gcc-arm-none-eabi-10.3-2021.10-win32/gcc-arm-none-eabi-10.3-2021.10/bin/../lib/gcc/arm-none-eabi/10.3.1/../../../../arm-none-eabi/lib/thumb/v7e-m/nofp\libg.a(lib_a-mallocr.o)
                0x24000444                __malloc_av_
 .data.__malloc_sbrk_base
                0x2400084c        0x4 f:/work/arm-none-eabi-gcc/gcc-arm-none-eabi-10.3-2021.10-win32/gcc-arm-none-eabi-10.3-2021.10/bin/../lib/gcc/arm-none-eabi/10.3.1/../../../../arm-none-eabi/lib/thumb/v7e-m/nofp\libg.a(lib_a-mallocr.o)
                0x2400084c                __malloc_sbrk_base
 .data.__malloc_trim_threshold
                0x24000850        0x4 f:/work/arm-none-eabi-gcc/gcc-arm-none-eabi-10.3-2021.10-win32/gcc-arm-none-eabi-10.3-2021.10/bin/../lib/gcc/arm-none-eabi/10.3.1/../../../../arm-none-eabi/lib/thumb/v7e-m/nofp\libg.a(lib_a-mallocr.o)
                0x24000850                __malloc_trim_threshold
 .data.__global_locale
                0x24000854      0x16c f:/work/arm-none-eabi-gcc/gcc-arm-none-eabi-10.3-2021.10-win32/gcc-arm-none-eabi-10.3-2021.10/bin/../lib/gcc/arm-none-eabi/10.3.1/../../../../arm-none-eabi/lib/thumb/v7e-m/nofp\libg.a(lib_a-locale.o)
                0x24000854                __global_locale
 *(.RamFunc)
 *(.RamFunc*)
                0x240009c0                . = ALIGN (0x4)
                0x240009c0                _edata = .

.igot.plt       0x240009c0        0x0 load address 0x0800e4fc
 .igot.plt      0x240009c0        0x0 f:/work/arm-none-eabi-gcc/gcc-arm-none-eabi-10.3-2021.10-win32/gcc-arm-none-eabi-10.3-2021.10/bin/../lib/gcc/arm-none-eabi/10.3.1/thumb/v7e-m/nofp/crtbegin.o
                0x240009c0                . = ALIGN (0x4)

.bss            0x240009c0      0x3d0 load address 0x0800e4fc
                0x240009c0                _sbss = .
                0x240009c0                __bss_start__ = _sbss
 *(.bss)
 .bss           0x240009c0       0x1c f:/work/arm-none-eabi-gcc/gcc-arm-none-eabi-10.3-2021.10-win32/gcc-arm-none-eabi-10.3-2021.10/bin/../lib/gcc/arm-none-eabi/10.3.1/thumb/v7e-m/nofp/crtbegin.o
 *(.bss*)
 .bss.SPI_RxBuf
                0x240009dc       0x10 CMakeFiles/9268+S15909.elf.dir/Core/Src/AD9268.c.obj
                0x240009dc                SPI_RxBuf
 .bss.SPI_TxBuf
                0x240009ec      0x100 CMakeFiles/9268+S15909.elf.dir/Core/Src/AD9268.c.obj
                0x240009ec                SPI_TxBuf
 .bss.gHuart    0x24000aec        0x4 CMakeFiles/9268+S15909.elf.dir/Core/Src/Retarget.c.obj
                0x24000aec                gHuart
 .bss.adc_16bit_value
                0x24000af0        0x2 CMakeFiles/9268+S15909.elf.dir/Core/Src/main.c.obj
                0x24000af0                adc_16bit_value
 *fill*         0x24000af2        0x2 
 .bss.hspi1     0x24000af4       0x88 CMakeFiles/9268+S15909.elf.dir/Core/Src/spi.c.obj
                0x24000af4                hspi1
 .bss.__sbrk_heap_end
                0x24000b7c        0x4 CMakeFiles/9268+S15909.elf.dir/Core/Src/sysmem.c.obj
 .bss.htim1     0x24000b80       0x4c CMakeFiles/9268+S15909.elf.dir/Core/Src/tim.c.obj
                0x24000b80                htim1
 .bss.htim2     0x24000bcc       0x4c CMakeFiles/9268+S15909.elf.dir/Core/Src/tim.c.obj
                0x24000bcc                htim2
 .bss.htim3     0x24000c18       0x4c CMakeFiles/9268+S15909.elf.dir/Core/Src/tim.c.obj
                0x24000c18                htim3
 .bss.htim4     0x24000c64       0x4c CMakeFiles/9268+S15909.elf.dir/Core/Src/tim.c.obj
                0x24000c64                htim4
 .bss.huart1    0x24000cb0       0x94 CMakeFiles/9268+S15909.elf.dir/Core/Src/usart.c.obj
                0x24000cb0                huart1
 .bss.uwTick    0x24000d44        0x4 CMakeFiles/9268+S15909.elf.dir/Drivers/STM32H7xx_HAL_Driver/Src/stm32h7xx_hal.c.obj
                0x24000d44                uwTick
 .bss.__lock___atexit_recursive_mutex
                0x24000d48        0x1 f:/work/arm-none-eabi-gcc/gcc-arm-none-eabi-10.3-2021.10-win32/gcc-arm-none-eabi-10.3-2021.10/bin/../lib/gcc/arm-none-eabi/10.3.1/../../../../arm-none-eabi/lib/thumb/v7e-m/nofp\libg.a(lib_a-lock.o)
                0x24000d48                __lock___atexit_recursive_mutex
 *fill*         0x24000d49        0x3 
 .bss.__lock___malloc_recursive_mutex
                0x24000d4c        0x1 f:/work/arm-none-eabi-gcc/gcc-arm-none-eabi-10.3-2021.10-win32/gcc-arm-none-eabi-10.3-2021.10/bin/../lib/gcc/arm-none-eabi/10.3.1/../../../../arm-none-eabi/lib/thumb/v7e-m/nofp\libg.a(lib_a-lock.o)
                0x24000d4c                __lock___malloc_recursive_mutex
 *fill*         0x24000d4d        0x3 
 .bss.__lock___sfp_recursive_mutex
                0x24000d50        0x1 f:/work/arm-none-eabi-gcc/gcc-arm-none-eabi-10.3-2021.10-win32/gcc-arm-none-eabi-10.3-2021.10/bin/../lib/gcc/arm-none-eabi/10.3.1/../../../../arm-none-eabi/lib/thumb/v7e-m/nofp\libg.a(lib_a-lock.o)
                0x24000d50                __lock___sfp_recursive_mutex
 *fill*         0x24000d51        0x3 
 .bss.__lock___sinit_recursive_mutex
                0x24000d54        0x1 f:/work/arm-none-eabi-gcc/gcc-arm-none-eabi-10.3-2021.10-win32/gcc-arm-none-eabi-10.3-2021.10/bin/../lib/gcc/arm-none-eabi/10.3.1/../../../../arm-none-eabi/lib/thumb/v7e-m/nofp\libg.a(lib_a-lock.o)
                0x24000d54                __lock___sinit_recursive_mutex
 *fill*         0x24000d55        0x3 
 .bss.__malloc_current_mallinfo
                0x24000d58       0x28 f:/work/arm-none-eabi-gcc/gcc-arm-none-eabi-10.3-2021.10-win32/gcc-arm-none-eabi-10.3-2021.10/bin/../lib/gcc/arm-none-eabi/10.3.1/../../../../arm-none-eabi/lib/thumb/v7e-m/nofp\libg.a(lib_a-mallocr.o)
                0x24000d58                __malloc_current_mallinfo
 .bss.__malloc_max_sbrked_mem
                0x24000d80        0x4 f:/work/arm-none-eabi-gcc/gcc-arm-none-eabi-10.3-2021.10-win32/gcc-arm-none-eabi-10.3-2021.10/bin/../lib/gcc/arm-none-eabi/10.3.1/../../../../arm-none-eabi/lib/thumb/v7e-m/nofp\libg.a(lib_a-mallocr.o)
                0x24000d80                __malloc_max_sbrked_mem
 .bss.__malloc_max_total_mem
                0x24000d84        0x4 f:/work/arm-none-eabi-gcc/gcc-arm-none-eabi-10.3-2021.10-win32/gcc-arm-none-eabi-10.3-2021.10/bin/../lib/gcc/arm-none-eabi/10.3.1/../../../../arm-none-eabi/lib/thumb/v7e-m/nofp\libg.a(lib_a-mallocr.o)
                0x24000d84                __malloc_max_total_mem
 .bss.__malloc_top_pad
                0x24000d88        0x4 f:/work/arm-none-eabi-gcc/gcc-arm-none-eabi-10.3-2021.10-win32/gcc-arm-none-eabi-10.3-2021.10/bin/../lib/gcc/arm-none-eabi/10.3.1/../../../../arm-none-eabi/lib/thumb/v7e-m/nofp\libg.a(lib_a-mallocr.o)
                0x24000d88                __malloc_top_pad
 .bss.errno     0x24000d8c        0x4 f:/work/arm-none-eabi-gcc/gcc-arm-none-eabi-10.3-2021.10-win32/gcc-arm-none-eabi-10.3-2021.10/bin/../lib/gcc/arm-none-eabi/10.3.1/../../../../arm-none-eabi/lib/thumb/v7e-m/nofp\libg.a(lib_a-reent.o)
                0x24000d8c                errno
 *(COMMON)
                0x24000d90                . = ALIGN (0x4)
                0x24000d90                _ebss = .
                0x24000d90                __bss_end__ = _ebss

._user_heap_stack
                0x24000d90      0x800 load address 0x0800e4fc
                0x24000d90                . = ALIGN (0x8)
                [!provide]                PROVIDE (end = .)
                0x24000d90                PROVIDE (_end = .)
                0x24001190                . = (. + _Min_Heap_Size)
 *fill*         0x24000d90      0x400 
                0x24001590                . = (. + _Min_Stack_Size)
 *fill*         0x24001190      0x400 
                0x24001590                . = ALIGN (0x8)

/DISCARD/
 libc.a(*)
 libm.a(*)
 libgcc.a(*)

.ARM.attributes
                0x00000000       0x2a
 *(.ARM.attributes)
 .ARM.attributes
                0x00000000       0x1e f:/work/arm-none-eabi-gcc/gcc-arm-none-eabi-10.3-2021.10-win32/gcc-arm-none-eabi-10.3-2021.10/bin/../lib/gcc/arm-none-eabi/10.3.1/thumb/v7e-m/nofp/crti.o
 .ARM.attributes
                0x0000001e       0x2e f:/work/arm-none-eabi-gcc/gcc-arm-none-eabi-10.3-2021.10-win32/gcc-arm-none-eabi-10.3-2021.10/bin/../lib/gcc/arm-none-eabi/10.3.1/thumb/v7e-m/nofp/crtbegin.o
 .ARM.attributes
                0x0000004c       0x2e CMakeFiles/9268+S15909.elf.dir/Core/Src/AD9268.c.obj
 .ARM.attributes
                0x0000007a       0x2e CMakeFiles/9268+S15909.elf.dir/Core/Src/Retarget.c.obj
 .ARM.attributes
                0x000000a8       0x2e CMakeFiles/9268+S15909.elf.dir/Core/Src/gpio.c.obj
 .ARM.attributes
                0x000000d6       0x2e CMakeFiles/9268+S15909.elf.dir/Core/Src/main.c.obj
 .ARM.attributes
                0x00000104       0x2e CMakeFiles/9268+S15909.elf.dir/Core/Src/spi.c.obj
 .ARM.attributes
                0x00000132       0x2e CMakeFiles/9268+S15909.elf.dir/Core/Src/stm32h7xx_hal_msp.c.obj
 .ARM.attributes
                0x00000160       0x2e CMakeFiles/9268+S15909.elf.dir/Core/Src/stm32h7xx_it.c.obj
 .ARM.attributes
                0x0000018e       0x2e CMakeFiles/9268+S15909.elf.dir/Core/Src/syscalls.c.obj
 .ARM.attributes
                0x000001bc       0x2e CMakeFiles/9268+S15909.elf.dir/Core/Src/sysmem.c.obj
 .ARM.attributes
                0x000001ea       0x2e CMakeFiles/9268+S15909.elf.dir/Core/Src/system_stm32h7xx.c.obj
 .ARM.attributes
                0x00000218       0x2e CMakeFiles/9268+S15909.elf.dir/Core/Src/tim.c.obj
 .ARM.attributes
                0x00000246       0x2e CMakeFiles/9268+S15909.elf.dir/Core/Src/usart.c.obj
 .ARM.attributes
                0x00000274       0x21 CMakeFiles/9268+S15909.elf.dir/Core/Startup/startup_stm32h750vbtx.s.obj
 .ARM.attributes
                0x00000295       0x2e CMakeFiles/9268+S15909.elf.dir/Drivers/STM32H7xx_HAL_Driver/Src/stm32h7xx_hal.c.obj
 .ARM.attributes
                0x000002c3       0x2e CMakeFiles/9268+S15909.elf.dir/Drivers/STM32H7xx_HAL_Driver/Src/stm32h7xx_hal_cortex.c.obj
 .ARM.attributes
                0x000002f1       0x2e CMakeFiles/9268+S15909.elf.dir/Drivers/STM32H7xx_HAL_Driver/Src/stm32h7xx_hal_dma.c.obj
 .ARM.attributes
                0x0000031f       0x2e CMakeFiles/9268+S15909.elf.dir/Drivers/STM32H7xx_HAL_Driver/Src/stm32h7xx_hal_gpio.c.obj
 .ARM.attributes
                0x0000034d       0x2e CMakeFiles/9268+S15909.elf.dir/Drivers/STM32H7xx_HAL_Driver/Src/stm32h7xx_hal_pwr_ex.c.obj
 .ARM.attributes
                0x0000037b       0x2e CMakeFiles/9268+S15909.elf.dir/Drivers/STM32H7xx_HAL_Driver/Src/stm32h7xx_hal_rcc.c.obj
 .ARM.attributes
                0x000003a9       0x2e CMakeFiles/9268+S15909.elf.dir/Drivers/STM32H7xx_HAL_Driver/Src/stm32h7xx_hal_rcc_ex.c.obj
 .ARM.attributes
                0x000003d7       0x2e CMakeFiles/9268+S15909.elf.dir/Drivers/STM32H7xx_HAL_Driver/Src/stm32h7xx_hal_spi.c.obj
 .ARM.attributes
                0x00000405       0x2e CMakeFiles/9268+S15909.elf.dir/Drivers/STM32H7xx_HAL_Driver/Src/stm32h7xx_hal_tim.c.obj
 .ARM.attributes
                0x00000433       0x2e CMakeFiles/9268+S15909.elf.dir/Drivers/STM32H7xx_HAL_Driver/Src/stm32h7xx_hal_tim_ex.c.obj
 .ARM.attributes
                0x00000461       0x2e CMakeFiles/9268+S15909.elf.dir/Drivers/STM32H7xx_HAL_Driver/Src/stm32h7xx_hal_uart.c.obj
 .ARM.attributes
                0x0000048f       0x2e CMakeFiles/9268+S15909.elf.dir/Drivers/STM32H7xx_HAL_Driver/Src/stm32h7xx_hal_uart_ex.c.obj
 .ARM.attributes
                0x000004bd       0x1e f:/work/arm-none-eabi-gcc/gcc-arm-none-eabi-10.3-2021.10-win32/gcc-arm-none-eabi-10.3-2021.10/bin/../lib/gcc/arm-none-eabi/10.3.1/thumb/v7e-m/nofp\libgcc.a(_arm_addsubsf3.o)
 .ARM.attributes
                0x000004db       0x1e f:/work/arm-none-eabi-gcc/gcc-arm-none-eabi-10.3-2021.10-win32/gcc-arm-none-eabi-10.3-2021.10/bin/../lib/gcc/arm-none-eabi/10.3.1/thumb/v7e-m/nofp\libgcc.a(_arm_muldivsf3.o)
 .ARM.attributes
                0x000004f9       0x1e f:/work/arm-none-eabi-gcc/gcc-arm-none-eabi-10.3-2021.10-win32/gcc-arm-none-eabi-10.3-2021.10/bin/../lib/gcc/arm-none-eabi/10.3.1/thumb/v7e-m/nofp\libgcc.a(_arm_fixunssfsi.o)
 .ARM.attributes
                0x00000517       0x1e f:/work/arm-none-eabi-gcc/gcc-arm-none-eabi-10.3-2021.10-win32/gcc-arm-none-eabi-10.3-2021.10/bin/../lib/gcc/arm-none-eabi/10.3.1/thumb/v7e-m/nofp\libgcc.a(_aeabi_uldivmod.o)
 .ARM.attributes
                0x00000535       0x2e f:/work/arm-none-eabi-gcc/gcc-arm-none-eabi-10.3-2021.10-win32/gcc-arm-none-eabi-10.3-2021.10/bin/../lib/gcc/arm-none-eabi/10.3.1/thumb/v7e-m/nofp\libgcc.a(_udivmoddi4.o)
 .ARM.attributes
                0x00000563       0x1e f:/work/arm-none-eabi-gcc/gcc-arm-none-eabi-10.3-2021.10-win32/gcc-arm-none-eabi-10.3-2021.10/bin/../lib/gcc/arm-none-eabi/10.3.1/thumb/v7e-m/nofp\libgcc.a(_dvmd_tls.o)
 .ARM.attributes